Component: ARM Compiler 6.16 Tool: armlink [5dfeaa00]

==============================================================================

Section Cross References

    startup_stm32wb35xx_cm4.o(STACK) refers (Special) to heapauxi.o(.text) for __use_two_region_memory
    startup_stm32wb35xx_cm4.o(HEAP) refers (Special) to heapauxi.o(.text) for __use_two_region_memory
    startup_stm32wb35xx_cm4.o(RESET) refers (Special) to heapauxi.o(.text) for __use_two_region_memory
    startup_stm32wb35xx_cm4.o(RESET) refers to startup_stm32wb35xx_cm4.o(STACK) for __initial_sp
    startup_stm32wb35xx_cm4.o(RESET) refers to startup_stm32wb35xx_cm4.o(.text) for Reset_Handler
    startup_stm32wb35xx_cm4.o(RESET) refers to stm32wbxx_it.o(.text.NMI_Handler) for NMI_Handler
    startup_stm32wb35xx_cm4.o(RESET) refers to stm32wbxx_it.o(.text.HardFault_Handler) for HardFault_Handler
    startup_stm32wb35xx_cm4.o(RESET) refers to stm32wbxx_it.o(.text.MemManage_Handler) for MemManage_Handler
    startup_stm32wb35xx_cm4.o(RESET) refers to stm32wbxx_it.o(.text.BusFault_Handler) for BusFault_Handler
    startup_stm32wb35xx_cm4.o(RESET) refers to stm32wbxx_it.o(.text.UsageFault_Handler) for UsageFault_Handler
    startup_stm32wb35xx_cm4.o(RESET) refers to stm32wbxx_it.o(.text.SVC_Handler) for SVC_Handler
    startup_stm32wb35xx_cm4.o(RESET) refers to stm32wbxx_it.o(.text.DebugMon_Handler) for DebugMon_Handler
    startup_stm32wb35xx_cm4.o(RESET) refers to stm32wbxx_it.o(.text.PendSV_Handler) for PendSV_Handler
    startup_stm32wb35xx_cm4.o(RESET) refers to stm32wbxx_it.o(.text.SysTick_Handler) for SysTick_Handler
    startup_stm32wb35xx_cm4.o(RESET) refers to stm32wbxx_it.o(.text.DMA1_Channel1_IRQHandler) for DMA1_Channel1_IRQHandler
    startup_stm32wb35xx_cm4.o(RESET) refers to stm32wbxx_it.o(.text.USB_LP_IRQHandler) for USB_LP_IRQHandler
    startup_stm32wb35xx_cm4.o(RESET) refers to stm32wbxx_it.o(.text.QUADSPI_IRQHandler) for QUADSPI_IRQHandler
    startup_stm32wb35xx_cm4.o(.text) refers (Special) to heapauxi.o(.text) for __use_two_region_memory
    startup_stm32wb35xx_cm4.o(.text) refers to system_stm32wbxx.o(.text.SystemInit) for SystemInit
    startup_stm32wb35xx_cm4.o(.text) refers to __main.o(!!!main) for __main
    startup_stm32wb35xx_cm4.o(.text) refers to startup_stm32wb35xx_cm4.o(HEAP) for Heap_Mem
    startup_stm32wb35xx_cm4.o(.text) refers to startup_stm32wb35xx_cm4.o(STACK) for Stack_Mem
    main.o(.text.nand_flash_test) refers to main.o(.data.introduction) for introduction
    main.o(.text.nand_flash_test) refers to aeabi_memset.o(.text) for __aeabi_memset
    main.o(.text.nand_flash_test) refers to nand_flash.o(.text.nand_flash_write_multi_page) for nand_flash_write_multi_page
    main.o(.text.nand_flash_test) refers to main.o(.bss.comp) for comp
    main.o(.text.nand_flash_test) refers to nand_flash.o(.text.nand_flash_read_page_from_cache) for nand_flash_read_page_from_cache
    main.o(.text.nand_flash_test) refers to memcmp.o(.text) for memcmp
    main.o(.text.nand_flash_test) refers to main.o(.bss.ok) for ok
    main.o(.text.nand_flash_test) refers to rt_memclr.o(.text) for __aeabi_memclr
    main.o(.text.nand_flash_test) refers to nand_flash.o(.text.nand_flash_erase_block) for nand_flash_erase_block
    main.o(.ARM.exidx.text.nand_flash_test) refers to main.o(.text.nand_flash_test) for [Anonymous Symbol]
    main.o(.text.fatfs_test) refers to main.o(.bss.fs) for fs
    main.o(.text.fatfs_test) refers to main.o(.rodata.str1.1) for .L.str
    main.o(.text.fatfs_test) refers to ff.o(.text.f_mount) for f_mount
    main.o(.text.fatfs_test) refers to main.o(.bss.buffer) for buffer
    main.o(.text.fatfs_test) refers to aeabi_memset.o(.text) for __aeabi_memset
    main.o(.text.fatfs_test) refers to main.o(.bss.formatWorkBuff) for formatWorkBuff
    main.o(.text.fatfs_test) refers to ff.o(.text.f_mkfs) for f_mkfs
    main.o(.text.fatfs_test) refers to nand_ftl.o(.text.ftl_mark_critical_regions) for ftl_mark_critical_regions
    main.o(.text.fatfs_test) refers to nand_ftl.o(.text.ftl_init_critical_spare_block) for ftl_init_critical_spare_block
    main.o(.text.fatfs_test) refers to main.o(.data.filepatah) for filepatah
    main.o(.text.fatfs_test) refers to ff.o(.text.f_unlink) for f_unlink
    main.o(.text.fatfs_test) refers to main.o(.bss.file) for file
    main.o(.text.fatfs_test) refers to ff.o(.text.f_open) for f_open
    main.o(.text.fatfs_test) refers to main.o(.bss.i) for i
    main.o(.text.fatfs_test) refers to main.o(.bss.resbyte) for resbyte
    main.o(.text.fatfs_test) refers to ff.o(.text.f_write) for f_write
    main.o(.text.fatfs_test) refers to ff.o(.text.f_close) for f_close
    main.o(.text.fatfs_test) refers to nand_ftl.o(.text.ftl_save_descriptor) for ftl_save_descriptor
    main.o(.ARM.exidx.text.fatfs_test) refers to main.o(.text.fatfs_test) for [Anonymous Symbol]
    main.o(.text.main) refers to stm32wbxx_hal.o(.text.HAL_Init) for HAL_Init
[...]
    HAL_QSPI_AbortCpltCallback               0x080024a9   Thumb Code     8  stm32wbxx_hal_qspi.o(.text.HAL_QSPI_AbortCpltCallback)
    HAL_QSPI_Abort_IT                        0x080024b1   Thumb Code   204  stm32wbxx_hal_qspi.o(.text.HAL_QSPI_Abort_IT)
    HAL_QSPI_CmdCpltCallback                 0x0800257d   Thumb Code     8  stm32wbxx_hal_qspi.o(.text.HAL_QSPI_CmdCpltCallback)
    HAL_QSPI_Command                         0x08002585   Thumb Code   256  stm32wbxx_hal_qspi.o(.text.HAL_QSPI_Command)
    HAL_QSPI_ErrorCallback                   0x08002685   Thumb Code     8  stm32wbxx_hal_qspi.o(.text.HAL_QSPI_ErrorCallback)
    HAL_QSPI_FifoThresholdCallback           0x0800268d   Thumb Code     8  stm32wbxx_hal_qspi.o(.text.HAL_QSPI_FifoThresholdCallback)
    HAL_QSPI_GetState                        0x08002695   Thumb Code    14  stm32wbxx_hal_qspi.o(.text.HAL_QSPI_GetState)
    HAL_QSPI_IRQHandler                      0x080026a5   Thumb Code   874  stm32wbxx_hal_qspi.o(.text.HAL_QSPI_IRQHandler)
    HAL_QSPI_Init                            0x08002a11   Thumb Code   248  stm32wbxx_hal_qspi.o(.text.HAL_QSPI_Init)
    HAL_QSPI_MspInit                         0x08002b09   Thumb Code   258  quadspi.o(.text.HAL_QSPI_MspInit)
    HAL_QSPI_Receive                         0x08002c0d   Thumb Code   350  stm32wbxx_hal_qspi.o(.text.HAL_QSPI_Receive)
    HAL_QSPI_Receive_DMA                     0x08002d6d   Thumb Code   586  stm32wbxx_hal_qspi.o(.text.HAL_QSPI_Receive_DMA)
    HAL_QSPI_RxCpltCallback                  0x08002fb9   Thumb Code     8  stm32wbxx_hal_qspi.o(.text.HAL_QSPI_RxCpltCallback)
    HAL_QSPI_RxHalfCpltCallback              0x08002fc1   Thumb Code     8  stm32wbxx_hal_qspi.o(.text.HAL_QSPI_RxHalfCpltCallback)
    HAL_QSPI_SetTimeout                      0x08002fc9   Thumb Code    16  stm32wbxx_hal_qspi.o(.text.HAL_QSPI_SetTimeout)
    HAL_QSPI_StatusMatchCallback             0x08002fd9   Thumb Code     8  stm32wbxx_hal_qspi.o(.text.HAL_QSPI_StatusMatchCallback)
    HAL_QSPI_TimeOutCallback                 0x08002fe1   Thumb Code     8  stm32wbxx_hal_qspi.o(.text.HAL_QSPI_TimeOutCallback)
    HAL_QSPI_Transmit                        0x08002fe9   Thumb Code   332  stm32wbxx_hal_qspi.o(.text.HAL_QSPI_Transmit)
    HAL_QSPI_Transmit_DMA                    0x08003135   Thumb Code   570  stm32wbxx_hal_qspi.o(.text.HAL_QSPI_Transmit_DMA)
    HAL_QSPI_TxCpltCallback                  0x08003371   Thumb Code     8  stm32wbxx_hal_qspi.o(.text.HAL_QSPI_TxCpltCallback)
    HAL_QSPI_TxHalfCpltCallback              0x08003379   Thumb Code     8  stm32wbxx_hal_qspi.o(.text.HAL_QSPI_TxHalfCpltCallback)
    HAL_RCC_GetHCLKFreq                      0x08003381   Thumb Code    42  stm32wbxx_hal_rcc.o(.text.HAL_RCC_GetHCLKFreq)
    HAL_RCC_GetSysClockFreq                  0x080033ad   Thumb Code   280  stm32wbxx_hal_rcc.o(.text.HAL_RCC_GetSysClockFreq)
    HAL_SYSTICK_Config                       0x080034c5   Thumb Code    16  stm32wbxx_hal_cortex.o(.text.HAL_SYSTICK_Config)
    HardFault_Handler                        0x080034d5   Thumb Code     2  stm32wbxx_it.o(.text.HardFault_Handler)
    LL_SetSystemCoreClock                    0x08003911   Thumb Code    20  stm32wbxx_ll_utils.o(.text.LL_SetSystemCoreClock)
    MSC_BOT_CplClrFeature                    0x08003ae1   Thumb Code   118  usbd_msc_bot.o(.text.MSC_BOT_CplClrFeature)
    MSC_BOT_DataIn                           0x08003b59   Thumb Code   110  usbd_msc_bot.o(.text.MSC_BOT_DataIn)
    MSC_BOT_DataOut                          0x08003bc9   Thumb Code   104  usbd_msc_bot.o(.text.MSC_BOT_DataOut)
    MSC_BOT_DeInit                           0x08003c31   Thumb Code    38  usbd_msc_bot.o(.text.MSC_BOT_DeInit)
    MSC_BOT_Init                             0x08003c59   Thumb Code   134  usbd_msc_bot.o(.text.MSC_BOT_Init)
    MSC_BOT_Reset                            0x08003ce1   Thumb Code   100  usbd_msc_bot.o(.text.MSC_BOT_Reset)
    MSC_BOT_SendCSW                          0x08003d45   Thumb Code   118  usbd_msc_bot.o(.text.MSC_BOT_SendCSW)
    MX_DMA_Init                              0x08003e39   Thumb Code    38  dma.o(.text.MX_DMA_Init)
    MX_GPIO_Init                             0x08003e61   Thumb Code    16  gpio.o(.text.MX_GPIO_Init)
    MX_QUADSPI_Init                          0x08003e71   Thumb Code    60  quadspi.o(.text.MX_QUADSPI_Init)
    MX_USB_Device_Init                       0x08003ead   Thumb Code   118  usb_device.o(.text.MX_USB_Device_Init)
    MemManage_Handler                        0x08003f25   Thumb Code     2  stm32wbxx_it.o(.text.MemManage_Handler)
    NMI_Handler                              0x08003f29   Thumb Code     2  stm32wbxx_it.o(.text.NMI_Handler)
    PendSV_Handler                           0x080045e9   Thumb Code     2  stm32wbxx_it.o(.text.PendSV_Handler)
    PeriphCommonClock_Config                 0x080045ed   Thumb Code    64  main.o(.text.PeriphCommonClock_Config)
    QUADSPI_IRQHandler                       0x08004aa5   Thumb Code    12  stm32wbxx_it.o(.text.QUADSPI_IRQHandler)
    SCSI_ProcessCmd                          0x08004da5   Thumb Code   486  usbd_msc_scsi.o(.text.SCSI_ProcessCmd)
    SCSI_SenseCode                           0x08005869   Thumb Code   130  usbd_msc_scsi.o(.text.SCSI_SenseCode)
    SVC_Handler                              0x08005f59   Thumb Code     2  stm32wbxx_it.o(.text.SVC_Handler)
    SysTick_Handler                          0x08005fe9   Thumb Code     4  stm32wbxx_it.o(.text.SysTick_Handler)
    SystemClock_Config                       0x08005ff5   Thumb Code   180  main.o(.text.SystemClock_Config)
    SystemInit                               0x080060a9   Thumb Code   118  system_stm32wbxx.o(.text.SystemInit)
    USBD_ClrClassConfig                      0x08006121   Thumb Code    50  usbd_core.o(.text.USBD_ClrClassConfig)
    USBD_CoreFindEP                          0x08006195   Thumb Code    14  usbd_core.o(.text.USBD_CoreFindEP)
    USBD_CoreFindIF                          0x080061a5   Thumb Code    14  usbd_core.o(.text.USBD_CoreFindIF)
    USBD_CtlContinueRx                       0x080061b5   Thumb Code    30  usbd_ioreq.o(.text.USBD_CtlContinueRx)
    USBD_CtlContinueSendData                 0x080061d5   Thumb Code    30  usbd_ioreq.o(.text.USBD_CtlContinueSendData)
    USBD_CtlError                            0x080061f5   Thumb Code    28  usbd_ctlreq.o(.text.USBD_CtlError)
    USBD_CtlReceiveStatus                    0x08006211   Thumb Code    34  usbd_ioreq.o(.text.USBD_CtlReceiveStatus)
    USBD_CtlSendData                         0x08006235   Thumb Code    50  usbd_ioreq.o(.text.USBD_CtlSendData)
    USBD_CtlSendStatus                       0x08006269   Thumb Code    34  usbd_ioreq.o(.text.USBD_CtlSendStatus)
    USBD_GetEpDesc                           0x08006611   Thumb Code   118  usbd_core.o(.text.USBD_GetEpDesc)
    USBD_GetNextDesc                         0x080066bd   Thumb Code    38  usbd_core.o(.text.USBD_GetNextDesc)
    USBD_GetString                           0x08006749   Thumb Code   188  usbd_ctlreq.o(.text.USBD_GetString)
    USBD_Init                                0x08006859   Thumb Code   106  usbd_core.o(.text.USBD_Init)
    USBD_LL_ClearStallEP                     0x080068c5   Thumb Code    58  usbd_conf.o(.text.USBD_LL_ClearStallEP)
    USBD_LL_CloseEP                          0x08006901   Thumb Code    58  usbd_conf.o(.text.USBD_LL_CloseEP)
    USBD_LL_DataInStage                      0x0800693d   Thumb Code   400  usbd_core.o(.text.USBD_LL_DataInStage)
    USBD_LL_DataOutStage                     0x08006acd   Thumb Code   434  usbd_core.o(.text.USBD_LL_DataOutStage)
    USBD_LL_FlushEP                          0x08006c81   Thumb Code    58  usbd_conf.o(.text.USBD_LL_FlushEP)
    USBD_LL_GetRxDataSize                    0x08006cbd   Thumb Code    28  usbd_conf.o(.text.USBD_LL_GetRxDataSize)
    USBD_LL_Init                             0x08006cd9   Thumb Code   150  usbd_conf.o(.text.USBD_LL_Init)
    USBD_LL_IsStallEP                        0x08006d71   Thumb Code    90  usbd_conf.o(.text.USBD_LL_IsStallEP)
    USBD_LL_OpenEP                           0x08006dcd   Thumb Code    74  usbd_conf.o(.text.USBD_LL_OpenEP)
    USBD_LL_PrepareReceive                   0x08006e19   Thumb Code    66  usbd_conf.o(.text.USBD_LL_PrepareReceive)
    USBD_LL_Reset                            0x08006e5d   Thumb Code   156  usbd_core.o(.text.USBD_LL_Reset)
    USBD_LL_Resume                           0x08006ef9   Thumb Code    36  usbd_core.o(.text.USBD_LL_Resume)
    USBD_LL_SOF                              0x08006f1d   Thumb Code    62  usbd_core.o(.text.USBD_LL_SOF)
    USBD_LL_SetSpeed                         0x08006f5d   Thumb Code    22  usbd_core.o(.text.USBD_LL_SetSpeed)
    USBD_LL_SetUSBAddress                    0x08006f75   Thumb Code    58  usbd_conf.o(.text.USBD_LL_SetUSBAddress)
    USBD_LL_SetupStage                       0x08006fb1   Thumb Code   148  usbd_core.o(.text.USBD_LL_SetupStage)
    USBD_LL_StallEP                          0x08007045   Thumb Code    58  usbd_conf.o(.text.USBD_LL_StallEP)
    USBD_LL_Start                            0x08007081   Thumb Code    50  usbd_conf.o(.text.USBD_LL_Start)
    USBD_LL_Suspend                          0x080070b5   Thumb Code    44  usbd_core.o(.text.USBD_LL_Suspend)
    USBD_LL_Transmit                         0x080070e1   Thumb Code    66  usbd_conf.o(.text.USBD_LL_Transmit)
    USBD_MSC_ConfigStrDescriptor             0x08007125   Thumb Code    78  usbd_desc.o(.text.USBD_MSC_ConfigStrDescriptor)
    USBD_MSC_DataIn                          0x08007175   Thumb Code    26  usbd_msc.o(.text.USBD_MSC_DataIn)
    USBD_MSC_DataOut                         0x08007191   Thumb Code    26  usbd_msc.o(.text.USBD_MSC_DataOut)
    USBD_MSC_DeInit                          0x080071ad   Thumb Code   166  usbd_msc.o(.text.USBD_MSC_DeInit)
    USBD_MSC_DeviceDescriptor                0x08007255   Thumb Code    26  usbd_desc.o(.text.USBD_MSC_DeviceDescriptor)
    USBD_MSC_GetDeviceQualifierDescriptor    0x08007271   Thumb Code    22  usbd_msc.o(.text.USBD_MSC_GetDeviceQualifierDescriptor)
    USBD_MSC_GetFSCfgDesc                    0x08007289   Thumb Code    82  usbd_msc.o(.text.USBD_MSC_GetFSCfgDesc)
    USBD_MSC_GetHSCfgDesc                    0x080072dd   Thumb Code    86  usbd_msc.o(.text.USBD_MSC_GetHSCfgDesc)
    USBD_MSC_GetOtherSpeedCfgDesc            0x08007335   Thumb Code    82  usbd_msc.o(.text.USBD_MSC_GetOtherSpeedCfgDesc)
    USBD_MSC_Init                            0x08007389   Thumb Code   312  usbd_msc.o(.text.USBD_MSC_Init)
    USBD_MSC_InterfaceStrDescriptor          0x080074c1   Thumb Code    78  usbd_desc.o(.text.USBD_MSC_InterfaceStrDescriptor)
    USBD_MSC_LangIDStrDescriptor             0x08007511   Thumb Code    26  usbd_desc.o(.text.USBD_MSC_LangIDStrDescriptor)
    USBD_MSC_ManufacturerStrDescriptor       0x0800752d   Thumb Code    40  usbd_desc.o(.text.USBD_MSC_ManufacturerStrDescriptor)
    USBD_MSC_ProductStrDescriptor            0x08007555   Thumb Code    78  usbd_desc.o(.text.USBD_MSC_ProductStrDescriptor)
    USBD_MSC_RegisterStorage                 0x080075a5   Thumb Code    52  usbd_msc.o(.text.USBD_MSC_RegisterStorage)
    USBD_MSC_SerialStrDescriptor             0x080075d9   Thumb Code    32  usbd_desc.o(.text.USBD_MSC_SerialStrDescriptor)
    USBD_MSC_Setup                           0x080075f9   Thumb Code   508  usbd_msc.o(.text.USBD_MSC_Setup)
    USBD_ParseSetupRequest                   0x080077f5   Thumb Code    98  usbd_ctlreq.o(.text.USBD_ParseSetupRequest)
    USBD_RegisterClass                       0x08007859   Thumb Code   114  usbd_core.o(.text.USBD_RegisterClass)
    USBD_RunTestMode                         0x080078cd   Thumb Code    10  usbd_core.o(.text.USBD_RunTestMode)
    USBD_SetClassConfig                      0x08007965   Thumb Code    54  usbd_core.o(.text.USBD_SetClassConfig)
    USBD_Start                               0x08007b6d   Thumb Code    16  usbd_core.o(.text.USBD_Start)
    USBD_StdDevReq                           0x08007b7d   Thumb Code   204  usbd_ctlreq.o(.text.USBD_StdDevReq)
    USBD_StdEPReq                            0x08007c49   Thumb Code   940  usbd_ctlreq.o(.text.USBD_StdEPReq)
    USBD_StdItfReq                           0x08007ff5   Thumb Code   244  usbd_ctlreq.o(.text.USBD_StdItfReq)
    USBD_static_free                         0x080080e9   Thumb Code     8  usbd_conf.o(.text.USBD_static_free)
    USBD_static_malloc                       0x080080f1   Thumb Code    16  usbd_conf.o(.text.USBD_static_malloc)
    USB_ActivateEndpoint                     0x08008101   Thumb Code  2182  stm32wbxx_ll_usb.o(.text.USB_ActivateEndpoint)
    USB_DeactivateEndpoint                   0x08008989   Thumb Code   864  stm32wbxx_ll_usb.o(.text.USB_DeactivateEndpoint)
    USB_DevConnect                           0x08008ce9   Thumb Code    24  stm32wbxx_ll_usb.o(.text.USB_DevConnect)
    USB_DevInit                              0x08008d01   Thumb Code    40  stm32wbxx_ll_usb.o(.text.USB_DevInit)
    USB_DisableGlobalInt                     0x08008d29   Thumb Code    30  stm32wbxx_ll_usb.o(.text.USB_DisableGlobalInt)
    USB_EPClearStall                         0x08008d49   Thumb Code   314  stm32wbxx_ll_usb.o(.text.USB_EPClearStall)
    USB_EPSetStall                           0x08008e85   Thumb Code   136  stm32wbxx_ll_usb.o(.text.USB_EPSetStall)
    USB_EPStartXfer                          0x08008f0d   Thumb Code  2522  stm32wbxx_ll_usb.o(.text.USB_EPStartXfer)
    USB_EnableGlobalInt                      0x080098e9   Thumb Code    30  stm32wbxx_ll_usb.o(.text.USB_EnableGlobalInt)
    USB_FlushRxFifo                          0x08009909   Thumb Code    10  stm32wbxx_ll_usb.o(.text.USB_FlushRxFifo)
    USB_FlushTxFifo                          0x08009915   Thumb Code    12  stm32wbxx_ll_usb.o(.text.USB_FlushTxFifo)
    USB_LP_IRQHandler                        0x08009921   Thumb Code    12  stm32wbxx_it.o(.text.USB_LP_IRQHandler)
    USB_ReadInterrupts                       0x0800992d   Thumb Code    18  stm32wbxx_ll_usb.o(.text.USB_ReadInterrupts)
    USB_ReadPMA                              0x08009941   Thumb Code   132  stm32wbxx_ll_usb.o(.text.USB_ReadPMA)
    USB_SetDevAddress                        0x080099c5   Thumb Code    32  stm32wbxx_ll_usb.o(.text.USB_SetDevAddress)
    USB_WritePMA                             0x080099e5   Thumb Code   122  stm32wbxx_ll_usb.o(.text.USB_WritePMA)
    UsageFault_Handler                       0x08009a61   Thumb Code     2  stm32wbxx_it.o(.text.UsageFault_Handler)
    disk_initialize                          0x0800b1c1   Thumb Code    12  diskio.o(.text.disk_initialize)
    disk_ioctl                               0x0800b1cd   Thumb Code   110  diskio.o(.text.disk_ioctl)
    disk_read                                0x0800b23d   Thumb Code    60  diskio.o(.text.disk_read)
    disk_status                              0x0800b279   Thumb Code    38  diskio.o(.text.disk_status)
    disk_write                               0x0800b2a1   Thumb Code   124  diskio.o(.text.disk_write)
    f_close                                  0x0800b31d   Thumb Code    62  ff.o(.text.f_close)
    f_mkfs                                   0x0800b35d   Thumb Code  2470  ff.o(.text.f_mkfs)
    f_mount                                  0x0800bd05   Thumb Code   170  ff.o(.text.f_mount)
    f_open                                   0x0800bdb1   Thumb Code   870  ff.o(.text.f_open)
    f_sync                                   0x0800c119   Thumb Code   234  ff.o(.text.f_sync)
    f_unlink                                 0x0800c205   Thumb Code   304  ff.o(.text.f_unlink)
    f_write                                  0x0800c335   Thumb Code   790  ff.o(.text.f_write)
    fatfs_test                               0x0800c64d   Thumb Code   314  main.o(.text.fatfs_test)
    ff_oem2uni                               0x0800c789   Thumb Code   188  ffunicode.o(.text.ff_oem2uni)
    ff_uni2oem                               0x0800c845   Thumb Code   198  ffunicode.o(.text.ff_uni2oem)
    ff_wtoupper                              0x0800c90d   Thumb Code   336  ffunicode.o(.text.ff_wtoupper)
    ftl_convert_sector                       0x0800cced   Thumb Code    42  nand_ftl.o(.text.ftl_convert_sector)
    ftl_identify_region                      0x0800cd19   Thumb Code   126  nand_ftl.o(.text.ftl_identify_region)
    ftl_init                                 0x0800cd99   Thumb Code   304  nand_ftl.o(.text.ftl_init)
    ftl_init_critical_spare_block            0x0800cec9   Thumb Code   198  nand_ftl.o(.text.ftl_init_critical_spare_block)
    ftl_mark_critical_regions                0x0800d03d   Thumb Code   248  nand_ftl.o(.text.ftl_mark_critical_regions)
    ftl_read_page                            0x0800d14d   Thumb Code    34  nand_ftl.o(.text.ftl_read_page)
    ftl_save_descriptor                      0x0800d171   Thumb Code    92  nand_ftl.o(.text.ftl_save_descriptor)
    ftl_write_critical                       0x0800d1e5   Thumb Code   204  nand_ftl.o(.text.ftl_write_critical)
    ftl_write_page                           0x0800d2b1   Thumb Code   306  nand_ftl.o(.text.ftl_write_page)
    main                                     0x0800d821   Thumb Code    56  main.o(.text.main)
    nand_flash_OTP_Disable                   0x0800dd21   Thumb Code    16  nand_flash.o(.text.nand_flash_OTP_Disable)
    nand_flash_OTP_Enable                    0x0800dd31   Thumb Code    10  nand_flash.o(.text.nand_flash_OTP_Enable)
    nand_flash_bad_block_check               0x0800dd3d   Thumb Code   150  nand_flash.o(.text.nand_flash_bad_block_check)
    nand_flash_erase_block                   0x0800de89   Thumb Code   120  nand_flash.o(.text.nand_flash_erase_block)
    nand_flash_initialize                    0x0800e1d5   Thumb Code   132  nand_flash.o(.text.nand_flash_initialize)
    nand_flash_internal_block_move           0x0800e259   Thumb Code   154  nand_flash.o(.text.nand_flash_internal_block_move)
    nand_flash_internal_page_data_move       0x0800e2f5   Thumb Code   102  nand_flash.o(.text.nand_flash_internal_page_data_move)
    nand_flash_poweronreset                  0x0800e3c5   Thumb Code    94  nand_flash.o(.text.nand_flash_poweronreset)
    nand_flash_read_page_from_cache          0x0800e489   Thumb Code   330  nand_flash.o(.text.nand_flash_read_page_from_cache)
    nand_flash_read_page_spare               0x0800e5d5   Thumb Code   146  nand_flash.o(.text.nand_flash_read_page_spare)
    nand_flash_start_program                 0x0800e7e1   Thumb Code    98  nand_flash.o(.text.nand_flash_start_program)
    nand_flash_status_reg_check_bit          0x0800e845   Thumb Code   246  nand_flash.o(.text.nand_flash_status_reg_check_bit)
    nand_flash_write_disable                 0x0800e93d   Thumb Code    50  nand_flash.o(.text.nand_flash_write_disable)
    nand_flash_write_enable                  0x0800e971   Thumb Code    94  nand_flash.o(.text.nand_flash_write_enable)
    nand_flash_write_page                    0x0800e9d1   Thumb Code   186  nand_flash.o(.text.nand_flash_write_page)
    nand_flash_write_page_spare              0x0800ea8d   Thumb Code   132  nand_flash.o(.text.nand_flash_write_page_spare)
    _fp_init                                 0x0800f2c7   Thumb Code    26  fpinit.o(x$fpl$fpinit)
    __fplib_config_fpu_vfp                   0x0800f2df   Thumb Code     0  fpinit.o(x$fpl$fpinit)
    __fplib_config_pureend_doubles           0x0800f2df   Thumb Code     0  fpinit.o(x$fpl$fpinit)
    AHBPrescTable                            0x0800f2e0   Data          64  system_stm32wbxx.o(.rodata.AHBPrescTable)
    MSIRangeTable                            0x0800f338   Data          64  system_stm32wbxx.o(.rodata.MSIRangeTable)
    STORAGE_Inquirydata_FS                   0x0800f378   Data          36  usbd_storage_if.o(.rodata.STORAGE_Inquirydata_FS)
    Region$$Table$$Base                      0x08039ff8   Number         0  anon$$obj.o(Region$$Table)
    Region$$Table$$Limit                     0x0803a018   Number         0  anon$$obj.o(Region$$Table)
    MSCInEpAdd                               0x2000000a   Data           1  usbd_msc.o(.data.MSCInEpAdd)
    MSCOutEpAdd                              0x2000000b   Data           1  usbd_msc.o(.data.MSCOutEpAdd)
    MSC_Desc                                 0x2000000c   Data          32  usbd_desc.o(.data.MSC_Desc)
    MSC_Mode_Sense10_data                    0x2000002c   Data           8  usbd_msc_data.o(.data.MSC_Mode_Sense10_data)
    MSC_Mode_Sense6_data                     0x20000034   Data           4  usbd_msc_data.o(.data.MSC_Mode_Sense6_data)
    MSC_Page00_Inquiry_Data                  0x20000038   Data           6  usbd_msc_data.o(.data.MSC_Page00_Inquiry_Data)
    MSC_Page80_Inquiry_Data                  0x2000003e   Data           8  usbd_msc_data.o(.data.MSC_Page80_Inquiry_Data)
    SystemCoreClock                          0x20000048   Data           4  system_stm32wbxx.o(.data.SystemCoreClock)
    USBD_LangIDDesc                          0x2000004c   Data           4  usbd_desc.o(.data.USBD_LangIDDesc)
    USBD_MSC                                 0x20000050   Data          56  usbd_msc.o(.data.USBD_MSC)
    USBD_MSC_DeviceDesc                      0x200000a8   Data          18  usbd_desc.o(.data.USBD_MSC_DeviceDesc)
    USBD_Storage_Interface_fops_FS           0x200000c8   Data          32  usbd_storage_if.o(.data.USBD_Storage_Interface_fops_FS)
    USBD_StringSerial                        0x200000e8   Data          26  usbd_desc.o(.data.USBD_StringSerial)
    filepatah                                0x20000110   Data           9  main.o(.data.filepatah)
    uwTickFreq                               0x200019fa   Data           1  stm32wbxx_hal.o(.data.uwTickFreq)
    uwTickPrio                               0x200019fc   Data           4  stm32wbxx_hal.o(.data.uwTickPrio)
    __libspace_start                         0x20001a00   Data          96  libspace.o(.bss)
    __temporary_stack_top$libspace           0x20001a60   Data           0  libspace.o(.bss)
    USBD_StrDesc                             0x20001a68   Data         512  usbd_desc.o(.bss.USBD_StrDesc)
    buffer                                   0x200024e0   Data        2048  main.o(.bss.buffer)
    file                                     0x20002ce8   Data        2092  main.o(.bss.file)
    formatWorkBuff                           0x20003514   Data        2048  main.o(.bss.formatWorkBuff)
    fs                                       0x20003d14   Data        2104  main.o(.bss.fs)
    hUsbDeviceFS                             0x2000454c   Data         732  usb_device.o(.bss.hUsbDeviceFS)
    hdma_quadspi                             0x20004828   Data          96  quadspi.o(.bss.hdma_quadspi)
    hpcd_USB_FS                              0x20004888   Data         732  usbd_conf.o(.bss.hpcd_USB_FS)
    hqspi                                    0x20004b64   Data          68  quadspi.o(.bss.hqspi)
    i                                        0x20004ba8   Data           4  main.o(.bss.i)
    nand_flash_info_buff                     0x20004bac   Data         160  nand_flash.o(.bss.nand_flash_info_buff)
    resbyte                                  0x20004c4c   Data           4  main.o(.bss.resbyte)
    uwTick                                   0x20004c50   Data           4  stm32wbxx_hal.o(.bss.uwTick)



==============================================================================

Memory Map of the image

  Image Entry point : 0x0800013d

  Load Region LR_IROM1 (Base: 0x08000000, Size: 0x0003ba10, Max: 0x00040000, ABSOLUTE, COMPRESSED[0x0003a120])

    Execution Region ER_IROM1 (Exec base: 0x08000000, Load base: 0x08000000, Size: 0x0003a018, Max: 0x00040000, ABSOLUTE)

    Exec Addr    Load Addr    Size         Type   Attr      Idx    E Section Name        Object

    0x08000000   0x08000000   0x0000013c   Data   RO            3    RESET               startup_stm32wb35xx_cm4.o
    0x0800013c   0x0800013c   0x00000008   Code   RO         2543  * !!!main             c_w.l(__main.o)
    0x08000144   0x08000144   0x00000034   Code   RO         2761    !!!scatter          c_w.l(__scatter.o)
    0x08000178   0x08000178   0x0000003a   Code   RO         2759    !!dczerorl          c_w.l(__dczerorl.o)
    0x080001b2   0x080001b2   0x00000002   PAD
    0x080001b4   0x080001b4   0x0000001c   Code   RO         2763    !!handler_zi        c_w.l(__scatter_zi.o)
    0x080001d0   0x080001d0   0x00000002   Code   RO         2623    .ARM.Collect$$libinit$$00000000  c_w.l(libinit.o)
    0x080001d2   0x080001d2   0x00000004   Code   RO         2635    .ARM.Collect$$libinit$$00000001  c_w.l(libinit2.o)
    0x080001d6   0x080001d6   0x00000000   Code   RO         2638    .ARM.Collect$$libinit$$00000004  c_w.l(libinit2.o)
    0x080001d6   0x080001d6   0x00000000   Code   RO         2641    .ARM.Collect$$libinit$$0000000A  c_w.l(libinit2.o)
    0x080001d6   0x080001d6   0x00000000   Code   RO         2643    .ARM.Collect$$libinit$$0000000C  c_w.l(libinit2.o)
    0x080001d6   0x080001d6   0x00000000   Code   RO         2645    .ARM.Collect$$libinit$$0000000E  c_w.l(libinit2.o)
    0x080001d6   0x080001d6   0x00000000   Code   RO         2648    .ARM.Collect$$libinit$$00000011  c_w.l(libinit2.o)
    0x080001d6   0x080001d6   0x00000000   Code   RO         2650    .ARM.Collect$$libinit$$00000013  c_w.l(libinit2.o)
    0x080001d6   0x080001d6   0x00000000   Code   RO         2652    .ARM.Collect$$libinit$$00000015  c_w.l(libinit2.o)
    0x080001d6   0x080001d6   0x00000000   Code   RO         2654    .ARM.Collect$$libinit$$00000017  c_w.l(libinit2.o)
    0x080001d6   0x080001d6   0x00000000   Code   RO         2656    .ARM.Collect$$libinit$$00000019  c_w.l(libinit2.o)
    0x080001d6   0x080001d6   0x00000000   Code   RO         2658    .ARM.Collect$$libinit$$0000001B  c_w.l(libinit2.o)
    0x080001d6   0x080001d6   0x00000000   Code   RO         2660    .ARM.Collect$$libinit$$0000001D  c_w.l(libinit2.o)
    0x080001d6   0x080001d6   0x00000000   Code   RO         2662    .ARM.Collect$$libinit$$0000001F  c_w.l(libinit2.o)
    0x080001d6   0x080001d6   0x00000000   Code   RO         2664    .ARM.Collect$$libinit$$00000021  c_w.l(libinit2.o)
    0x080001d6   0x080001d6   0x00000000   Code   RO         2666    .ARM.Collect$$libinit$$00000023  c_w.l(libinit2.o)
    0x080001d6   0x080001d6   0x00000000   Code   RO         2668    .ARM.Collect$$libinit$$00000025  c_w.l(libinit2.o)
    0x080001d6   0x080001d6   0x00000000   Code   RO         2672    .ARM.Collect$$libinit$$0000002C  c_w.l(libinit2.o)
    0x080001d6   0x080001d6   0x00000000   Code   RO         2674    .ARM.Collect$$libinit$$0000002E  c_w.l(libinit2.o)
    0x080001d6   0x080001d6   0x00000000   Code   RO         2676    .ARM.Collect$$libinit$$00000030  c_w.l(libinit2.o)
    0x080001d6   0x080001d6   0x00000000   Code   RO         2678    .ARM.Collect$$libinit$$00000032  c_w.l(libinit2.o)
    0x080001d6   0x080001d6   0x00000002   Code   RO         2679    .ARM.Collect$$libinit$$00000033  c_w.l(libinit2.o)
    0x080001d8   0x080001d8   0x00000002   Code   RO         2714    .ARM.Collect$$libshutdown$$00000000  c_w.l(libshutdown.o)
    0x080001da   0x080001da   0x00000000   Code   RO         2742    .ARM.Collect$$libshutdown$$00000002  c_w.l(libshutdown2.o)
    0x080001da   0x080001da   0x00000000   Code   RO         2744    .ARM.Collect$$libshutdown$$00000004  c_w.l(libshutdown2.o)
    0x080001da   0x080001da   0x00000000   Code   RO         2747    .ARM.Collect$$libshutdown$$00000007  c_w.l(libshutdown2.o)
    0x080001da   0x080001da   0x00000000   Code   RO         2750    .ARM.Collect$$libshutdown$$0000000A  c_w.l(libshutdown2.o)
    0x080001da   0x080001da   0x00000000   Code   RO         2752    .ARM.Collect$$libshutdown$$0000000C  c_w.l(libshutdown2.o)
    0x080001da   0x080001da   0x00000000   Code   RO         2755    .ARM.Collect$$libshutdown$$0000000F  c_w.l(libshutdown2.o)
    0x080001da   0x080001da   0x00000002   Code   RO         2756    .ARM.Collect$$libshutdown$$00000010  c_w.l(libshutdown2.o)
    0x080001dc   0x080001dc   0x00000000   Code   RO         2571    .ARM.Collect$$rtentry$$00000000  c_w.l(__rtentry.o)
    0x080001dc   0x080001dc   0x00000000   Code   RO         2592    .ARM.Collect$$rtentry$$00000002  c_w.l(__rtentry2.o)
    0x080001dc   0x080001dc   0x00000006   Code   RO         2604    .ARM.Collect$$rtentry$$00000004  c_w.l(__rtentry4.o)
    0x080001e2   0x080001e2   0x00000000   Code   RO         2594    .ARM.Collect$$rtentry$$00000009  c_w.l(__rtentry2.o)
    0x080001e2   0x080001e2   0x00000004   Code   RO         2595    .ARM.Collect$$rtentry$$0000000A  c_w.l(__rtentry2.o)
    0x080001e6   0x080001e6   0x00000000   Code   RO         2597    .ARM.Collect$$rtentry$$0000000C  c_w.l(__rtentry2.o)
    0x080001e6   0x080001e6   0x00000008   Code   RO         2598    .ARM.Collect$$rtentry$$0000000D  c_w.l(__rtentry2.o)
    0x080001ee   0x080001ee   0x00000002   Code   RO         2627    .ARM.Collect$$rtexit$$00000000  c_w.l(rtexit.o)
    0x080001f0   0x080001f0   0x00000000   Code   RO         2685    .ARM.Collect$$rtexit$$00000002  c_w.l(rtexit2.o)
    0x080001f0   0x080001f0   0x00000004   Code   RO         2686    .ARM.Collect$$rtexit$$00000003  c_w.l(rtexit2.o)
    0x080001f4   0x080001f4   0x00000006   Code   RO         2687    .ARM.Collect$$rtexit$$00000004  c_w.l(rtexit2.o)
    0x080001fa   0x080001fa   0x00000002   PAD
    0x080001fc   0x080001fc   0x00000040   Code   RO            4    .text               startup_stm32wb35xx_cm4.o
    0x0800023c   0x0800023c   0x00000014   Code   RO         2527    .text               c_w.l(strchr.o)
    0x08000250   0x08000250   0x00000058   Code   RO         2529    .text               c_w.l(memcmp.o)
    0x080002a8   0x080002a8   0x0000008a   Code   RO         2533    .text               c_w.l(rt_memcpy_v6.o)
    0x08000332   0x08000332   0x00000010   Code   RO         2535    .text               c_w.l(aeabi_memset.o)
    0x08000342   0x08000342   0x00000044   Code   RO         2537    .text               c_w.l(rt_memclr.o)
    0x08000386   0x08000386   0x0000004e   Code   RO         2539    .text               c_w.l(rt_memclr_w.o)
    0x080003d4   0x080003d4   0x00000006   Code   RO         2541    .text               c_w.l(heapauxi.o)
    0x080003da   0x080003da   0x00000064   Code   RO         2576    .text               c_w.l(rt_memcpy_w.o)
    0x0800043e   0x0800043e   0x0000004a   Code   RO         2610    .text               c_w.l(sys_stackheap_outer.o)
    0x08000488   0x08000488   0x00000012   Code   RO         2612    .text               c_w.l(exit.o)
    0x0800049a   0x0800049a   0x00000002   PAD
    0x0800049c   0x0800049c   0x00000008   Code   RO         2624    .text               c_w.l(libspace.o)
    0x080004a4   0x080004a4   0x0000000c   Code   RO         2680    .text               c_w.l(sys_exit.o)
    0x080004b0   0x080004b0   0x00000002   Code   RO         2703    .text               c_w.l(use_no_semi.o)
    0x080004b2   0x080004b2   0x00000000   Code   RO         2705    .text               c_w.l(indicate_semi.o)
    0x080004b2   0x080004b2   0x00000002   PAD
    0x080004b4   0x080004b4   0x00000002   Code   RO          141    .text.BusFault_Handler  stm32wbxx_it.o
    0x080004b6   0x080004b6   0x00000002   PAD
    0x080004b8   0x080004b8   0x0000000c   Code   RO          153    .text.DMA1_Channel1_IRQHandler  stm32wbxx_it.o
    0x080004c4   0x080004c4   0x00000076   Code   RO         1160    .text.DMA_CalcDMAMUXChannelBaseAndMask  stm32wbxx_hal_dma.o
    0x0800053a   0x0800053a   0x00000002   PAD
    0x0800053c   0x0800053c   0x00000040   Code   RO         1162    .text.DMA_CalcDMAMUXRequestGenBaseAndMask  stm32wbxx_hal_dma.o
    0x0800057c   0x0800057c   0x0000006e   Code   RO         1168    .text.DMA_SetConfig  stm32wbxx_hal_dma.o
    0x080005ea   0x080005ea   0x00000002   PAD
    0x080005ec   0x080005ec   0x00000002   Code   RO          147    .text.DebugMon_Handler  stm32wbxx_it.o
    0x080005ee   0x080005ee   0x00000002   PAD
    0x080005f0   0x080005f0   0x0000000e   Code   RO           55    .text.Error_Handler  main.o
    0x080005fe   0x080005fe   0x00000002   PAD
    0x08000600   0x08000600   0x0000005c   Code   RO         2054    .text.Get_SerialNum  usbd_desc.o
    0x0800065c   0x0800065c   0x000000ae   Code   RO         1174    .text.HAL_DMA_Abort_IT  stm32wbxx_hal_dma.o
    0x0800070a   0x0800070a   0x00000002   PAD
    0x0800070c   0x0800070c   0x00000156   Code   RO         1178    .text.HAL_DMA_IRQHandler  stm32wbxx_hal_dma.o
    0x08000862   0x08000862   0x00000002   PAD
    0x08000864   0x08000864   0x0000015a   Code   RO         1158    .text.HAL_DMA_Init  stm32wbxx_hal_dma.o
    0x080009be   0x080009be   0x00000002   PAD
    0x080009c0   0x080009c0   0x000000fc   Code   RO         1170    .text.HAL_DMA_Start_IT  stm32wbxx_hal_dma.o
    0x08000abc   0x08000abc   0x00000042   Code   RO         1547    .text.HAL_Delay     stm32wbxx_hal.o
    0x08000afe   0x08000afe   0x00000002   PAD
    0x08000b00   0x08000b00   0x00000312   Code   RO         1132    .text.HAL_GPIO_Init  stm32wbxx_hal_gpio.o
    0x08000e12   0x08000e12   0x00000002   PAD
    0x08000e14   0x08000e14   0x0000000c   Code   RO         1539    .text.HAL_GetTick   stm32wbxx_hal.o
    0x08000e20   0x08000e20   0x0000001a   Code   RO         1537    .text.HAL_IncTick   stm32wbxx_hal.o
    0x08000e3a   0x08000e3a   0x00000002   PAD
    0x08000e3c   0x08000e3c   0x00000040   Code   RO         1499    .text.HAL_Init      stm32wbxx_hal.o
    0x08000e7c   0x08000e7c   0x00000082   Code   RO         1501    .text.HAL_InitTick  stm32wbxx_hal.o
    0x08000efe   0x08000efe   0x00000002   PAD
    0x08000f00   0x08000f00   0x00000002   Code   RO          166    .text.HAL_MspInit   stm32wbxx_hal_msp.o
    0x08000f02   0x08000f02   0x00000002   PAD
    0x08000f04   0x08000f04   0x00000014   Code   RO         1440    .text.HAL_NVIC_EnableIRQ  stm32wbxx_hal_cortex.o
    0x08000f18   0x08000f18   0x0000002e   Code   RO         1432    .text.HAL_NVIC_SetPriority  stm32wbxx_hal_cortex.o
    0x08000f46   0x08000f46   0x00000002   PAD
    0x08000f48   0x08000f48   0x00000010   Code   RO         1428    .text.HAL_NVIC_SetPriorityGrouping  stm32wbxx_hal_cortex.o
    0x08000f58   0x08000f58   0x0000003a   Code   RO          416    .text.HAL_PCDEx_ActivateLPM  stm32wbxx_hal_pcd_ex.o
    0x08000f92   0x08000f92   0x00000002   PAD
    0x08000f94   0x08000f94   0x00000072   Code   RO         2012    .text.HAL_PCDEx_LPM_Callback  usbd_conf.o
    0x08001006   0x08001006   0x00000002   PAD
    0x08001008   0x08001008   0x0000007a   Code   RO          406    .text.HAL_PCDEx_PMAConfig  stm32wbxx_hal_pcd_ex.o
    0x08001082   0x08001082   0x00000002   PAD
    0x08001084   0x08001084   0x00000026   Code   RO         1962    .text.HAL_PCD_DataInStageCallback  usbd_conf.o
    0x080010aa   0x080010aa   0x00000002   PAD
    0x080010ac   0x080010ac   0x00000028   Code   RO         1960    .text.HAL_PCD_DataOutStageCallback  usbd_conf.o
    0x080010d4   0x080010d4   0x000000a8   Code   RO          373    .text.HAL_PCD_EP_Close  stm32wbxx_hal_pcd.o
    0x0800117c   0x0800117c   0x000000c8   Code   RO          383    .text.HAL_PCD_EP_ClrStall  stm32wbxx_hal_pcd.o
    0x08001244   0x08001244   0x000001f8   Code   RO          395    .text.HAL_PCD_EP_DB_Receive  stm32wbxx_hal_pcd.o
    0x0800143c   0x0800143c   0x000007ee   Code   RO          397    .text.HAL_PCD_EP_DB_Transmit  stm32wbxx_hal_pcd.o
    0x08001c2a   0x08001c2a   0x00000002   PAD
    0x08001c2c   0x08001c2c   0x00000070   Code   RO          387    .text.HAL_PCD_EP_Flush  stm32wbxx_hal_pcd.o
    0x08001c9c   0x08001c9c   0x00000022   Code   RO          377    .text.HAL_PCD_EP_GetRxCount  stm32wbxx_hal_pcd.o
    0x08001cbe   0x08001cbe   0x00000002   PAD
    0x08001cc0   0x08001cc0   0x000000de   Code   RO          371    .text.HAL_PCD_EP_Open  stm32wbxx_hal_pcd.o
    0x08001d9e   0x08001d9e   0x00000002   PAD
    0x08001da0   0x08001da0   0x0000005a   Code   RO          375    .text.HAL_PCD_EP_Receive  stm32wbxx_hal_pcd.o
    0x08001dfa   0x08001dfa   0x00000002   PAD
    0x08001dfc   0x08001dfc   0x000000c4   Code   RO          381    .text.HAL_PCD_EP_SetStall  stm32wbxx_hal_pcd.o
    0x08001ec0   0x08001ec0   0x00000066   Code   RO          379    .text.HAL_PCD_EP_Transmit  stm32wbxx_hal_pcd.o
    0x08001f26   0x08001f26   0x00000002   PAD
    0x08001f28   0x08001f28   0x000001e8   Code   RO          339    .text.HAL_PCD_IRQHandler  stm32wbxx_hal_pcd.o
    0x08002110   0x08002110   0x00000194   Code   RO          327    .text.HAL_PCD_Init  stm32wbxx_hal_pcd.o
    0x080022a4   0x080022a4   0x00000076   Code   RO         1946    .text.HAL_PCD_MspInit  usbd_conf.o
    0x0800231a   0x0800231a   0x00000002   PAD
    0x0800231c   0x0800231c   0x00000038   Code   RO         1966    .text.HAL_PCD_ResetCallback  usbd_conf.o
    0x08002354   0x08002354   0x00000032   Code   RO         1970    .text.HAL_PCD_ResumeCallback  usbd_conf.o
    0x08002386   0x08002386   0x00000002   PAD
    0x08002388   0x08002388   0x00000014   Code   RO         1964    .text.HAL_PCD_SOFCallback  usbd_conf.o
    0x0800239c   0x0800239c   0x0000005c   Code   RO          345    .text.HAL_PCD_SetAddress  stm32wbxx_hal_pcd.o
    0x080023f8   0x080023f8   0x00000018   Code   RO         1958    .text.HAL_PCD_SetupStageCallback  usbd_conf.o
    0x08002410   0x08002410   0x00000054   Code   RO          335    .text.HAL_PCD_Start  stm32wbxx_hal_pcd.o
    0x08002464   0x08002464   0x0000002e   Code   RO         1968    .text.HAL_PCD_SuspendCallback  usbd_conf.o
    0x08002492   0x08002492   0x00000002   PAD
    0x08002494   0x08002494   0x00000012   Code   RO         1273    .text.HAL_PWREx_EnableVddUSB  stm32wbxx_hal_pwr_ex.o
    0x080024a6   0x080024a6   0x00000002   PAD
    0x080024a8   0x080024a8   0x00000008   Code   RO         1751    .text.HAL_QSPI_AbortCpltCallback  stm32wbxx_hal_qspi.o
    0x080024b0   0x080024b0   0x000000cc   Code   RO         1805    .text.HAL_QSPI_Abort_IT  stm32wbxx_hal_qspi.o
    0x0800257c   0x0800257c   0x00000008   Code   RO         1749    .text.HAL_QSPI_CmdCpltCallback  stm32wbxx_hal_qspi.o
    0x08002584   0x08002584   0x00000100   Code   RO         1761    .text.HAL_QSPI_Command  stm32wbxx_hal_qspi.o
    0x08002684   0x08002684   0x00000008   Code   RO         1753    .text.HAL_QSPI_ErrorCallback  stm32wbxx_hal_qspi.o
    0x0800268c   0x0800268c   0x00000008   Code   RO         1743    .text.HAL_QSPI_FifoThresholdCallback  stm32wbxx_hal_qspi.o
    0x08002694   0x08002694   0x0000000e   Code   RO         1799    .text.HAL_QSPI_GetState  stm32wbxx_hal_qspi.o
    0x080026a2   0x080026a2   0x00000002   PAD
    0x080026a4   0x080026a4   0x0000036a   Code   RO         1741    .text.HAL_QSPI_IRQHandler  stm32wbxx_hal_qspi.o
    0x08002a0e   0x08002a0e   0x00000002   PAD
    0x08002a10   0x08002a10   0x000000f8   Code   RO         1729    .text.HAL_QSPI_Init  stm32wbxx_hal_qspi.o
    0x08002b08   0x08002b08   0x00000102   Code   RO          116    .text.HAL_QSPI_MspInit  quadspi.o
    0x08002c0a   0x08002c0a   0x00000002   PAD
    0x08002c0c   0x08002c0c   0x0000015e   Code   RO         1769    .text.HAL_QSPI_Receive  stm32wbxx_hal_qspi.o
    0x08002d6a   0x08002d6a   0x00000002   PAD
    0x08002d6c   0x08002d6c   0x0000024a   Code   RO         1783    .text.HAL_QSPI_Receive_DMA  stm32wbxx_hal_qspi.o
    0x08002fb6   0x08002fb6   0x00000002   PAD
    0x08002fb8   0x08002fb8   0x00000008   Code   RO         1747    .text.HAL_QSPI_RxCpltCallback  stm32wbxx_hal_qspi.o
    0x08002fc0   0x08002fc0   0x00000008   Code   RO         1795    .text.HAL_QSPI_RxHalfCpltCallback  stm32wbxx_hal_qspi.o
    0x08002fc8   0x08002fc8   0x00000010   Code   RO         1733    .text.HAL_QSPI_SetTimeout  stm32wbxx_hal_qspi.o
    0x08002fd8   0x08002fd8   0x00000008   Code   RO         1755    .text.HAL_QSPI_StatusMatchCallback  stm32wbxx_hal_qspi.o
    0x08002fe0   0x08002fe0   0x00000008   Code   RO         1759    .text.HAL_QSPI_TimeOutCallback  stm32wbxx_hal_qspi.o
    0x08002fe8   0x08002fe8   0x0000014c   Code   RO         1767    .text.HAL_QSPI_Transmit  stm32wbxx_hal_qspi.o
    0x08003134   0x08003134   0x0000023a   Code   RO         1775    .text.HAL_QSPI_Transmit_DMA  stm32wbxx_hal_qspi.o
    0x0800336e   0x0800336e   0x00000002   PAD
    0x08003370   0x08003370   0x00000008   Code   RO         1745    .text.HAL_QSPI_TxCpltCallback  stm32wbxx_hal_qspi.o
    0x08003378   0x08003378   0x00000008   Code   RO         1797    .text.HAL_QSPI_TxHalfCpltCallback  stm32wbxx_hal_qspi.o
    0x08003380   0x08003380   0x0000002a   Code   RO          508    .text.HAL_RCC_GetHCLKFreq  stm32wbxx_hal_rcc.o
    0x080033aa   0x080033aa   0x00000002   PAD
    0x080033ac   0x080033ac   0x00000118   Code   RO          586    .text.HAL_RCC_GetSysClockFreq  stm32wbxx_hal_rcc.o
    0x080034c4   0x080034c4   0x00000010   Code   RO         1452    .text.HAL_SYSTICK_Config  stm32wbxx_hal_cortex.o
    0x080034d4   0x080034d4   0x00000002   Code   RO          137    .text.HardFault_Handler  stm32wbxx_it.o
    0x080034d6   0x080034d6   0x00000002   PAD
    0x080034d8   0x080034d8   0x00000076   Code   RO         2056    .text.IntToUnicode  usbd_desc.o
    0x0800354e   0x0800354e   0x00000002   PAD
    0x08003550   0x08003550   0x00000020   Code   RO          104    .text.LL_AHB1_GRP1_EnableClock  dma.o
    0x08003570   0x08003570   0x00000020   Code   RO           93    .text.LL_AHB2_GRP1_EnableClock  gpio.o
    0x08003590   0x08003590   0x00000020   Code   RO          120    .text.LL_AHB2_GRP1_EnableClock  quadspi.o
    0x080035b0   0x080035b0   0x00000020   Code   RO         1950    .text.LL_AHB2_GRP1_EnableClock  usbd_conf.o
    0x080035d0   0x080035d0   0x00000020   Code   RO          118    .text.LL_AHB3_GRP1_EnableClock  quadspi.o
    0x080035f0   0x080035f0   0x00000020   Code   RO         1952    .text.LL_APB1_GRP1_EnableClock  usbd_conf.o
    0x08003610   0x08003610   0x0000001c   Code   RO           43    .text.LL_C2_RCC_SetAHBPrescaler  main.o
    0x0800362c   0x0800362c   0x00000010   Code   RO           23    .text.LL_FLASH_GetLatency  main.o
    0x0800363c   0x0800363c   0x0000001c   Code   RO           21    .text.LL_FLASH_SetLatency  main.o
    0x08003658   0x08003658   0x0000000e   Code   RO          596    .text.LL_RCC_GetAHBPrescaler  stm32wbxx_hal_rcc.o
    0x08003666   0x08003666   0x00000002   PAD
    0x08003668   0x08003668   0x0000000e   Code   RO           47    .text.LL_RCC_GetSysClkSource  main.o
    0x08003676   0x08003676   0x00000002   PAD
    0x08003678   0x08003678   0x0000000e   Code   RO          500    .text.LL_RCC_GetSysClkSource  stm32wbxx_hal_rcc.o
    0x08003686   0x08003686   0x00000002   PAD
    0x08003688   0x08003688   0x0000000e   Code   RO           25    .text.LL_RCC_HSE_Enable  main.o
    0x08003696   0x08003696   0x00000002   PAD
    0x08003698   0x08003698   0x0000000c   Code   RO          588    .text.LL_RCC_HSE_IsEnabledDiv2  stm32wbxx_hal_rcc.o
    0x080036a4   0x080036a4   0x0000000c   Code   RO           27    .text.LL_RCC_HSE_IsReady  main.o
    0x080036b0   0x080036b0   0x0000000e   Code   RO           29    .text.LL_RCC_HSI_Enable  main.o
    0x080036be   0x080036be   0x00000002   PAD
    0x080036c0   0x080036c0   0x0000000c   Code   RO           31    .text.LL_RCC_HSI_IsReady  main.o
    0x080036cc   0x080036cc   0x00000022   Code   RO          504    .text.LL_RCC_MSI_GetRange  stm32wbxx_hal_rcc.o
    0x080036ee   0x080036ee   0x00000002   PAD
    0x080036f0   0x080036f0   0x00000042   Code   RO           57    .text.LL_RCC_PLLSAI1_ConfigDomain_48M  main.o
    0x08003732   0x08003732   0x00000002   PAD
    0x08003734   0x08003734   0x0000000e   Code   RO           59    .text.LL_RCC_PLLSAI1_Enable  main.o
    0x08003742   0x08003742   0x00000002   PAD
    0x08003744   0x08003744   0x00000010   Code   RO           61    .text.LL_RCC_PLLSAI1_EnableDomain_48M  main.o
    0x08003754   0x08003754   0x0000000c   Code   RO           63    .text.LL_RCC_PLLSAI1_IsReady  main.o
    0x08003760   0x08003760   0x00000034   Code   RO           33    .text.LL_RCC_PLL_ConfigDomain_SYS  main.o
    0x08003794   0x08003794   0x0000000e   Code   RO           35    .text.LL_RCC_PLL_Enable  main.o
    0x080037a2   0x080037a2   0x00000002   PAD
    0x080037a4   0x080037a4   0x00000010   Code   RO           37    .text.LL_RCC_PLL_EnableDomain_SYS  main.o
    0x080037b4   0x080037b4   0x0000000e   Code   RO          592    .text.LL_RCC_PLL_GetDivider  stm32wbxx_hal_rcc.o
    0x080037c2   0x080037c2   0x00000002   PAD
    0x080037c4   0x080037c4   0x0000000e   Code   RO          502    .text.LL_RCC_PLL_GetMainSource  stm32wbxx_hal_rcc.o
    0x080037d2   0x080037d2   0x00000002   PAD
    0x080037d4   0x080037d4   0x0000000e   Code   RO          590    .text.LL_RCC_PLL_GetN  stm32wbxx_hal_rcc.o
    0x080037e2   0x080037e2   0x00000002   PAD
    0x080037e4   0x080037e4   0x0000000e   Code   RO          594    .text.LL_RCC_PLL_GetR  stm32wbxx_hal_rcc.o
    0x080037f2   0x080037f2   0x00000002   PAD
    0x080037f4   0x080037f4   0x0000000c   Code   RO           39    .text.LL_RCC_PLL_IsReady  main.o
    0x08003800   0x08003800   0x0000001e   Code   RO           49    .text.LL_RCC_SetAHB4Prescaler  main.o
    0x0800381e   0x0800381e   0x00000002   PAD
    0x08003820   0x08003820   0x0000001a   Code   RO           41    .text.LL_RCC_SetAHBPrescaler  main.o
    0x0800383a   0x0800383a   0x00000002   PAD
    0x0800383c   0x0800383c   0x0000001a   Code   RO           51    .text.LL_RCC_SetAPB1Prescaler  main.o
    0x08003856   0x08003856   0x00000002   PAD
    0x08003858   0x08003858   0x0000001a   Code   RO           53    .text.LL_RCC_SetAPB2Prescaler  main.o
    0x08003872   0x08003872   0x00000002   PAD
    0x08003874   0x08003874   0x0000001a   Code   RO         2020    .text.LL_RCC_SetCLK48ClockSource  usbd_conf.o
    0x0800388e   0x0800388e   0x00000002   PAD
    0x08003890   0x08003890   0x0000001a   Code   RO           69    .text.LL_RCC_SetRFWKPClockSource  main.o
    0x080038aa   0x080038aa   0x00000002   PAD
    0x080038ac   0x080038ac   0x0000001a   Code   RO           65    .text.LL_RCC_SetSMPSClockSource  main.o
    0x080038c6   0x080038c6   0x00000002   PAD
    0x080038c8   0x080038c8   0x0000001a   Code   RO           67    .text.LL_RCC_SetSMPSPrescaler  main.o
    0x080038e2   0x080038e2   0x00000002   PAD
    0x080038e4   0x080038e4   0x0000001a   Code   RO           45    .text.LL_RCC_SetSysClkSource  main.o
    0x080038fe   0x080038fe   0x00000002   PAD
    0x08003900   0x08003900   0x00000010   Code   RO         1948    .text.LL_RCC_SetUSBClockSource  usbd_conf.o
    0x08003910   0x08003910   0x00000014   Code   RO          180    .text.LL_SetSystemCoreClock  stm32wbxx_ll_utils.o
    0x08003924   0x08003924   0x0000008c   Code   RO         2256    .text.MSC_BOT_Abort  usbd_msc_bot.o
    0x080039b0   0x080039b0   0x00000130   Code   RO         2252    .text.MSC_BOT_CBW_Decode  usbd_msc_bot.o
    0x08003ae0   0x08003ae0   0x00000076   Code   RO         2254    .text.MSC_BOT_CplClrFeature  usbd_msc_bot.o
    0x08003b56   0x08003b56   0x00000002   PAD
    0x08003b58   0x08003b58   0x0000006e   Code   RO         2246    .text.MSC_BOT_DataIn  usbd_msc_bot.o
    0x08003bc6   0x08003bc6   0x00000002   PAD
    0x08003bc8   0x08003bc8   0x00000068   Code   RO         2250    .text.MSC_BOT_DataOut  usbd_msc_bot.o
    0x08003c30   0x08003c30   0x00000026   Code   RO         2244    .text.MSC_BOT_DeInit  usbd_msc_bot.o
    0x08003c56   0x08003c56   0x00000002   PAD
    0x08003c58   0x08003c58   0x00000086   Code   RO         2240    .text.MSC_BOT_Init  usbd_msc_bot.o
    0x08003cde   0x08003cde   0x00000002   PAD
    0x08003ce0   0x08003ce0   0x00000064   Code   RO         2242    .text.MSC_BOT_Reset  usbd_msc_bot.o
    0x08003d44   0x08003d44   0x00000076   Code   RO         2248    .text.MSC_BOT_SendCSW  usbd_msc_bot.o
    0x08003dba   0x08003dba   0x00000002   PAD
    0x08003dbc   0x08003dbc   0x0000007a   Code   RO         2258    .text.MSC_BOT_SendData  usbd_msc_bot.o
    0x08003e36   0x08003e36   0x00000002   PAD
    0x08003e38   0x08003e38   0x00000026   Code   RO          102    .text.MX_DMA_Init   dma.o
    0x08003e5e   0x08003e5e   0x00000002   PAD
    0x08003e60   0x08003e60   0x00000010   Code   RO           91    .text.MX_GPIO_Init  gpio.o
    0x08003e70   0x08003e70   0x0000003c   Code   RO          114    .text.MX_QUADSPI_Init  quadspi.o
    0x08003eac   0x08003eac   0x00000076   Code   RO         2031    .text.MX_USB_Device_Init  usb_device.o
    0x08003f22   0x08003f22   0x00000002   PAD
    0x08003f24   0x08003f24   0x00000002   Code   RO          139    .text.MemManage_Handler  stm32wbxx_it.o
    0x08003f26   0x08003f26   0x00000002   PAD
    0x08003f28   0x08003f28   0x00000002   Code   RO          135    .text.NMI_Handler   stm32wbxx_it.o
    0x08003f2a   0x08003f2a   0x00000002   PAD
    0x08003f2c   0x08003f2c   0x0000006c   Code   RO         1438    .text.NVIC_EncodePriority  stm32wbxx_hal_cortex.o
    0x08003f98   0x08003f98   0x00000650   Code   RO          341    .text.PCD_EP_ISR_Handler  stm32wbxx_hal_pcd.o
    0x080045e8   0x080045e8   0x00000002   Code   RO          149    .text.PendSV_Handler  stm32wbxx_it.o
    0x080045ea   0x080045ea   0x00000002   PAD
    0x080045ec   0x080045ec   0x00000040   Code   RO           19    .text.PeriphCommonClock_Config  main.o
    0x0800462c   0x0800462c   0x000002fa   Code   RO         1763    .text.QSPI_Config   stm32wbxx_hal_qspi.o
    0x08004926   0x08004926   0x00000002   PAD
    0x08004928   0x08004928   0x00000058   Code   RO         1757    .text.QSPI_DMAAbortCplt  stm32wbxx_hal_qspi.o
    0x08004980   0x08004980   0x00000036   Code   RO         1781    .text.QSPI_DMAError  stm32wbxx_hal_qspi.o
    0x080049b6   0x080049b6   0x00000002   PAD
    0x080049b8   0x080049b8   0x00000020   Code   RO         1785    .text.QSPI_DMARxCplt  stm32wbxx_hal_qspi.o
    0x080049d8   0x080049d8   0x00000016   Code   RO         1787    .text.QSPI_DMARxHalfCplt  stm32wbxx_hal_qspi.o
    0x080049ee   0x080049ee   0x00000002   PAD
    0x080049f0   0x080049f0   0x00000020   Code   RO         1777    .text.QSPI_DMATxCplt  stm32wbxx_hal_qspi.o
    0x08004a10   0x08004a10   0x00000016   Code   RO         1779    .text.QSPI_DMATxHalfCplt  stm32wbxx_hal_qspi.o
    0x08004a26   0x08004a26   0x00000002   PAD
    0x08004a28   0x08004a28   0x0000007a   Code   RO         1735    .text.QSPI_WaitFlagStateUntilTimeout  stm32wbxx_hal_qspi.o
    0x08004aa2   0x08004aa2   0x00000002   PAD
    0x08004aa4   0x08004aa4   0x0000000c   Code   RO          157    .text.QUADSPI_IRQHandler  stm32wbxx_it.o
    0x08004ab0   0x08004ab0   0x00000058   Code   RO         2286    .text.SCSI_AllowPreventRemovable  usbd_msc_scsi.o
    0x08004b08   0x08004b08   0x00000064   Code   RO         2312    .text.SCSI_CheckAddressRange  usbd_msc_scsi.o
    0x08004b6c   0x08004b6c   0x00000106   Code   RO         2282    .text.SCSI_Inquiry  usbd_msc_scsi.o
    0x08004c72   0x08004c72   0x00000002   PAD
    0x08004c74   0x08004c74   0x00000096   Code   RO         2290    .text.SCSI_ModeSense10  usbd_msc_scsi.o
    0x08004d0a   0x08004d0a   0x00000002   PAD
    0x08004d0c   0x08004d0c   0x00000096   Code   RO         2288    .text.SCSI_ModeSense6  usbd_msc_scsi.o
    0x08004da2   0x08004da2   0x00000002   PAD
    0x08004da4   0x08004da4   0x000001e6   Code   RO         2276    .text.SCSI_ProcessCmd  usbd_msc_scsi.o
    0x08004f8a   0x08004f8a   0x00000002   PAD
    0x08004f8c   0x08004f8c   0x00000114   Code   RO         2314    .text.SCSI_ProcessRead  usbd_msc_scsi.o
    0x080050a0   0x080050a0   0x0000014a   Code   RO         2316    .text.SCSI_ProcessWrite  usbd_msc_scsi.o
    0x080051ea   0x080051ea   0x00000002   PAD
    0x080051ec   0x080051ec   0x00000146   Code   RO         2298    .text.SCSI_Read10   usbd_msc_scsi.o
    0x08005332   0x08005332   0x00000002   PAD
    0x08005334   0x08005334   0x00000144   Code   RO         2300    .text.SCSI_Read12   usbd_msc_scsi.o
    0x08005478   0x08005478   0x000000d4   Code   RO         2294    .text.SCSI_ReadCapacity10  usbd_msc_scsi.o
    0x0800554c   0x0800554c   0x0000010c   Code   RO         2296    .text.SCSI_ReadCapacity16  usbd_msc_scsi.o
    0x08005658   0x08005658   0x000000fc   Code   RO         2292    .text.SCSI_ReadFormatCapacity  usbd_msc_scsi.o
    0x08005754   0x08005754   0x00000112   Code   RO         2280    .text.SCSI_RequestSense  usbd_msc_scsi.o
    0x08005866   0x08005866   0x00000002   PAD
    0x08005868   0x08005868   0x00000082   Code   RO         2308    .text.SCSI_SenseCode  usbd_msc_scsi.o
    0x080058ea   0x080058ea   0x00000002   PAD
    0x080058ec   0x080058ec   0x000000bc   Code   RO         2284    .text.SCSI_StartStopUnit  usbd_msc_scsi.o
    0x080059a8   0x080059a8   0x000000be   Code   RO         2278    .text.SCSI_TestUnitReady  usbd_msc_scsi.o
    0x08005a66   0x08005a66   0x00000002   PAD
    0x08005a68   0x08005a68   0x0000005c   Code   RO         2310    .text.SCSI_UpdateBotData  usbd_msc_scsi.o
    0x08005ac4   0x08005ac4   0x00000084   Code   RO         2306    .text.SCSI_Verify10  usbd_msc_scsi.o
    0x08005b48   0x08005b48   0x000001b0   Code   RO         2302    .text.SCSI_Write10  usbd_msc_scsi.o
    0x08005cf8   0x08005cf8   0x000001ba   Code   RO         2304    .text.SCSI_Write12  usbd_msc_scsi.o
    0x08005eb2   0x08005eb2   0x00000002   PAD
    0x08005eb4   0x08005eb4   0x00000032   Code   RO         2073    .text.STORAGE_GetCapacity_FS  usbd_storage_if.o
    0x08005ee6   0x08005ee6   0x00000002   PAD
    0x08005ee8   0x08005ee8   0x00000004   Code   RO         2083    .text.STORAGE_GetMaxLun_FS  usbd_storage_if.o
    0x08005eec   0x08005eec   0x0000000c   Code   RO         2071    .text.STORAGE_Init_FS  usbd_storage_if.o
    0x08005ef8   0x08005ef8   0x0000000c   Code   RO         2075    .text.STORAGE_IsReady_FS  usbd_storage_if.o
    0x08005f04   0x08005f04   0x0000000c   Code   RO         2077    .text.STORAGE_IsWriteProtected_FS  usbd_storage_if.o
    0x08005f10   0x08005f10   0x0000001e   Code   RO         2079    .text.STORAGE_Read_FS  usbd_storage_if.o
    0x08005f2e   0x08005f2e   0x00000002   PAD
    0x08005f30   0x08005f30   0x00000028   Code   RO         2081    .text.STORAGE_Write_FS  usbd_storage_if.o
    0x08005f58   0x08005f58   0x00000002   Code   RO          145    .text.SVC_Handler   stm32wbxx_it.o
    0x08005f5a   0x08005f5a   0x00000002   PAD
    0x08005f5c   0x08005f5c   0x00000036   Code   RO         2173    .text.SWAPBYTE      usbd_ctlreq.o
    0x08005f92   0x08005f92   0x00000002   PAD
    0x08005f94   0x08005f94   0x00000052   Code   RO         1454    .text.SysTick_Config  stm32wbxx_hal_cortex.o
    0x08005fe6   0x08005fe6   0x00000002   PAD
    0x08005fe8   0x08005fe8   0x00000004   Code   RO          151    .text.SysTick_Handler  stm32wbxx_it.o
    0x08005fec   0x08005fec   0x00000008   Code   RO         1972    .text.SystemClockConfig_Resume  usbd_conf.o
    0x08005ff4   0x08005ff4   0x000000b4   Code   RO           17    .text.SystemClock_Config  main.o
    0x080060a8   0x080060a8   0x00000076   Code   RO         1818    .text.SystemInit    system_stm32wbxx.o
    0x0800611e   0x0800611e   0x00000002   PAD
    0x08006120   0x08006120   0x00000032   Code   RO         2108    .text.USBD_ClrClassConfig  usbd_core.o
    0x08006152   0x08006152   0x00000002   PAD
    0x08006154   0x08006154   0x00000040   Code   RO         2163    .text.USBD_ClrFeature  usbd_ctlreq.o
    0x08006194   0x08006194   0x0000000e   Code   RO         2116    .text.USBD_CoreFindEP  usbd_core.o
    0x080061a2   0x080061a2   0x00000002   PAD
    0x080061a4   0x080061a4   0x0000000e   Code   RO         2114    .text.USBD_CoreFindIF  usbd_core.o
    0x080061b2   0x080061b2   0x00000002   PAD
    0x080061b4   0x080061b4   0x0000001e   Code   RO         2193    .text.USBD_CtlContinueRx  usbd_ioreq.o
    0x080061d2   0x080061d2   0x00000002   PAD
    0x080061d4   0x080061d4   0x0000001e   Code   RO         2189    .text.USBD_CtlContinueSendData  usbd_ioreq.o
    0x080061f2   0x080061f2   0x00000002   PAD
    0x080061f4   0x080061f4   0x0000001c   Code   RO         2165    .text.USBD_CtlError  usbd_ctlreq.o
    0x08006210   0x08006210   0x00000022   Code   RO         2197    .text.USBD_CtlReceiveStatus  usbd_ioreq.o
    0x08006232   0x08006232   0x00000002   PAD
    0x08006234   0x08006234   0x00000032   Code   RO         2187    .text.USBD_CtlSendData  usbd_ioreq.o
    0x08006266   0x08006266   0x00000002   PAD
    0x08006268   0x08006268   0x00000022   Code   RO         2195    .text.USBD_CtlSendStatus  usbd_ioreq.o
    0x0800628a   0x0800628a   0x00000002   PAD
    0x0800628c   0x0800628c   0x00000064   Code   RO         2157    .text.USBD_GetConfig  usbd_ctlreq.o
    0x080062f0   0x080062f0   0x0000031e   Code   RO         2151    .text.USBD_GetDescriptor  usbd_ctlreq.o
    0x0800660e   0x0800660e   0x00000002   PAD
    0x08006610   0x08006610   0x00000076   Code   RO         2138    .text.USBD_GetEpDesc  usbd_core.o
    0x08006686   0x08006686   0x00000002   PAD
    0x08006688   0x08006688   0x00000032   Code   RO         2177    .text.USBD_GetLen   usbd_ctlreq.o
    0x080066ba   0x080066ba   0x00000002   PAD
    0x080066bc   0x080066bc   0x00000026   Code   RO         2140    .text.USBD_GetNextDesc  usbd_core.o
    0x080066e2   0x080066e2   0x00000002   PAD
    0x080066e4   0x080066e4   0x00000062   Code   RO         2159    .text.USBD_GetStatus  usbd_ctlreq.o
    0x08006746   0x08006746   0x00000002   PAD
    0x08006748   0x08006748   0x000000bc   Code   RO         2175    .text.USBD_GetString  usbd_ctlreq.o
    0x08006804   0x08006804   0x00000052   Code   RO         1986    .text.USBD_Get_USB_Status  usbd_conf.o
    0x08006856   0x08006856   0x00000002   PAD
    0x08006858   0x08006858   0x0000006a   Code   RO         2094    .text.USBD_Init     usbd_core.o
    0x080068c2   0x080068c2   0x00000002   PAD
    0x080068c4   0x080068c4   0x0000003a   Code   RO         2000    .text.USBD_LL_ClearStallEP  usbd_conf.o
    0x080068fe   0x080068fe   0x00000002   PAD
    0x08006900   0x08006900   0x0000003a   Code   RO         1994    .text.USBD_LL_CloseEP  usbd_conf.o
    0x0800693a   0x0800693a   0x00000002   PAD
    0x0800693c   0x0800693c   0x00000190   Code   RO         2118    .text.USBD_LL_DataInStage  usbd_core.o
    0x08006acc   0x08006acc   0x000001b2   Code   RO         2112    .text.USBD_LL_DataOutStage  usbd_core.o
    0x08006c7e   0x08006c7e   0x00000002   PAD
    0x08006c80   0x08006c80   0x0000003a   Code   RO         1996    .text.USBD_LL_FlushEP  usbd_conf.o
    0x08006cba   0x08006cba   0x00000002   PAD
    0x08006cbc   0x08006cbc   0x0000001c   Code   RO         2010    .text.USBD_LL_GetRxDataSize  usbd_conf.o
    0x08006cd8   0x08006cd8   0x00000096   Code   RO         1982    .text.USBD_LL_Init  usbd_conf.o
    0x08006d6e   0x08006d6e   0x00000002   PAD
    0x08006d70   0x08006d70   0x0000005a   Code   RO         2002    .text.USBD_LL_IsStallEP  usbd_conf.o
    0x08006dca   0x08006dca   0x00000002   PAD
    0x08006dcc   0x08006dcc   0x0000004a   Code   RO         1992    .text.USBD_LL_OpenEP  usbd_conf.o
    0x08006e16   0x08006e16   0x00000002   PAD
    0x08006e18   0x08006e18   0x00000042   Code   RO         2008    .text.USBD_LL_PrepareReceive  usbd_conf.o
    0x08006e5a   0x08006e5a   0x00000002   PAD
    0x08006e5c   0x08006e5c   0x0000009c   Code   RO         2120    .text.USBD_LL_Reset  usbd_core.o
    0x08006ef8   0x08006ef8   0x00000024   Code   RO         2126    .text.USBD_LL_Resume  usbd_core.o
    0x08006f1c   0x08006f1c   0x0000003e   Code   RO         2128    .text.USBD_LL_SOF   usbd_core.o
    0x08006f5a   0x08006f5a   0x00000002   PAD
    0x08006f5c   0x08006f5c   0x00000016   Code   RO         2122    .text.USBD_LL_SetSpeed  usbd_core.o
    0x08006f72   0x08006f72   0x00000002   PAD
    0x08006f74   0x08006f74   0x0000003a   Code   RO         2004    .text.USBD_LL_SetUSBAddress  usbd_conf.o
    0x08006fae   0x08006fae   0x00000002   PAD
    0x08006fb0   0x08006fb0   0x00000094   Code   RO         2110    .text.USBD_LL_SetupStage  usbd_core.o
    0x08007044   0x08007044   0x0000003a   Code   RO         1998    .text.USBD_LL_StallEP  usbd_conf.o
    0x0800707e   0x0800707e   0x00000002   PAD
    0x08007080   0x08007080   0x00000032   Code   RO         1988    .text.USBD_LL_Start  usbd_conf.o
    0x080070b2   0x080070b2   0x00000002   PAD
    0x080070b4   0x080070b4   0x0000002c   Code   RO         2124    .text.USBD_LL_Suspend  usbd_core.o
    0x080070e0   0x080070e0   0x00000042   Code   RO         2006    .text.USBD_LL_Transmit  usbd_conf.o
    0x08007122   0x08007122   0x00000002   PAD
    0x08007124   0x08007124   0x0000004e   Code   RO         2050    .text.USBD_MSC_ConfigStrDescriptor  usbd_desc.o
    0x08007172   0x08007172   0x00000002   PAD
    0x08007174   0x08007174   0x0000001a   Code   RO         2214    .text.USBD_MSC_DataIn  usbd_msc.o
    0x0800718e   0x0800718e   0x00000002   PAD
    0x08007190   0x08007190   0x0000001a   Code   RO         2216    .text.USBD_MSC_DataOut  usbd_msc.o
    0x080071aa   0x080071aa   0x00000002   PAD
    0x080071ac   0x080071ac   0x000000a6   Code   RO         2210    .text.USBD_MSC_DeInit  usbd_msc.o
    0x08007252   0x08007252   0x00000002   PAD
    0x08007254   0x08007254   0x0000001a   Code   RO         2040    .text.USBD_MSC_DeviceDescriptor  usbd_desc.o
    0x0800726e   0x0800726e   0x00000002   PAD
    0x08007270   0x08007270   0x00000016   Code   RO         2224    .text.USBD_MSC_GetDeviceQualifierDescriptor  usbd_msc.o
    0x08007286   0x08007286   0x00000002   PAD
    0x08007288   0x08007288   0x00000052   Code   RO         2220    .text.USBD_MSC_GetFSCfgDesc  usbd_msc.o
    0x080072da   0x080072da   0x00000002   PAD
    0x080072dc   0x080072dc   0x00000056   Code   RO         2218    .text.USBD_MSC_GetHSCfgDesc  usbd_msc.o
    0x08007332   0x08007332   0x00000002   PAD
    0x08007334   0x08007334   0x00000052   Code   RO         2222    .text.USBD_MSC_GetOtherSpeedCfgDesc  usbd_msc.o
    0x08007386   0x08007386   0x00000002   PAD
    0x08007388   0x08007388   0x00000138   Code   RO         2208    .text.USBD_MSC_Init  usbd_msc.o
    0x080074c0   0x080074c0   0x0000004e   Code   RO         2052    .text.USBD_MSC_InterfaceStrDescriptor  usbd_desc.o
    0x0800750e   0x0800750e   0x00000002   PAD
    0x08007510   0x08007510   0x0000001a   Code   RO         2042    .text.USBD_MSC_LangIDStrDescriptor  usbd_desc.o
    0x0800752a   0x0800752a   0x00000002   PAD
    0x0800752c   0x0800752c   0x00000028   Code   RO         2044    .text.USBD_MSC_ManufacturerStrDescriptor  usbd_desc.o
    0x08007554   0x08007554   0x0000004e   Code   RO         2046    .text.USBD_MSC_ProductStrDescriptor  usbd_desc.o
    0x080075a2   0x080075a2   0x00000002   PAD
    0x080075a4   0x080075a4   0x00000034   Code   RO         2226    .text.USBD_MSC_RegisterStorage  usbd_msc.o
    0x080075d8   0x080075d8   0x00000020   Code   RO         2048    .text.USBD_MSC_SerialStrDescriptor  usbd_desc.o
    0x080075f8   0x080075f8   0x000001fc   Code   RO         2212    .text.USBD_MSC_Setup  usbd_msc.o
    0x080077f4   0x080077f4   0x00000062   Code   RO         2171    .text.USBD_ParseSetupRequest  usbd_ctlreq.o
    0x08007856   0x08007856   0x00000002   PAD
    0x08007858   0x08007858   0x00000072   Code   RO         2098    .text.USBD_RegisterClass  usbd_core.o
    0x080078ca   0x080078ca   0x00000002   PAD
    0x080078cc   0x080078cc   0x0000000a   Code   RO         2104    .text.USBD_RunTestMode  usbd_core.o
    0x080078d6   0x080078d6   0x00000002   PAD
    0x080078d8   0x080078d8   0x0000008c   Code   RO         2153    .text.USBD_SetAddress  usbd_ctlreq.o
    0x08007964   0x08007964   0x00000036   Code   RO         2106    .text.USBD_SetClassConfig  usbd_core.o
    0x0800799a   0x0800799a   0x00000002   PAD
    0x0800799c   0x0800799c   0x0000017e   Code   RO         2155    .text.USBD_SetConfig  usbd_ctlreq.o
    0x08007b1a   0x08007b1a   0x00000002   PAD
    0x08007b1c   0x08007b1c   0x0000004e   Code   RO         2161    .text.USBD_SetFeature  usbd_ctlreq.o
    0x08007b6a   0x08007b6a   0x00000002   PAD
    0x08007b6c   0x08007b6c   0x00000010   Code   RO         2100    .text.USBD_Start    usbd_core.o
    0x08007b7c   0x08007b7c   0x000000cc   Code   RO         2149    .text.USBD_StdDevReq  usbd_ctlreq.o
    0x08007c48   0x08007c48   0x000003ac   Code   RO         2169    .text.USBD_StdEPReq  usbd_ctlreq.o
    0x08007ff4   0x08007ff4   0x000000f4   Code   RO         2167    .text.USBD_StdItfReq  usbd_ctlreq.o
    0x080080e8   0x080080e8   0x00000008   Code   RO         2018    .text.USBD_static_free  usbd_conf.o
    0x080080f0   0x080080f0   0x00000010   Code   RO         2016    .text.USBD_static_malloc  usbd_conf.o
    0x08008100   0x08008100   0x00000886   Code   RO          443    .text.USB_ActivateEndpoint  stm32wbxx_ll_usb.o
    0x08008986   0x08008986   0x00000002   PAD
    0x08008988   0x08008988   0x00000360   Code   RO          445    .text.USB_DeactivateEndpoint  stm32wbxx_ll_usb.o
    0x08008ce8   0x08008ce8   0x00000018   Code   RO          461    .text.USB_DevConnect  stm32wbxx_ll_usb.o
    0x08008d00   0x08008d00   0x00000028   Code   RO          437    .text.USB_DevInit   stm32wbxx_ll_usb.o
    0x08008d28   0x08008d28   0x0000001e   Code   RO          433    .text.USB_DisableGlobalInt  stm32wbxx_ll_usb.o
    0x08008d46   0x08008d46   0x00000002   PAD
    0x08008d48   0x08008d48   0x0000013a   Code   RO          453    .text.USB_EPClearStall  stm32wbxx_ll_usb.o
    0x08008e82   0x08008e82   0x00000002   PAD
    0x08008e84   0x08008e84   0x00000088   Code   RO          451    .text.USB_EPSetStall  stm32wbxx_ll_usb.o
    0x08008f0c   0x08008f0c   0x000009da   Code   RO          447    .text.USB_EPStartXfer  stm32wbxx_ll_usb.o
    0x080098e6   0x080098e6   0x00000002   PAD
    0x080098e8   0x080098e8   0x0000001e   Code   RO          431    .text.USB_EnableGlobalInt  stm32wbxx_ll_usb.o
    0x08009906   0x08009906   0x00000002   PAD
    0x08009908   0x08009908   0x0000000a   Code   RO          441    .text.USB_FlushRxFifo  stm32wbxx_ll_usb.o
    0x08009912   0x08009912   0x00000002   PAD
    0x08009914   0x08009914   0x0000000c   Code   RO          439    .text.USB_FlushTxFifo  stm32wbxx_ll_usb.o
    0x08009920   0x08009920   0x0000000c   Code   RO          155    .text.USB_LP_IRQHandler  stm32wbxx_it.o
    0x0800992c   0x0800992c   0x00000012   Code   RO          465    .text.USB_ReadInterrupts  stm32wbxx_ll_usb.o
    0x0800993e   0x0800993e   0x00000002   PAD
    0x08009940   0x08009940   0x00000084   Code   RO          471    .text.USB_ReadPMA   stm32wbxx_ll_usb.o
    0x080099c4   0x080099c4   0x00000020   Code   RO          459    .text.USB_SetDevAddress  stm32wbxx_ll_usb.o
    0x080099e4   0x080099e4   0x0000007a   Code   RO          449    .text.USB_WritePMA  stm32wbxx_ll_usb.o
    0x08009a5e   0x08009a5e   0x00000002   PAD
    0x08009a60   0x08009a60   0x00000002   Code   RO          143    .text.UsageFault_Handler  stm32wbxx_it.o
    0x08009a62   0x08009a62   0x00000002   PAD
    0x08009a64   0x08009a64   0x00000030   Code   RO         1442    .text.__NVIC_EnableIRQ  stm32wbxx_hal_cortex.o
    0x08009a94   0x08009a94   0x00000010   Code   RO         1434    .text.__NVIC_GetPriorityGrouping  stm32wbxx_hal_cortex.o
    0x08009aa4   0x08009aa4   0x00000042   Code   RO         1436    .text.__NVIC_SetPriority  stm32wbxx_hal_cortex.o
    0x08009ae6   0x08009ae6   0x00000002   PAD
    0x08009ae8   0x08009ae8   0x0000003c   Code   RO         1430    .text.__NVIC_SetPriorityGrouping  stm32wbxx_hal_cortex.o
    0x08009b24   0x08009b24   0x00000148   Code   RO         2452    .text.check_fs      ff.o
    0x08009c6c   0x08009c6c   0x0000006c   Code   RO         2374    .text.clmt_clust    ff.o
    0x08009cd8   0x08009cd8   0x00000036   Code   RO         2368    .text.clst2sect     ff.o
    0x08009d0e   0x08009d0e   0x00000002   PAD
    0x08009d10   0x08009d10   0x000000ec   Code   RO         2458    .text.cmp_lfn       ff.o
    0x08009dfc   0x08009dfc   0x000001e2   Code   RO         2378    .text.create_chain  ff.o
    0x08009fde   0x08009fde   0x00000002   PAD
    0x08009fe0   0x08009fe0   0x00000456   Code   RO         2454    .text.create_name   ff.o
    0x0800a436   0x0800a436   0x00000002   PAD
    0x0800a438   0x0800a438   0x00000286   Code   RO         2432    .text.create_partition  ff.o
    0x0800a6be   0x0800a6be   0x00000002   PAD
    0x0800a6c0   0x0800a6c0   0x00000070   Code   RO         2466    .text.dbc_1st       ff.o
    0x0800a730   0x0800a730   0x0000009e   Code   RO         2476    .text.dbc_2nd       ff.o
    0x0800a7ce   0x0800a7ce   0x00000002   PAD
    0x0800a7d0   0x0800a7d0   0x000000a2   Code   RO         2428    .text.dir_alloc     ff.o
    0x0800a872   0x0800a872   0x00000002   PAD
    0x0800a874   0x0800a874   0x000000a0   Code   RO         2418    .text.dir_clear     ff.o
    0x0800a914   0x0800a914   0x000001c2   Code   RO         2456    .text.dir_find      ff.o
    0x0800aad6   0x0800aad6   0x00000002   PAD
    0x0800aad8   0x0800aad8   0x0000016a   Code   RO         2402    .text.dir_next      ff.o
    0x0800ac42   0x0800ac42   0x00000002   PAD
    0x0800ac44   0x0800ac44   0x00000184   Code   RO         2398    .text.dir_read      ff.o
    0x0800adc8   0x0800adc8   0x00000226   Code   RO         2352    .text.dir_register  ff.o
    0x0800afee   0x0800afee   0x00000002   PAD
    0x0800aff0   0x0800aff0   0x000000a6   Code   RO         2414    .text.dir_remove    ff.o
    0x0800b096   0x0800b096   0x00000002   PAD
    0x0800b098   0x0800b098   0x00000128   Code   RO         2392    .text.dir_sdi       ff.o
    0x0800b1c0   0x0800b1c0   0x0000000c   Code   RO         2327    .text.disk_initialize  diskio.o
    0x0800b1cc   0x0800b1cc   0x0000006e   Code   RO         2333    .text.disk_ioctl    diskio.o
    0x0800b23a   0x0800b23a   0x00000002   PAD
    0x0800b23c   0x0800b23c   0x0000003c   Code   RO         2329    .text.disk_read     diskio.o
    0x0800b278   0x0800b278   0x00000026   Code   RO         2325    .text.disk_status   diskio.o
    0x0800b29e   0x0800b29e   0x00000002   PAD
    0x0800b2a0   0x0800b2a0   0x0000007c   Code   RO         2331    .text.disk_write    diskio.o
    0x0800b31c   0x0800b31c   0x0000003e   Code   RO         2386    .text.f_close       ff.o
    0x0800b35a   0x0800b35a   0x00000002   PAD
    0x0800b35c   0x0800b35c   0x000009a6   Code   RO         2430    .text.f_mkfs        ff.o
    0x0800bd02   0x0800bd02   0x00000002   PAD
    0x0800bd04   0x0800bd04   0x000000aa   Code   RO         2342    .text.f_mount       ff.o
    0x0800bdae   0x0800bdae   0x00000002   PAD
    0x0800bdb0   0x0800bdb0   0x00000366   Code   RO         2348    .text.f_open        ff.o
    0x0800c116   0x0800c116   0x00000002   PAD
    0x0800c118   0x0800c118   0x000000ea   Code   RO         2380    .text.f_sync        ff.o
    0x0800c202   0x0800c202   0x00000002   PAD
    0x0800c204   0x0800c204   0x00000130   Code   RO         2412    .text.f_unlink      ff.o
    0x0800c334   0x0800c334   0x00000316   Code   RO         2376    .text.f_write       ff.o
    0x0800c64a   0x0800c64a   0x00000002   PAD
    0x0800c64c   0x0800c64c   0x0000013a   Code   RO           13    .text.fatfs_test    main.o
    0x0800c786   0x0800c786   0x00000002   PAD
    0x0800c788   0x0800c788   0x000000bc   Code   RO         2509    .text.ff_oem2uni    ffunicode.o
    0x0800c844   0x0800c844   0x000000c6   Code   RO         2507    .text.ff_uni2oem    ffunicode.o
    0x0800c90a   0x0800c90a   0x00000002   PAD
    0x0800c90c   0x0800c90c   0x00000150   Code   RO         2511    .text.ff_wtoupper   ffunicode.o
    0x0800ca5c   0x0800ca5c   0x000000e0   Code   RO         2450    .text.find_volume   ff.o
    0x0800cb3c   0x0800cb3c   0x00000104   Code   RO         2350    .text.follow_path   ff.o
    0x0800cc40   0x0800cc40   0x000000aa   Code   RO         1922    .text.ftl_alloc_critical_block  nand_ftl.o
    0x0800ccea   0x0800ccea   0x00000002   PAD
    0x0800ccec   0x0800ccec   0x0000002a   Code   RO         1906    .text.ftl_convert_sector  nand_ftl.o
    0x0800cd16   0x0800cd16   0x00000002   PAD
    0x0800cd18   0x0800cd18   0x0000007e   Code   RO         1932    .text.ftl_identify_region  nand_ftl.o
    0x0800cd96   0x0800cd96   0x00000002   PAD
    0x0800cd98   0x0800cd98   0x00000130   Code   RO         1908    .text.ftl_init      nand_ftl.o
    0x0800cec8   0x0800cec8   0x000000c6   Code   RO         1918    .text.ftl_init_critical_spare_block  nand_ftl.o
    0x0800cf8e   0x0800cf8e   0x00000002   PAD
    0x0800cf90   0x0800cf90   0x0000001e   Code   RO         1928    .text.ftl_is_block_formatted  nand_ftl.o
    0x0800cfae   0x0800cfae   0x00000002   PAD
    0x0800cfb0   0x0800cfb0   0x0000008a   Code   RO         1910    .text.ftl_load_descriptor  nand_ftl.o
    0x0800d03a   0x0800d03a   0x00000002   PAD
    0x0800d03c   0x0800d03c   0x000000f8   Code   RO         1912    .text.ftl_mark_critical_regions  nand_ftl.o
    0x0800d134   0x0800d134   0x00000016   Code   RO         1914    .text.ftl_read_block_meta  nand_ftl.o
    0x0800d14a   0x0800d14a   0x00000002   PAD
    0x0800d14c   0x0800d14c   0x00000022   Code   RO         1930    .text.ftl_read_page  nand_ftl.o
    0x0800d16e   0x0800d16e   0x00000002   PAD
    0x0800d170   0x0800d170   0x0000005c   Code   RO         1904    .text.ftl_save_descriptor  nand_ftl.o
    0x0800d1cc   0x0800d1cc   0x00000016   Code   RO         1916    .text.ftl_write_block_meta  nand_ftl.o
    0x0800d1e2   0x0800d1e2   0x00000002   PAD
    0x0800d1e4   0x0800d1e4   0x000000cc   Code   RO         1920    .text.ftl_write_critical  nand_ftl.o
    0x0800d2b0   0x0800d2b0   0x00000132   Code   RO         1926    .text.ftl_write_page  nand_ftl.o
    0x0800d3e2   0x0800d3e2   0x00000002   PAD
    0x0800d3e4   0x0800d3e4   0x0000018e   Code   RO         2462    .text.gen_numname   ff.o
    0x0800d572   0x0800d572   0x00000002   PAD
    0x0800d574   0x0800d574   0x00000164   Code   RO         2366    .text.get_fat       ff.o
    0x0800d6d8   0x0800d6d8   0x000000b6   Code   RO         2344    .text.get_ldnumber  ff.o
    0x0800d78e   0x0800d78e   0x00000002   PAD
    0x0800d790   0x0800d790   0x00000036   Code   RO         2356    .text.ld_clust      ff.o
    0x0800d7c6   0x0800d7c6   0x00000002   PAD
    0x0800d7c8   0x0800d7c8   0x00000034   Code   RO         2364    .text.ld_dword      ff.o
    0x0800d7fc   0x0800d7fc   0x00000024   Code   RO         2408    .text.ld_word       ff.o
    0x0800d820   0x0800d820   0x00000038   Code   RO           15    .text.main          main.o
    0x0800d858   0x0800d858   0x00000468   Code   RO         2346    .text.mount_volume  ff.o
    0x0800dcc0   0x0800dcc0   0x0000005e   Code   RO         2362    .text.move_window   ff.o
    0x0800dd1e   0x0800dd1e   0x00000002   PAD
    0x0800dd20   0x0800dd20   0x00000010   Code   RO         1838    .text.nand_flash_OTP_Disable  nand_flash.o
    0x0800dd30   0x0800dd30   0x0000000a   Code   RO         1834    .text.nand_flash_OTP_Enable  nand_flash.o
    0x0800dd3a   0x0800dd3a   0x00000002   PAD
    0x0800dd3c   0x0800dd3c   0x00000096   Code   RO         1886    .text.nand_flash_bad_block_check  nand_flash.o
    0x0800ddd2   0x0800ddd2   0x00000002   PAD
    0x0800ddd4   0x0800ddd4   0x000000b4   Code   RO         1840    .text.nand_flash_clear_feature_reg  nand_flash.o
    0x0800de88   0x0800de88   0x00000078   Code   RO         1866    .text.nand_flash_erase_block  nand_flash.o
    0x0800df00   0x0800df00   0x000000d8   Code   RO         1854    .text.nand_flash_get_check_uid  nand_flash.o
    0x0800dfd8   0x0800dfd8   0x0000008a   Code   RO         1852    .text.nand_flash_get_id  nand_flash.o
    0x0800e062   0x0800e062   0x00000002   PAD
    0x0800e064   0x0800e064   0x000000a8   Code   RO         1856    .text.nand_flash_get_param_page  nand_flash.o
    0x0800e10c   0x0800e10c   0x00000060   Code   RO         1892    .text.nand_flash_get_protection_reg  nand_flash.o
    0x0800e16c   0x0800e16c   0x00000066   Code   RO         1844    .text.nand_flash_get_status  nand_flash.o
    0x0800e1d2   0x0800e1d2   0x00000002   PAD
    0x0800e1d4   0x0800e1d4   0x00000084   Code   RO         1850    .text.nand_flash_initialize  nand_flash.o
    0x0800e258   0x0800e258   0x0000009a   Code   RO         1884    .text.nand_flash_internal_block_move  nand_flash.o
    0x0800e2f2   0x0800e2f2   0x00000002   PAD
    0x0800e2f4   0x0800e2f4   0x00000066   Code   RO         1878    .text.nand_flash_internal_page_data_move  nand_flash.o
    0x0800e35a   0x0800e35a   0x00000002   PAD
    0x0800e35c   0x0800e35c   0x00000066   Code   RO         1874    .text.nand_flash_page_read  nand_flash.o
    0x0800e3c2   0x0800e3c2   0x00000002   PAD
    0x0800e3c4   0x0800e3c4   0x0000005e   Code   RO         1848    .text.nand_flash_poweronreset  nand_flash.o
    0x0800e422   0x0800e422   0x00000002   PAD
    0x0800e424   0x0800e424   0x00000064   Code   RO         1890    .text.nand_flash_read_feature_reg  nand_flash.o
    0x0800e488   0x0800e488   0x0000014a   Code   RO         1872    .text.nand_flash_read_page_from_cache  nand_flash.o
    0x0800e5d2   0x0800e5d2   0x00000002   PAD
    0x0800e5d4   0x0800e5d4   0x00000092   Code   RO         1880    .text.nand_flash_read_page_spare  nand_flash.o
    0x0800e666   0x0800e666   0x00000002   PAD
    0x0800e668   0x0800e668   0x000000b6   Code   RO         1836    .text.nand_flash_set_feature_reg  nand_flash.o
    0x0800e71e   0x0800e71e   0x00000002   PAD
    0x0800e720   0x0800e720   0x000000be   Code   RO         1858    .text.nand_flash_set_protection_reg  nand_flash.o
    0x0800e7de   0x0800e7de   0x00000002   PAD
    0x0800e7e0   0x0800e7e0   0x00000062   Code   RO         1864    .text.nand_flash_start_program  nand_flash.o
    0x0800e842   0x0800e842   0x00000002   PAD
    0x0800e844   0x0800e844   0x000000f6   Code   RO         1842    .text.nand_flash_status_reg_check_bit  nand_flash.o
    0x0800e93a   0x0800e93a   0x00000002   PAD
    0x0800e93c   0x0800e93c   0x00000032   Code   RO         1862    .text.nand_flash_write_disable  nand_flash.o
    0x0800e96e   0x0800e96e   0x00000002   PAD
    0x0800e970   0x0800e970   0x0000005e   Code   RO         1860    .text.nand_flash_write_enable  nand_flash.o
    0x0800e9ce   0x0800e9ce   0x00000002   PAD
    0x0800e9d0   0x0800e9d0   0x000000ba   Code   RO         1868    .text.nand_flash_write_page  nand_flash.o
    0x0800ea8a   0x0800ea8a   0x00000002   PAD
    0x0800ea8c   0x0800ea8c   0x00000084   Code   RO         1882    .text.nand_flash_write_page_spare  nand_flash.o
    0x0800eb10   0x0800eb10   0x000000e0   Code   RO         2472    .text.pick_lfn      ff.o
    0x0800ebf0   0x0800ebf0   0x000001ec   Code   RO         2468    .text.put_fat       ff.o
    0x0800eddc   0x0800eddc   0x000000d0   Code   RO         2464    .text.put_lfn       ff.o
    0x0800eeac   0x0800eeac   0x000000f4   Code   RO         2360    .text.remove_chain  ff.o
    0x0800efa0   0x0800efa0   0x00000032   Code   RO         2358    .text.st_clust      ff.o
    0x0800efd2   0x0800efd2   0x00000002   PAD
    0x0800efd4   0x0800efd4   0x00000044   Code   RO         2354    .text.st_dword      ff.o
    0x0800f018   0x0800f018   0x0000002c   Code   RO         2382    .text.st_word       ff.o
    0x0800f044   0x0800f044   0x0000003e   Code   RO         2460    .text.sum_sfn       ff.o
    0x0800f082   0x0800f082   0x00000002   PAD
    0x0800f084   0x0800f084   0x000000c4   Code   RO         2384    .text.sync_fs       ff.o
    0x0800f148   0x0800f148   0x00000074   Code   RO         2470    .text.sync_window   ff.o
    0x0800f1bc   0x0800f1bc   0x00000098   Code   RO         2426    .text.tchar2uni     ff.o
    0x0800f254   0x0800f254   0x00000072   Code   RO         2372    .text.validate      ff.o
    0x0800f2c6   0x0800f2c6   0x0000001a   Code   RO         2697    x$fpl$fpinit        fz_wm.l(fpinit.o)
    0x0800f2e0   0x0800f2e0   0x00000040   Data   RO         1823    .rodata.AHBPrescTable  system_stm32wbxx.o
    0x0800f320   0x0800f320   0x0000000a   Data   RO         2498    .rodata.DbcTbl      ff.o
    0x0800f32a   0x0800f32a   0x0000000d   Data   RO         2497    .rodata.LfnOfs      ff.o
    0x0800f337   0x0800f337   0x00000001   PAD
    0x0800f338   0x0800f338   0x00000040   Data   RO         1825    .rodata.MSIRangeTable  system_stm32wbxx.o
    0x0800f378   0x0800f378   0x00000024   Data   RO         2085    .rodata.STORAGE_Inquirydata_FS  usbd_storage_if.o
    0x0800f39c   0x0800f39c   0x0000000e   Data   RO         2492    .rodata.f_mkfs.cst  ff.o
    0x0800f3aa   0x0800f3aa   0x0000000e   Data   RO         2493    .rodata.f_mkfs.cst32  ff.o
    0x0800f3b8   0x0800f3b8   0x00000010   Data   RO         2494    .rodata.f_mkfs.defopt  ff.o
    0x0800f3c8   0x0800f3c8   0x000001f2   Data   RO         2515    .rodata.ff_wtoupper.cvt1  ffunicode.o
    0x0800f5ba   0x0800f5ba   0x000000bc   Data   RO         2516    .rodata.ff_wtoupper.cvt2  ffunicode.o
    0x0800f676   0x0800f676   0x00015484   Data   RO         2514    .rodata.oem2uni936  ffunicode.o
    0x08024afa   0x08024afa   0x00000003   Data   RO           76    .rodata.str1.1      main.o
    0x08024afd   0x08024afd   0x0000003f   Data   RO         2062    .rodata.str1.1      usbd_desc.o
    0x08024b3c   0x08024b3c   0x00000038   Data   RO         2495    .rodata.str1.1      ff.o
    0x08024b74   0x08024b74   0x00015484   Data   RO         2513    .rodata.uni2oem936  ffunicode.o
    0x08039ff8   0x08039ff8   0x00000020   Data   RO         2758    Region$$Table       anon$$obj.o


    Execution Region RW_IRAM1 (Exec base: 0x20000008, Load base: 0x0803a018, Size: 0x00005650, Max: 0x00007ff8, ABSOLUTE, COMPRESSED[0x00000108])

    Exec Addr    Load Addr    Size         Type   Attr      Idx    E Section Name        Object

    0x20000008   COMPRESSED   0x00000001   Data   RW         1896    .data.DID1          nand_flash.o
    0x20000009   COMPRESSED   0x00000001   Data   RW         1895    .data.MID           nand_flash.o
    0x2000000a   COMPRESSED   0x00000001   Data   RW         2229    .data.MSCInEpAdd    usbd_msc.o
    0x2000000b   COMPRESSED   0x00000001   Data   RW         2230    .data.MSCOutEpAdd   usbd_msc.o
    0x2000000c   COMPRESSED   0x00000020   Data   RW         2058    .data.MSC_Desc      usbd_desc.o
    0x2000002c   COMPRESSED   0x00000008   Data   RW         2270    .data.MSC_Mode_Sense10_data  usbd_msc_data.o
    0x20000034   COMPRESSED   0x00000004   Data   RW         2269    .data.MSC_Mode_Sense6_data  usbd_msc_data.o
    0x20000038   COMPRESSED   0x00000006   Data   RW         2267    .data.MSC_Page00_Inquiry_Data  usbd_msc_data.o
    0x2000003e   COMPRESSED   0x00000008   Data   RW         2268    .data.MSC_Page80_Inquiry_Data  usbd_msc_data.o
    0x20000046   COMPRESSED   0x00000002   PAD
    0x20000048   COMPRESSED   0x00000004   Data   RW         1822    .data.SystemCoreClock  system_stm32wbxx.o
    0x2000004c   COMPRESSED   0x00000004   Data   RW         2060    .data.USBD_LangIDDesc  usbd_desc.o
    0x20000050   COMPRESSED   0x00000038   Data   RW         2228    .data.USBD_MSC      usbd_msc.o
    0x20000088   COMPRESSED   0x00000020   Data   RW         2231    .data.USBD_MSC_CfgDesc  usbd_msc.o
    0x200000a8   COMPRESSED   0x00000012   Data   RW         2059    .data.USBD_MSC_DeviceDesc  usbd_desc.o
    0x200000ba   COMPRESSED   0x00000002   PAD
    0x200000bc   COMPRESSED   0x0000000a   Data   RW         2232    .data.USBD_MSC_DeviceQualifierDesc  usbd_msc.o
    0x200000c6   COMPRESSED   0x00000002   PAD
    0x200000c8   COMPRESSED   0x00000020   Data   RW         2086    .data.USBD_Storage_Interface_fops_FS  usbd_storage_if.o
    0x200000e8   COMPRESSED   0x0000001a   Data   RW         2061    .data.USBD_StringSerial  usbd_desc.o
    0x20000102   COMPRESSED   0x00000007   Data   RW         1935    .data.boot_meta     nand_ftl.o
    0x20000109   COMPRESSED   0x00000007   Data   RW         1936    .data.fat_meta      nand_ftl.o
    0x20000110   COMPRESSED   0x00000009   Data   RW           74    .data.filepatah     main.o
    0x20000119   COMPRESSED   0x000018da   Data   RW         1934    .data.ftl           nand_ftl.o
    0x200019f3   COMPRESSED   0x00000007   Data   RW         1937    .data.rootdir_meta  nand_ftl.o
    0x200019fa   COMPRESSED   0x00000001   Data   RW         1654    .data.uwTickFreq    stm32wbxx_hal.o
    0x200019fb   COMPRESSED   0x00000001   PAD
    0x200019fc   COMPRESSED   0x00000004   Data   RW         1653    .data.uwTickPrio    stm32wbxx_hal.o
    0x20001a00        -       0x00000060   Zero   RW         2625    .bss                c_w.l(libspace.o)
    0x20001a60        -       0x00000004   Zero   RW         2490    .bss.FatFs          ff.o
    0x20001a64        -       0x00000002   Zero   RW         2496    .bss.Fsid           ff.o
    0x20001a66        -       0x00000001   Zero   RW         2179    .bss.USBD_SetConfig.cfgidx  usbd_ctlreq.o
    0x20001a67   COMPRESSED   0x00000001   PAD
    0x20001a68        -       0x00000200   Zero   RW         2063    .bss.USBD_StrDesc   usbd_desc.o
    0x20001c68        -       0x00000878   Zero   RW         2023    .bss.USBD_static_malloc.mem  usbd_conf.o
    0x200024e0        -       0x00000800   Zero   RW           77    .bss.buffer         main.o
    0x20002ce0        -       0x00000008   Zero   RW         1938    .bss.critical_blocks  nand_ftl.o
    0x20002ce8        -       0x0000082c   Zero   RW           79    .bss.file           main.o
    0x20003514        -       0x00000800   Zero   RW           78    .bss.formatWorkBuff  main.o
    0x20003d14        -       0x00000838   Zero   RW           75    .bss.fs             main.o
    0x2000454c        -       0x000002dc   Zero   RW         2033    .bss.hUsbDeviceFS   usb_device.o
    0x20004828        -       0x00000060   Zero   RW          127    .bss.hdma_quadspi   quadspi.o
    0x20004888        -       0x000002dc   Zero   RW         2022    .bss.hpcd_USB_FS    usbd_conf.o
    0x20004b64        -       0x00000044   Zero   RW          126    .bss.hqspi          quadspi.o
    0x20004ba8        -       0x00000004   Zero   RW           80    .bss.i              main.o
    0x20004bac        -       0x000000a0   Zero   RW         1894    .bss.nand_flash_info_buff  nand_flash.o
    0x20004c4c        -       0x00000004   Zero   RW           81    .bss.resbyte        main.o
    0x20004c50        -       0x00000004   Zero   RW         1655    .bss.uwTick         stm32wbxx_hal.o
    0x20004c54   COMPRESSED   0x00000004   PAD
    0x20004c58        -       0x00000200   Zero   RW            2    HEAP                startup_stm32wb35xx_cm4.o
    0x20004e58        -       0x00000800   Zero   RW            1    STACK               startup_stm32wb35xx_cm4.o


    Execution Region RW_RAM_SHARED (Exec base: 0x20030000, Load base: 0x0803a120, Size: 0x00000000, Max: 0x00002800, ABSOLUTE)

    **** No section assigned to this execution region ****


==============================================================================

Image component sizes


      Code (inc. data)   RO Data    RW Data    ZI Data      Debug   Object Name

       344          6          0          0          0       1795   diskio.o
        70          0          0          0          0       3774   dma.o
     15422          0        123          0          6      39765   ff.o
       722         10     175030          0          0       2042   ffunicode.o
        48          0          0          0          0       2293   gpio.o
      1180          0          3          9       8300       8233   main.o
      3534          0          0          2        160       9168   nand_flash.o
      1936          0          0       6383          8       5637   nand_ftl.o
       382          0          0          0        164       7848   quadspi.o
        64         26        316          0       2560        812   startup_stm32wb35xx_cm4.o
       298          0          0          5          4      14176   stm32wbxx_hal.o
       478          0          0          0          0       8900   stm32wbxx_hal_cortex.o
      1406          0          0          0          0       7609   stm32wbxx_hal_dma.o
       786          0          0          0          0       4866   stm32wbxx_hal_gpio.o
         2          0          0          0          0        344   stm32wbxx_hal_msp.o
      6342          0          0          0          0      13603   stm32wbxx_hal_pcd.o
       180          0          0          0          0       5030   stm32wbxx_hal_pcd_ex.o
        18          0          0          0          0      12882   stm32wbxx_hal_pwr_ex.o
      4664          0          0          0          0      14659   stm32wbxx_hal_qspi.o
       452          0          0          0          0      17140   stm32wbxx_hal_rcc.o
        56          0          0          0          0       6460   stm32wbxx_it.o
      6468          4          0          0          0      10760   stm32wbxx_ll_usb.o
        20          0          0          0          0       9693   stm32wbxx_ll_utils.o
       118          0        128          4          0       3372   system_stm32wbxx.o
       118          0          0          0        732       3096   usb_device.o
      1540          4          0          0       2900      15683   usbd_conf.o
      1836          0          0          0          0       8905   usbd_core.o
      3466         46          0          0          1       8560   usbd_ctlreq.o
       568          0         63         80        512       3104   usbd_desc.o
       178          0          0          0          0       4141   usbd_ioreq.o
      1362         12          0        100          0       7592   usbd_msc.o
      1288          0          0          0          0       6996   usbd_msc_bot.o
         0          0          0         26          0        688   usbd_msc_data.o
      5104          0          0          0          0      12408   usbd_msc_scsi.o
       160          0         36         32          0       2653   usbd_storage_if.o

    ----------------------------------------------------------------------
     61010        108     175732       6648      15352     284687   Object Totals
         0          0         32          0          0          0   (incl. Generated)
       400          0          1          7          5          0   (incl. Padding)

    ----------------------------------------------------------------------

      Code (inc. data)   RO Data    RW Data    ZI Data      Debug   Library Member Name

        58          0          0          0          0          0   __dczerorl.o
         8          0          0          0          0         68   __main.o
         0          0          0          0          0          0   __rtentry.o
        12          0          0          0          0          0   __rtentry2.o
         6          0          0          0          0          0   __rtentry4.o
        52          8          0          0          0          0   __scatter.o
        28          0          0          0          0          0   __scatter_zi.o
        16          0          0          0          0         68   aeabi_memset.o
        18          0          0          0          0         80   exit.o
         6          0          0          0          0        152   heapauxi.o
         0          0          0          0          0          0   indicate_semi.o
         2          0          0          0          0          0   libinit.o
         6          0          0          0          0          0   libinit2.o
         2          0          0          0          0          0   libshutdown.o
         2          0          0          0          0          0   libshutdown2.o
         8          4          0          0         96         68   libspace.o
        88          0          0          0          0         76   memcmp.o
        68          0          0          0          0         68   rt_memclr.o
        78          0          0          0          0         80   rt_memclr_w.o
       138          0          0          0          0         68   rt_memcpy_v6.o
       100          0          0          0          0         80   rt_memcpy_w.o
         2          0          0          0          0          0   rtexit.o
        10          0          0          0          0          0   rtexit2.o
        20          0          0          0          0         68   strchr.o
        12          4          0          0          0         68   sys_exit.o
        74          0          0          0          0         80   sys_stackheap_outer.o
         2          0          0          0          0         68   use_no_semi.o
        26          0          0          0          0        116   fpinit.o

    ----------------------------------------------------------------------
       850         16          0          0         96       1208   Library Totals
         8          0          0          0          0          0   (incl. Padding)

    ----------------------------------------------------------------------

      Code (inc. data)   RO Data    RW Data    ZI Data      Debug   Library Name

       816         16          0          0         96       1092   c_w.l
        26          0          0          0          0        116   fz_wm.l

    ----------------------------------------------------------------------
       850         16          0          0         96       1208   Library Totals

    ----------------------------------------------------------------------

==============================================================================


      Code (inc. data)   RO Data    RW Data    ZI Data      Debug   

     61860        124     175732       6648      15448     284735   Grand Totals
     61860        124     175732        264      15448     284735   ELF Image Totals (compressed)
     61860        124     175732        264          0          0   ROM Totals

==============================================================================

    Total RO  Size (Code + RO Data)               237592 ( 232.02kB)
    Total RW  Size (RW Data + ZI Data)             22096 (  21.58kB)
    Total ROM Size (Code + RO Data + RW Data)     237856 ( 232.28kB)

==============================================================================

