Component: ARM Compiler 6.16 Tool: armlink [5dfeaa00]

==============================================================================

Section Cross References

    startup_stm32wb35xx_cm4.o(STACK) refers (Special) to heapauxi.o(.text) for __use_two_region_memory
    startup_stm32wb35xx_cm4.o(HEAP) refers (Special) to heapauxi.o(.text) for __use_two_region_memory
    startup_stm32wb35xx_cm4.o(RESET) refers (Special) to heapauxi.o(.text) for __use_two_region_memory
    startup_stm32wb35xx_cm4.o(RESET) refers to startup_stm32wb35xx_cm4.o(STACK) for __initial_sp
    startup_stm32wb35xx_cm4.o(RESET) refers to startup_stm32wb35xx_cm4.o(.text) for Reset_Handler
    startup_stm32wb35xx_cm4.o(RESET) refers to stm32wbxx_it.o(.text.NMI_Handler) for NMI_Handler
    startup_stm32wb35xx_cm4.o(RESET) refers to stm32wbxx_it.o(.text.HardFault_Handler) for HardFault_Handler
    startup_stm32wb35xx_cm4.o(RESET) refers to stm32wbxx_it.o(.text.MemManage_Handler) for MemManage_Handler
    startup_stm32wb35xx_cm4.o(RESET) refers to stm32wbxx_it.o(.text.BusFault_Handler) for BusFault_Handler
    startup_stm32wb35xx_cm4.o(RESET) refers to stm32wbxx_it.o(.text.UsageFault_Handler) for UsageFault_Handler
    startup_stm32wb35xx_cm4.o(RESET) refers to stm32wbxx_it.o(.text.SVC_Handler) for SVC_Handler
    startup_stm32wb35xx_cm4.o(RESET) refers to stm32wbxx_it.o(.text.DebugMon_Handler) for DebugMon_Handler
    startup_stm32wb35xx_cm4.o(RESET) refers to stm32wbxx_it.o(.text.PendSV_Handler) for PendSV_Handler
    startup_stm32wb35xx_cm4.o(RESET) refers to stm32wbxx_it.o(.text.SysTick_Handler) for SysTick_Handler
    startup_stm32wb35xx_cm4.o(RESET) refers to stm32wbxx_it.o(.text.DMA1_Channel1_IRQHandler) for DMA1_Channel1_IRQHandler
    startup_stm32wb35xx_cm4.o(RESET) refers to stm32wbxx_it.o(.text.USB_LP_IRQHandler) for USB_LP_IRQHandler
    startup_stm32wb35xx_cm4.o(RESET) refers to stm32wbxx_it.o(.text.QUADSPI_IRQHandler) for QUADSPI_IRQHandler
    startup_stm32wb35xx_cm4.o(.text) refers (Special) to heapauxi.o(.text) for __use_two_region_memory
    startup_stm32wb35xx_cm4.o(.text) refers to system_stm32wbxx.o(.text.SystemInit) for SystemInit
    startup_stm32wb35xx_cm4.o(.text) refers to __main.o(!!!main) for __main
    startup_stm32wb35xx_cm4.o(.text) refers to startup_stm32wb35xx_cm4.o(HEAP) for Heap_Mem
    startup_stm32wb35xx_cm4.o(.text) refers to startup_stm32wb35xx_cm4.o(STACK) for Stack_Mem
    main.o(.text.nand_flash_test) refers to main.o(.data.introduction) for introduction
    main.o(.text.nand_flash_test) refers to rt_memclr.o(.text) for __aeabi_memclr
    main.o(.text.nand_flash_test) refers to nand_flash.o(.text.nand_flash_write_multi_page) for nand_flash_write_multi_page
    main.o(.text.nand_flash_test) refers to nand_flash.o(.text.nand_flash_read_page_from_cache) for nand_flash_read_page_from_cache
    main.o(.ARM.exidx.text.nand_flash_test) refers to main.o(.text.nand_flash_test) for [Anonymous Symbol]
    main.o(.text.fatfs_test) refers to main.o(.bss.fs) for fs
    main.o(.text.fatfs_test) refers to main.o(.rodata.str1.1) for .L.str
    main.o(.text.fatfs_test) refers to ff.o(.text.f_mount) for f_mount
    main.o(.text.fatfs_test) refers to main.o(.bss.formatWorkBuff) for formatWorkBuff
    main.o(.text.fatfs_test) refers to ff.o(.text.f_mkfs) for f_mkfs
    main.o(.text.fatfs_test) refers to main.o(.bss.file) for file
    main.o(.text.fatfs_test) refers to main.o(.data.filepatah) for filepatah
    main.o(.text.fatfs_test) refers to ff.o(.text.f_open) for f_open
    main.o(.text.fatfs_test) refers to main.o(.bss.resbyte) for resbyte
    main.o(.text.fatfs_test) refers to ff.o(.text.f_write) for f_write
    main.o(.text.fatfs_test) refers to ff.o(.text.f_close) for f_close
    main.o(.ARM.exidx.text.fatfs_test) refers to main.o(.text.fatfs_test) for [Anonymous Symbol]
    main.o(.text.main) refers to stm32wbxx_hal.o(.text.HAL_Init) for HAL_Init
    main.o(.text.main) refers to main.o(.text.SystemClock_Config) for SystemClock_Config
    main.o(.text.main) refers to main.o(.text.PeriphCommonClock_Config) for PeriphCommonClock_Config
    main.o(.text.main) refers to gpio.o(.text.MX_GPIO_Init) for MX_GPIO_Init
    main.o(.text.main) refers to dma.o(.text.MX_DMA_Init) for MX_DMA_Init
    main.o(.text.main) refers to quadspi.o(.text.MX_QUADSPI_Init) for MX_QUADSPI_Init
    main.o(.text.main) refers to nand_ftl.o(.text.ftl_init) for ftl_init
    main.o(.text.main) refers to main.o(.text.fatfs_test) for fatfs_test
    main.o(.ARM.exidx.text.main) refers to main.o(.text.main) for [Anonymous Symbol]
    main.o(.text.SystemClock_Config) refers to main.o(.text.LL_FLASH_SetLatency) for LL_FLASH_SetLatency
    main.o(.text.SystemClock_Config) refers to main.o(.text.LL_FLASH_GetLatency) for LL_FLASH_GetLatency
    main.o(.text.SystemClock_Config) refers to main.o(.text.LL_RCC_HSE_Enable) for LL_RCC_HSE_Enable
    main.o(.text.SystemClock_Config) refers to main.o(.text.LL_RCC_HSE_IsReady) for LL_RCC_HSE_IsReady
[...]
    .L.str.2                                 0x080214fa   Data          20  ff.o(.rodata.str1.1)
    [Anonymous Symbol]                       0x080214fa   Section        0  ff.o(.rodata.str1.1)
    .L.str.1                                 0x0802150e   Data          20  ff.o(.rodata.str1.1)
    .L.str.3                                 0x08021519   Data           9  ff.o(.rodata.str1.1)
    .L.str.5                                 0x08021522   Data           7  ff.o(.rodata.str1.1)
    .L.str.4                                 0x08021529   Data           9  ff.o(.rodata.str1.1)
    uni2oem936                               0x08021532   Data       87172  ffunicode.o(.rodata.uni2oem936)
    [Anonymous Symbol]                       0x08021532   Section        0  ffunicode.o(.rodata.uni2oem936)
    .L.str.6                                 0x08021547   Data           4  ff.o(.rodata.str1.1)
    .L.str.7                                 0x0802154b   Data           4  ff.o(.rodata.str1.1)
    .L.str.8                                 0x0802154f   Data           3  ff.o(.rodata.str1.1)
    DID1                                     0x20000008   Data           1  nand_flash.o(.data.DID1)
    [Anonymous Symbol]                       0x20000008   Section        0  nand_flash.o(.data.DID1)
    MID                                      0x20000009   Data           1  nand_flash.o(.data.MID)
    [Anonymous Symbol]                       0x20000009   Section        0  nand_flash.o(.data.MID)
    .bss                                     0x20000020   Section       96  libspace.o(.bss)
    FatFs                                    0x20000080   Data           4  ff.o(.bss.FatFs)
    [Anonymous Symbol]                       0x20000080   Section        0  ff.o(.bss.FatFs)
    Fsid                                     0x20000084   Data           2  ff.o(.bss.Fsid)
    [Anonymous Symbol]                       0x20000084   Section        0  ff.o(.bss.Fsid)
    USBD_SetConfig.cfgidx                    0x20000086   Data           1  usbd_ctlreq.o(.bss.USBD_SetConfig.cfgidx)
    [Anonymous Symbol]                       0x20000086   Section        0  usbd_ctlreq.o(.bss.USBD_SetConfig.cfgidx)
    ftl                                      0x200018ec   Data        6356  nand_ftl.o(.bss.ftl)
    [Anonymous Symbol]                       0x200018ec   Section        0  nand_ftl.o(.bss.ftl)
    Heap_Mem                                 0x20003de8   Data         512  startup_stm32wb35xx_cm4.o(HEAP)
    HEAP                                     0x20003de8   Section      512  startup_stm32wb35xx_cm4.o(HEAP)
    Stack_Mem                                0x20003fe8   Data        2048  startup_stm32wb35xx_cm4.o(STACK)
    STACK                                    0x20003fe8   Section     2048  startup_stm32wb35xx_cm4.o(STACK)
    __initial_sp                             0x200047e8   Data           0  startup_stm32wb35xx_cm4.o(STACK)

    Global Symbols

    Symbol Name                              Value     Ov Type        Size  Object(Section)

    BuildAttributes$$THM_ISAv4$E$P$D$K$B$S$7EM$VFPi3$EXTD16$VFPS$VFMA$PE$A:L22UL41UL21$X:L11$S22US41US21$IEEE1$IW$~IW$USESV6$~STKCKD$USESV7$~SHL$OTIME$ROPI$EBA8$UX$STANDARDLIB$REQ8$PRES8$EABIv2 0x00000000   Number         0  anon$$obj.o ABSOLUTE
    __ARM_exceptions_init                     - Undefined Weak Reference
    __alloca_initialize                       - Undefined Weak Reference
    __arm_preinit_                            - Undefined Weak Reference
    __cpp_initialize__aeabi_                  - Undefined Weak Reference
    __cxa_finalize                            - Undefined Weak Reference
    __rt_locale                               - Undefined Weak Reference
    __sigvec_lookup                           - Undefined Weak Reference
    _atexit_init                              - Undefined Weak Reference
    _call_atexit_fns                          - Undefined Weak Reference
    _clock_init                               - Undefined Weak Reference
    _fp_trap_init                             - Undefined Weak Reference
    _fp_trap_shutdown                         - Undefined Weak Reference
    _get_lc_collate                           - Undefined Weak Reference
    _get_lc_ctype                             - Undefined Weak Reference
    _get_lc_monetary                          - Undefined Weak Reference
    _get_lc_numeric                           - Undefined Weak Reference
    _get_lc_time                              - Undefined Weak Reference
    _getenv_init                              - Undefined Weak Reference
    _handle_redirection                       - Undefined Weak Reference
    _init_alloc                               - Undefined Weak Reference
    _init_user_alloc                          - Undefined Weak Reference
    _initio                                   - Undefined Weak Reference
    _rand_init                                - Undefined Weak Reference
    _signal_finish                            - Undefined Weak Reference
    _signal_init                              - Undefined Weak Reference
    _terminate_alloc                          - Undefined Weak Reference
    _terminate_user_alloc                     - Undefined Weak Reference
    _terminateio                              - Undefined Weak Reference
    __Vectors_Size                           0x0000013c   Number         0  startup_stm32wb35xx_cm4.o ABSOLUTE
    __Vectors                                0x08000000   Data           4  startup_stm32wb35xx_cm4.o(RESET)
    __Vectors_End                            0x0800013c   Data           0  startup_stm32wb35xx_cm4.o(RESET)
    __main                                   0x0800013d   Thumb Code     8  __main.o(!!!main)
    __scatterload                            0x08000145   Thumb Code     0  __scatter.o(!!!scatter)
    __scatterload_rt2                        0x08000145   Thumb Code    44  __scatter.o(!!!scatter)
    __scatterload_rt2_thumb_only             0x08000145   Thumb Code     0  __scatter.o(!!!scatter)
    __scatterload_null                       0x08000153   Thumb Code     0  __scatter.o(!!!scatter)
    __scatterload_copy                       0x08000179   Thumb Code    26  __scatter_copy.o(!!handler_copy)
    __scatterload_zeroinit                   0x08000195   Thumb Code    28  __scatter_zi.o(!!handler_zi)
    __rt_lib_init                            0x080001b1   Thumb Code     0  libinit.o(.ARM.Collect$$libinit$$00000000)
    __rt_lib_init_fp_1                       0x080001b3   Thumb Code     0  libinit2.o(.ARM.Collect$$libinit$$00000001)
    __rt_lib_init_alloca_1                   0x080001b7   Thumb Code     0  libinit2.o(.ARM.Collect$$libinit$$0000002E)
    __rt_lib_init_argv_1                     0x080001b7   Thumb Code     0  libinit2.o(.ARM.Collect$$libinit$$0000002C)
    __rt_lib_init_atexit_1                   0x080001b7   Thumb Code     0  libinit2.o(.ARM.Collect$$libinit$$0000001B)
    __rt_lib_init_clock_1                    0x080001b7   Thumb Code     0  libinit2.o(.ARM.Collect$$libinit$$00000021)
    __rt_lib_init_cpp_1                      0x080001b7   Thumb Code     0  libinit2.o(.ARM.Collect$$libinit$$00000032)
    __rt_lib_init_exceptions_1               0x080001b7   Thumb Code     0  libinit2.o(.ARM.Collect$$libinit$$00000030)
    __rt_lib_init_fp_trap_1                  0x080001b7   Thumb Code     0  libinit2.o(.ARM.Collect$$libinit$$0000001F)
    __rt_lib_init_getenv_1                   0x080001b7   Thumb Code     0  libinit2.o(.ARM.Collect$$libinit$$00000023)
    __rt_lib_init_heap_1                     0x080001b7   Thumb Code     0  libinit2.o(.ARM.Collect$$libinit$$0000000A)
    __rt_lib_init_lc_collate_1               0x080001b7   Thumb Code     0  libinit2.o(.ARM.Collect$$libinit$$00000011)
    __rt_lib_init_lc_ctype_1                 0x080001b7   Thumb Code     0  libinit2.o(.ARM.Collect$$libinit$$00000013)
    __rt_lib_init_lc_monetary_1              0x080001b7   Thumb Code     0  libinit2.o(.ARM.Collect$$libinit$$00000015)
    __rt_lib_init_lc_numeric_1               0x080001b7   Thumb Code     0  libinit2.o(.ARM.Collect$$libinit$$00000017)
    __rt_lib_init_lc_time_1                  0x080001b7   Thumb Code     0  libinit2.o(.ARM.Collect$$libinit$$00000019)
    __rt_lib_init_preinit_1                  0x080001b7   Thumb Code     0  libinit2.o(.ARM.Collect$$libinit$$00000004)
    __rt_lib_init_rand_1                     0x080001b7   Thumb Code     0  libinit2.o(.ARM.Collect$$libinit$$0000000E)
    __rt_lib_init_return                     0x080001b7   Thumb Code     0  libinit2.o(.ARM.Collect$$libinit$$00000033)
    __rt_lib_init_signal_1                   0x080001b7   Thumb Code     0  libinit2.o(.ARM.Collect$$libinit$$0000001D)
    __rt_lib_init_stdio_1                    0x080001b7   Thumb Code     0  libinit2.o(.ARM.Collect$$libinit$$00000025)
    __rt_lib_init_user_alloc_1               0x080001b7   Thumb Code     0  libinit2.o(.ARM.Collect$$libinit$$0000000C)
    __rt_lib_shutdown                        0x080001b9   Thumb Code     0  libshutdown.o(.ARM.Collect$$libshutdown$$00000000)
    __rt_lib_shutdown_cpp_1                  0x080001bb   Thumb Code     0  libshutdown2.o(.ARM.Collect$$libshutdown$$00000002)
    __rt_lib_shutdown_fp_trap_1              0x080001bb   Thumb Code     0  libshutdown2.o(.ARM.Collect$$libshutdown$$00000007)
    __rt_lib_shutdown_heap_1                 0x080001bb   Thumb Code     0  libshutdown2.o(.ARM.Collect$$libshutdown$$0000000F)
    __rt_lib_shutdown_return                 0x080001bb   Thumb Code     0  libshutdown2.o(.ARM.Collect$$libshutdown$$00000010)
    __rt_lib_shutdown_signal_1               0x080001bb   Thumb Code     0  libshutdown2.o(.ARM.Collect$$libshutdown$$0000000A)
    __rt_lib_shutdown_stdio_1                0x080001bb   Thumb Code     0  libshutdown2.o(.ARM.Collect$$libshutdown$$00000004)
    __rt_lib_shutdown_user_alloc_1           0x080001bb   Thumb Code     0  libshutdown2.o(.ARM.Collect$$libshutdown$$0000000C)
    __rt_entry                               0x080001bd   Thumb Code     0  __rtentry.o(.ARM.Collect$$rtentry$$00000000)
    __rt_entry_presh_1                       0x080001bd   Thumb Code     0  __rtentry2.o(.ARM.Collect$$rtentry$$00000002)
    __rt_entry_sh                            0x080001bd   Thumb Code     0  __rtentry4.o(.ARM.Collect$$rtentry$$00000004)
    __rt_entry_li                            0x080001c3   Thumb Code     0  __rtentry2.o(.ARM.Collect$$rtentry$$0000000A)
    __rt_entry_postsh_1                      0x080001c3   Thumb Code     0  __rtentry2.o(.ARM.Collect$$rtentry$$00000009)
    __rt_entry_main                          0x080001c7   Thumb Code     0  __rtentry2.o(.ARM.Collect$$rtentry$$0000000D)
    __rt_entry_postli_1                      0x080001c7   Thumb Code     0  __rtentry2.o(.ARM.Collect$$rtentry$$0000000C)
    __rt_exit                                0x080001cf   Thumb Code     0  rtexit.o(.ARM.Collect$$rtexit$$00000000)
    __rt_exit_ls                             0x080001d1   Thumb Code     0  rtexit2.o(.ARM.Collect$$rtexit$$00000003)
    __rt_exit_prels_1                        0x080001d1   Thumb Code     0  rtexit2.o(.ARM.Collect$$rtexit$$00000002)
    __rt_exit_exit                           0x080001d5   Thumb Code     0  rtexit2.o(.ARM.Collect$$rtexit$$00000004)
    Reset_Handler                            0x080001dd   Thumb Code     8  startup_stm32wb35xx_cm4.o(.text)
    ADC1_IRQHandler                          0x080001f7   Thumb Code     0  startup_stm32wb35xx_cm4.o(.text)
    AES1_IRQHandler                          0x080001f7   Thumb Code     0  startup_stm32wb35xx_cm4.o(.text)
    AES2_IRQHandler                          0x080001f7   Thumb Code     0  startup_stm32wb35xx_cm4.o(.text)
    C2SEV_PWR_C2H_IRQHandler                 0x080001f7   Thumb Code     0  startup_stm32wb35xx_cm4.o(.text)
    COMP_IRQHandler                          0x080001f7   Thumb Code     0  startup_stm32wb35xx_cm4.o(.text)
    CRS_IRQHandler                           0x080001f7   Thumb Code     0  startup_stm32wb35xx_cm4.o(.text)
    DMA1_Channel2_IRQHandler                 0x080001f7   Thumb Code     0  startup_stm32wb35xx_cm4.o(.text)
    DMA1_Channel3_IRQHandler                 0x080001f7   Thumb Code     0  startup_stm32wb35xx_cm4.o(.text)
    DMA1_Channel4_IRQHandler                 0x080001f7   Thumb Code     0  startup_stm32wb35xx_cm4.o(.text)
    DMA1_Channel5_IRQHandler                 0x080001f7   Thumb Code     0  startup_stm32wb35xx_cm4.o(.text)
    DMA1_Channel6_IRQHandler                 0x080001f7   Thumb Code     0  startup_stm32wb35xx_cm4.o(.text)
    DMA1_Channel7_IRQHandler                 0x080001f7   Thumb Code     0  startup_stm32wb35xx_cm4.o(.text)
    DMA2_Channel1_IRQHandler                 0x080001f7   Thumb Code     0  startup_stm32wb35xx_cm4.o(.text)
    DMA2_Channel2_IRQHandler                 0x080001f7   Thumb Code     0  startup_stm32wb35xx_cm4.o(.text)
    DMA2_Channel3_IRQHandler                 0x080001f7   Thumb Code     0  startup_stm32wb35xx_cm4.o(.text)
    DMA2_Channel4_IRQHandler                 0x080001f7   Thumb Code     0  startup_stm32wb35xx_cm4.o(.text)
    DMA2_Channel5_IRQHandler                 0x080001f7   Thumb Code     0  startup_stm32wb35xx_cm4.o(.text)
    DMA2_Channel6_IRQHandler                 0x080001f7   Thumb Code     0  startup_stm32wb35xx_cm4.o(.text)
    DMA2_Channel7_IRQHandler                 0x080001f7   Thumb Code     0  startup_stm32wb35xx_cm4.o(.text)
    DMAMUX1_OVR_IRQHandler                   0x080001f7   Thumb Code     0  startup_stm32wb35xx_cm4.o(.text)
    EXTI0_IRQHandler                         0x080001f7   Thumb Code     0  startup_stm32wb35xx_cm4.o(.text)
    EXTI15_10_IRQHandler                     0x080001f7   Thumb Code     0  startup_stm32wb35xx_cm4.o(.text)
    EXTI1_IRQHandler                         0x080001f7   Thumb Code     0  startup_stm32wb35xx_cm4.o(.text)
    EXTI2_IRQHandler                         0x080001f7   Thumb Code     0  startup_stm32wb35xx_cm4.o(.text)
    EXTI3_IRQHandler                         0x080001f7   Thumb Code     0  startup_stm32wb35xx_cm4.o(.text)
    EXTI4_IRQHandler                         0x080001f7   Thumb Code     0  startup_stm32wb35xx_cm4.o(.text)
    EXTI9_5_IRQHandler                       0x080001f7   Thumb Code     0  startup_stm32wb35xx_cm4.o(.text)
    FLASH_IRQHandler                         0x080001f7   Thumb Code     0  startup_stm32wb35xx_cm4.o(.text)
    FPU_IRQHandler                           0x080001f7   Thumb Code     0  startup_stm32wb35xx_cm4.o(.text)
    HSEM_IRQHandler                          0x080001f7   Thumb Code     0  startup_stm32wb35xx_cm4.o(.text)
    I2C1_ER_IRQHandler                       0x080001f7   Thumb Code     0  startup_stm32wb35xx_cm4.o(.text)
    I2C1_EV_IRQHandler                       0x080001f7   Thumb Code     0  startup_stm32wb35xx_cm4.o(.text)
    I2C3_ER_IRQHandler                       0x080001f7   Thumb Code     0  startup_stm32wb35xx_cm4.o(.text)
    I2C3_EV_IRQHandler                       0x080001f7   Thumb Code     0  startup_stm32wb35xx_cm4.o(.text)
    IPCC_C1_RX_IRQHandler                    0x080001f7   Thumb Code     0  startup_stm32wb35xx_cm4.o(.text)
    IPCC_C1_TX_IRQHandler                    0x080001f7   Thumb Code     0  startup_stm32wb35xx_cm4.o(.text)
    LPTIM1_IRQHandler                        0x080001f7   Thumb Code     0  startup_stm32wb35xx_cm4.o(.text)
    LPTIM2_IRQHandler                        0x080001f7   Thumb Code     0  startup_stm32wb35xx_cm4.o(.text)
    LPUART1_IRQHandler                       0x080001f7   Thumb Code     0  startup_stm32wb35xx_cm4.o(.text)
    PKA_IRQHandler                           0x080001f7   Thumb Code     0  startup_stm32wb35xx_cm4.o(.text)
    PVD_PVM_IRQHandler                       0x080001f7   Thumb Code     0  startup_stm32wb35xx_cm4.o(.text)
    PWR_SOTF_BLEACT_802ACT_RFPHASE_IRQHandler 0x080001f7   Thumb Code     0  startup_stm32wb35xx_cm4.o(.text)
    RCC_IRQHandler                           0x080001f7   Thumb Code     0  startup_stm32wb35xx_cm4.o(.text)
    RNG_IRQHandler                           0x080001f7   Thumb Code     0  startup_stm32wb35xx_cm4.o(.text)
    RTC_Alarm_IRQHandler                     0x080001f7   Thumb Code     0  startup_stm32wb35xx_cm4.o(.text)
    RTC_WKUP_IRQHandler                      0x080001f7   Thumb Code     0  startup_stm32wb35xx_cm4.o(.text)
    SPI1_IRQHandler                          0x080001f7   Thumb Code     0  startup_stm32wb35xx_cm4.o(.text)
    TAMP_STAMP_LSECSS_IRQHandler             0x080001f7   Thumb Code     0  startup_stm32wb35xx_cm4.o(.text)
    TIM1_BRK_IRQHandler                      0x080001f7   Thumb Code     0  startup_stm32wb35xx_cm4.o(.text)
    TIM1_CC_IRQHandler                       0x080001f7   Thumb Code     0  startup_stm32wb35xx_cm4.o(.text)
    TIM1_TRG_COM_TIM17_IRQHandler            0x080001f7   Thumb Code     0  startup_stm32wb35xx_cm4.o(.text)
    TIM1_UP_TIM16_IRQHandler                 0x080001f7   Thumb Code     0  startup_stm32wb35xx_cm4.o(.text)
    TIM2_IRQHandler                          0x080001f7   Thumb Code     0  startup_stm32wb35xx_cm4.o(.text)
    USART1_IRQHandler                        0x080001f7   Thumb Code     0  startup_stm32wb35xx_cm4.o(.text)
    USB_HP_IRQHandler                        0x080001f7   Thumb Code     0  startup_stm32wb35xx_cm4.o(.text)
    WWDG_IRQHandler                          0x080001f7   Thumb Code     0  startup_stm32wb35xx_cm4.o(.text)
    __user_initial_stackheap                 0x080001f9   Thumb Code     0  startup_stm32wb35xx_cm4.o(.text)
    strchr                                   0x0800021d   Thumb Code    20  strchr.o(.text)
    memcmp                                   0x08000231   Thumb Code    88  memcmp.o(.text)
    __aeabi_memcpy                           0x08000289   Thumb Code     0  rt_memcpy_v6.o(.text)
    __rt_memcpy                              0x08000289   Thumb Code   138  rt_memcpy_v6.o(.text)
    _memcpy_lastbytes                        0x080002ef   Thumb Code     0  rt_memcpy_v6.o(.text)
    __aeabi_memmove                          0x08000313   Thumb Code     0  rt_memmove_v6.o(.text)
    __rt_memmove                             0x08000313   Thumb Code   132  rt_memmove_v6.o(.text)
    __memmove_lastfew                        0x08000373   Thumb Code     0  rt_memmove_v6.o(.text)
    __aeabi_memclr                           0x08000397   Thumb Code     0  rt_memclr.o(.text)
    __rt_memclr                              0x08000397   Thumb Code     0  rt_memclr.o(.text)
    _memset                                  0x0800039b   Thumb Code    64  rt_memclr.o(.text)
    __aeabi_memclr4                          0x080003db   Thumb Code     0  rt_memclr_w.o(.text)
    __aeabi_memclr8                          0x080003db   Thumb Code     0  rt_memclr_w.o(.text)
    __rt_memclr_w                            0x080003db   Thumb Code     0  rt_memclr_w.o(.text)
    _memset_w                                0x080003df   Thumb Code    74  rt_memclr_w.o(.text)
    __use_two_region_memory                  0x08000429   Thumb Code     2  heapauxi.o(.text)
    __rt_heap_escrow$2region                 0x0800042b   Thumb Code     2  heapauxi.o(.text)
    __rt_heap_expand$2region                 0x0800042d   Thumb Code     2  heapauxi.o(.text)
    __aeabi_memcpy4                          0x0800042f   Thumb Code     0  rt_memcpy_w.o(.text)
    __aeabi_memcpy8                          0x0800042f   Thumb Code     0  rt_memcpy_w.o(.text)
    __rt_memcpy_w                            0x0800042f   Thumb Code   100  rt_memcpy_w.o(.text)
    _memcpy_lastbytes_aligned                0x08000477   Thumb Code     0  rt_memcpy_w.o(.text)
    __aeabi_memmove4                         0x08000493   Thumb Code     0  rt_memmove_w.o(.text)
    __aeabi_memmove8                         0x08000493   Thumb Code     0  rt_memmove_w.o(.text)
    __rt_memmove_w                           0x08000493   Thumb Code   122  rt_memmove_w.o(.text)
    __memmove_aligned                        0x080004b9   Thumb Code     0  rt_memmove_w.o(.text)
    __memmove_lastfew_aligned                0x080004f1   Thumb Code     0  rt_memmove_w.o(.text)
    __user_setup_stackheap                   0x0800050d   Thumb Code    74  sys_stackheap_outer.o(.text)
    exit                                     0x08000557   Thumb Code    18  exit.o(.text)
    __user_libspace                          0x08000569   Thumb Code     8  libspace.o(.text)
    __user_perproc_libspace                  0x08000569   Thumb Code     0  libspace.o(.text)
    __user_perthread_libspace                0x08000569   Thumb Code     0  libspace.o(.text)
    _sys_exit                                0x08000571   Thumb Code     8  sys_exit.o(.text)
    __I$use$semihosting                      0x0800057d   Thumb Code     0  use_no_semi.o(.text)
    __use_no_semihosting_swi                 0x0800057d   Thumb Code     2  use_no_semi.o(.text)
    __semihosting_library_function           0x0800057f   Thumb Code     0  indicate_semi.o(.text)
    BusFault_Handler                         0x08000581   Thumb Code     2  stm32wbxx_it.o(.text.BusFault_Handler)
    DMA1_Channel1_IRQHandler                 0x08000585   Thumb Code    12  stm32wbxx_it.o(.text.DMA1_Channel1_IRQHandler)
    DebugMon_Handler                         0x080006b9   Thumb Code     2  stm32wbxx_it.o(.text.DebugMon_Handler)
    Error_Handler                            0x080006bd   Thumb Code    14  main.o(.text.Error_Handler)
    HAL_DMA_Abort_IT                         0x080006cd   Thumb Code   174  stm32wbxx_hal_dma.o(.text.HAL_DMA_Abort_IT)
    HAL_DMA_IRQHandler                       0x0800077d   Thumb Code   342  stm32wbxx_hal_dma.o(.text.HAL_DMA_IRQHandler)
    HAL_DMA_Init                             0x080008d5   Thumb Code   346  stm32wbxx_hal_dma.o(.text.HAL_DMA_Init)
    HAL_DMA_Start_IT                         0x08000a31   Thumb Code   252  stm32wbxx_hal_dma.o(.text.HAL_DMA_Start_IT)
    HAL_Delay                                0x08000b2d   Thumb Code    66  stm32wbxx_hal.o(.text.HAL_Delay)
    HAL_GPIO_Init                            0x08000b71   Thumb Code   786  stm32wbxx_hal_gpio.o(.text.HAL_GPIO_Init)
    HAL_GetTick                              0x08000e85   Thumb Code    12  stm32wbxx_hal.o(.text.HAL_GetTick)
    HAL_IncTick                              0x08000e91   Thumb Code    26  stm32wbxx_hal.o(.text.HAL_IncTick)
    HAL_Init                                 0x08000ead   Thumb Code    64  stm32wbxx_hal.o(.text.HAL_Init)
    HAL_InitTick                             0x08000eed   Thumb Code   130  stm32wbxx_hal.o(.text.HAL_InitTick)
    HAL_MspInit                              0x08000f71   Thumb Code     2  stm32wbxx_hal_msp.o(.text.HAL_MspInit)
    HAL_NVIC_EnableIRQ                       0x08000f75   Thumb Code    20  stm32wbxx_hal_cortex.o(.text.HAL_NVIC_EnableIRQ)
    HAL_NVIC_SetPriority                     0x08000f89   Thumb Code    46  stm32wbxx_hal_cortex.o(.text.HAL_NVIC_SetPriority)
    HAL_NVIC_SetPriorityGrouping             0x08000fb9   Thumb Code    16  stm32wbxx_hal_cortex.o(.text.HAL_NVIC_SetPriorityGrouping)
    HAL_PCDEx_LPM_Callback                   0x08000fc9   Thumb Code   114  usbd_conf.o(.text.HAL_PCDEx_LPM_Callback)
    HAL_PCD_DataInStageCallback              0x0800103d   Thumb Code    38  usbd_conf.o(.text.HAL_PCD_DataInStageCallback)
    HAL_PCD_DataOutStageCallback             0x08001065   Thumb Code    40  usbd_conf.o(.text.HAL_PCD_DataOutStageCallback)
    HAL_PCD_EP_ClrStall                      0x0800108d   Thumb Code   200  stm32wbxx_hal_pcd.o(.text.HAL_PCD_EP_ClrStall)
    HAL_PCD_EP_Open                          0x08001b3d   Thumb Code   222  stm32wbxx_hal_pcd.o(.text.HAL_PCD_EP_Open)
    HAL_PCD_EP_Receive                       0x08001c1d   Thumb Code    90  stm32wbxx_hal_pcd.o(.text.HAL_PCD_EP_Receive)
    HAL_PCD_EP_SetStall                      0x08001c79   Thumb Code   196  stm32wbxx_hal_pcd.o(.text.HAL_PCD_EP_SetStall)
    HAL_PCD_EP_Transmit                      0x08001d3d   Thumb Code   102  stm32wbxx_hal_pcd.o(.text.HAL_PCD_EP_Transmit)
    HAL_PCD_IRQHandler                       0x08001da5   Thumb Code   488  stm32wbxx_hal_pcd.o(.text.HAL_PCD_IRQHandler)
    HAL_PCD_ResetCallback                    0x08001f8d   Thumb Code    56  usbd_conf.o(.text.HAL_PCD_ResetCallback)
    HAL_PCD_ResumeCallback                   0x08001fc5   Thumb Code    50  usbd_conf.o(.text.HAL_PCD_ResumeCallback)
    HAL_PCD_SOFCallback                      0x08001ff9   Thumb Code    20  usbd_conf.o(.text.HAL_PCD_SOFCallback)
    HAL_PCD_SetAddress                       0x0800200d   Thumb Code    92  stm32wbxx_hal_pcd.o(.text.HAL_PCD_SetAddress)
    HAL_PCD_SetupStageCallback               0x08002069   Thumb Code    24  usbd_conf.o(.text.HAL_PCD_SetupStageCallback)
    HAL_PCD_SuspendCallback                  0x08002081   Thumb Code    46  usbd_conf.o(.text.HAL_PCD_SuspendCallback)
    HAL_QSPI_AbortCpltCallback               0x080020b1   Thumb Code     8  stm32wbxx_hal_qspi.o(.text.HAL_QSPI_AbortCpltCallback)
    HAL_QSPI_Abort_IT                        0x080020b9   Thumb Code   204  stm32wbxx_hal_qspi.o(.text.HAL_QSPI_Abort_IT)
    HAL_QSPI_CmdCpltCallback                 0x08002185   Thumb Code     8  stm32wbxx_hal_qspi.o(.text.HAL_QSPI_CmdCpltCallback)
    HAL_QSPI_Command                         0x0800218d   Thumb Code   256  stm32wbxx_hal_qspi.o(.text.HAL_QSPI_Command)
    HAL_QSPI_ErrorCallback                   0x0800228d   Thumb Code     8  stm32wbxx_hal_qspi.o(.text.HAL_QSPI_ErrorCallback)
    HAL_QSPI_FifoThresholdCallback           0x08002295   Thumb Code     8  stm32wbxx_hal_qspi.o(.text.HAL_QSPI_FifoThresholdCallback)
    HAL_QSPI_GetState                        0x0800229d   Thumb Code    14  stm32wbxx_hal_qspi.o(.text.HAL_QSPI_GetState)
    HAL_QSPI_IRQHandler                      0x080022ad   Thumb Code   874  stm32wbxx_hal_qspi.o(.text.HAL_QSPI_IRQHandler)
    HAL_QSPI_Init                            0x08002619   Thumb Code   248  stm32wbxx_hal_qspi.o(.text.HAL_QSPI_Init)
    HAL_QSPI_MspInit                         0x08002711   Thumb Code   258  quadspi.o(.text.HAL_QSPI_MspInit)
    HAL_QSPI_Receive                         0x08002815   Thumb Code   350  stm32wbxx_hal_qspi.o(.text.HAL_QSPI_Receive)
    HAL_QSPI_Receive_DMA                     0x08002975   Thumb Code   586  stm32wbxx_hal_qspi.o(.text.HAL_QSPI_Receive_DMA)
    HAL_QSPI_RxCpltCallback                  0x08002bc1   Thumb Code     8  stm32wbxx_hal_qspi.o(.text.HAL_QSPI_RxCpltCallback)
    HAL_QSPI_RxHalfCpltCallback              0x08002bc9   Thumb Code     8  stm32wbxx_hal_qspi.o(.text.HAL_QSPI_RxHalfCpltCallback)
    HAL_QSPI_SetTimeout                      0x08002bd1   Thumb Code    16  stm32wbxx_hal_qspi.o(.text.HAL_QSPI_SetTimeout)
    HAL_QSPI_StatusMatchCallback             0x08002be1   Thumb Code     8  stm32wbxx_hal_qspi.o(.text.HAL_QSPI_StatusMatchCallback)
    HAL_QSPI_TimeOutCallback                 0x08002be9   Thumb Code     8  stm32wbxx_hal_qspi.o(.text.HAL_QSPI_TimeOutCallback)
    HAL_QSPI_Transmit                        0x08002bf1   Thumb Code   332  stm32wbxx_hal_qspi.o(.text.HAL_QSPI_Transmit)
    HAL_QSPI_Transmit_DMA                    0x08002d3d   Thumb Code   570  stm32wbxx_hal_qspi.o(.text.HAL_QSPI_Transmit_DMA)
    HAL_QSPI_TxCpltCallback                  0x08002f79   Thumb Code     8  stm32wbxx_hal_qspi.o(.text.HAL_QSPI_TxCpltCallback)
    HAL_QSPI_TxHalfCpltCallback              0x08002f81   Thumb Code     8  stm32wbxx_hal_qspi.o(.text.HAL_QSPI_TxHalfCpltCallback)
    HAL_RCC_GetHCLKFreq                      0x08002f89   Thumb Code    42  stm32wbxx_hal_rcc.o(.text.HAL_RCC_GetHCLKFreq)
    HAL_RCC_GetSysClockFreq                  0x08002fb5   Thumb Code   280  stm32wbxx_hal_rcc.o(.text.HAL_RCC_GetSysClockFreq)
    HAL_SYSTICK_Config                       0x080030cd   Thumb Code    16  stm32wbxx_hal_cortex.o(.text.HAL_SYSTICK_Config)
    HardFault_Handler                        0x080030dd   Thumb Code     2  stm32wbxx_it.o(.text.HardFault_Handler)
    LL_SetSystemCoreClock                    0x08003435   Thumb Code    20  stm32wbxx_ll_utils.o(.text.LL_SetSystemCoreClock)
    MX_DMA_Init                              0x08003449   Thumb Code    38  dma.o(.text.MX_DMA_Init)
    MX_GPIO_Init                             0x08003471   Thumb Code    16  gpio.o(.text.MX_GPIO_Init)
    MX_QUADSPI_Init                          0x08003481   Thumb Code    60  quadspi.o(.text.MX_QUADSPI_Init)
    MemManage_Handler                        0x080034bd   Thumb Code     2  stm32wbxx_it.o(.text.MemManage_Handler)
    NMI_Handler                              0x080034c1   Thumb Code     2  stm32wbxx_it.o(.text.NMI_Handler)
    PendSV_Handler                           0x08003b81   Thumb Code     2  stm32wbxx_it.o(.text.PendSV_Handler)
    PeriphCommonClock_Config                 0x08003b85   Thumb Code    64  main.o(.text.PeriphCommonClock_Config)
    QUADSPI_IRQHandler                       0x0800403d   Thumb Code    12  stm32wbxx_it.o(.text.QUADSPI_IRQHandler)
    SVC_Handler                              0x08004049   Thumb Code     2  stm32wbxx_it.o(.text.SVC_Handler)
    SysTick_Handler                          0x080040d9   Thumb Code     4  stm32wbxx_it.o(.text.SysTick_Handler)
    SystemClock_Config                       0x080040e5   Thumb Code   180  main.o(.text.SystemClock_Config)
    SystemInit                               0x08004199   Thumb Code   118  system_stm32wbxx.o(.text.SystemInit)
    USBD_ClrClassConfig                      0x08004211   Thumb Code    50  usbd_core.o(.text.USBD_ClrClassConfig)
    USBD_CoreFindEP                          0x08004285   Thumb Code    14  usbd_core.o(.text.USBD_CoreFindEP)
    USBD_CoreFindIF                          0x08004295   Thumb Code    14  usbd_core.o(.text.USBD_CoreFindIF)
    USBD_CtlContinueRx                       0x080042a5   Thumb Code    30  usbd_ioreq.o(.text.USBD_CtlContinueRx)
    USBD_CtlContinueSendData                 0x080042c5   Thumb Code    30  usbd_ioreq.o(.text.USBD_CtlContinueSendData)
    USBD_CtlError                            0x080042e5   Thumb Code    28  usbd_ctlreq.o(.text.USBD_CtlError)
    USBD_CtlReceiveStatus                    0x08004301   Thumb Code    34  usbd_ioreq.o(.text.USBD_CtlReceiveStatus)
    USBD_CtlSendData                         0x08004325   Thumb Code    50  usbd_ioreq.o(.text.USBD_CtlSendData)
    USBD_CtlSendStatus                       0x08004359   Thumb Code    34  usbd_ioreq.o(.text.USBD_CtlSendStatus)
    USBD_LL_ClearStallEP                     0x080047b9   Thumb Code    58  usbd_conf.o(.text.USBD_LL_ClearStallEP)
    USBD_LL_DataInStage                      0x080047f5   Thumb Code   400  usbd_core.o(.text.USBD_LL_DataInStage)
    USBD_LL_DataOutStage                     0x08004985   Thumb Code   434  usbd_core.o(.text.USBD_LL_DataOutStage)
    USBD_LL_IsStallEP                        0x08004b39   Thumb Code    90  usbd_conf.o(.text.USBD_LL_IsStallEP)
    USBD_LL_OpenEP                           0x08004b95   Thumb Code    74  usbd_conf.o(.text.USBD_LL_OpenEP)
    USBD_LL_PrepareReceive                   0x08004be1   Thumb Code    66  usbd_conf.o(.text.USBD_LL_PrepareReceive)
    USBD_LL_Reset                            0x08004c25   Thumb Code   156  usbd_core.o(.text.USBD_LL_Reset)
    USBD_LL_Resume                           0x08004cc1   Thumb Code    36  usbd_core.o(.text.USBD_LL_Resume)
    USBD_LL_SOF                              0x08004ce5   Thumb Code    62  usbd_core.o(.text.USBD_LL_SOF)
    USBD_LL_SetSpeed                         0x08004d25   Thumb Code    22  usbd_core.o(.text.USBD_LL_SetSpeed)
    USBD_LL_SetUSBAddress                    0x08004d3d   Thumb Code    58  usbd_conf.o(.text.USBD_LL_SetUSBAddress)
    USBD_LL_SetupStage                       0x08004d79   Thumb Code   148  usbd_core.o(.text.USBD_LL_SetupStage)
    USBD_LL_StallEP                          0x08004e0d   Thumb Code    58  usbd_conf.o(.text.USBD_LL_StallEP)
    USBD_LL_Suspend                          0x08004e49   Thumb Code    44  usbd_core.o(.text.USBD_LL_Suspend)
    USBD_LL_Transmit                         0x08004e75   Thumb Code    66  usbd_conf.o(.text.USBD_LL_Transmit)
    USBD_ParseSetupRequest                   0x08004eb9   Thumb Code    98  usbd_ctlreq.o(.text.USBD_ParseSetupRequest)
    USBD_RunTestMode                         0x08004f1d   Thumb Code    10  usbd_core.o(.text.USBD_RunTestMode)
    USBD_SetClassConfig                      0x08004fb5   Thumb Code    54  usbd_core.o(.text.USBD_SetClassConfig)
    USBD_StdDevReq                           0x080051bd   Thumb Code   204  usbd_ctlreq.o(.text.USBD_StdDevReq)
    USBD_StdEPReq                            0x08005289   Thumb Code   940  usbd_ctlreq.o(.text.USBD_StdEPReq)
    USBD_StdItfReq                           0x08005635   Thumb Code   244  usbd_ctlreq.o(.text.USBD_StdItfReq)
    USB_ActivateEndpoint                     0x08005729   Thumb Code  2182  stm32wbxx_ll_usb.o(.text.USB_ActivateEndpoint)
    USB_EPClearStall                         0x08005fb1   Thumb Code   314  stm32wbxx_ll_usb.o(.text.USB_EPClearStall)
    USB_EPSetStall                           0x080060ed   Thumb Code   136  stm32wbxx_ll_usb.o(.text.USB_EPSetStall)
    USB_EPStartXfer                          0x08006175   Thumb Code  2522  stm32wbxx_ll_usb.o(.text.USB_EPStartXfer)
    USB_LP_IRQHandler                        0x08006b51   Thumb Code    12  stm32wbxx_it.o(.text.USB_LP_IRQHandler)
    USB_ReadInterrupts                       0x08006b5d   Thumb Code    18  stm32wbxx_ll_usb.o(.text.USB_ReadInterrupts)
    USB_ReadPMA                              0x08006b71   Thumb Code   132  stm32wbxx_ll_usb.o(.text.USB_ReadPMA)
    USB_SetDevAddress                        0x08006bf5   Thumb Code    32  stm32wbxx_ll_usb.o(.text.USB_SetDevAddress)
    USB_WritePMA                             0x08006c15   Thumb Code   122  stm32wbxx_ll_usb.o(.text.USB_WritePMA)
    UsageFault_Handler                       0x08006c91   Thumb Code     2  stm32wbxx_it.o(.text.UsageFault_Handler)
    disk_initialize                          0x080081c5   Thumb Code    12  diskio.o(.text.disk_initialize)
    disk_ioctl                               0x080081d1   Thumb Code   120  diskio.o(.text.disk_ioctl)
    disk_read                                0x08008249   Thumb Code    60  diskio.o(.text.disk_read)
    disk_status                              0x08008285   Thumb Code    38  diskio.o(.text.disk_status)
    disk_write                               0x080082ad   Thumb Code    88  diskio.o(.text.disk_write)
    f_close                                  0x08008305   Thumb Code    62  ff.o(.text.f_close)
    f_mkfs                                   0x08008345   Thumb Code  2470  ff.o(.text.f_mkfs)
    f_mount                                  0x08008ced   Thumb Code   170  ff.o(.text.f_mount)
    f_open                                   0x08008d99   Thumb Code   870  ff.o(.text.f_open)
    f_sync                                   0x08009101   Thumb Code   234  ff.o(.text.f_sync)
    f_write                                  0x080091ed   Thumb Code   790  ff.o(.text.f_write)
    fatfs_test                               0x08009505   Thumb Code   216  main.o(.text.fatfs_test)
    ff_oem2uni                               0x080095dd   Thumb Code   188  ffunicode.o(.text.ff_oem2uni)
    ff_uni2oem                               0x08009699   Thumb Code   198  ffunicode.o(.text.ff_uni2oem)
    ff_wtoupper                              0x08009761   Thumb Code   336  ffunicode.o(.text.ff_wtoupper)
    ftl_convert_sector                       0x08009a95   Thumb Code    42  nand_ftl.o(.text.ftl_convert_sector)
    ftl_garbage_collect                      0x08009ac1   Thumb Code   352  nand_ftl.o(.text.ftl_garbage_collect)
    ftl_init                                 0x08009c21   Thumb Code   280  nand_ftl.o(.text.ftl_init)
    ftl_read_page                            0x08009d75   Thumb Code    34  nand_ftl.o(.text.ftl_read_page)
    ftl_write_page                           0x08009db5   Thumb Code   326  nand_ftl.o(.text.ftl_write_page)
    get_ftl_obj                              0x0800a1f1   Thumb Code    10  nand_ftl.o(.text.get_ftl_obj)
    main                                     0x0800a345   Thumb Code    44  main.o(.text.main)
    nand_flash_OTP_Disable                   0x0800a839   Thumb Code    16  nand_flash.o(.text.nand_flash_OTP_Disable)
    nand_flash_OTP_Enable                    0x0800a849   Thumb Code    10  nand_flash.o(.text.nand_flash_OTP_Enable)
    nand_flash_bad_block_check               0x0800a855   Thumb Code   150  nand_flash.o(.text.nand_flash_bad_block_check)
    nand_flash_erase_block                   0x0800a9a1   Thumb Code   104  nand_flash.o(.text.nand_flash_erase_block)
    nand_flash_initialize                    0x0800acdd   Thumb Code   226  nand_flash.o(.text.nand_flash_initialize)
    nand_flash_internal_page_data_move       0x0800adc1   Thumb Code   144  nand_flash.o(.text.nand_flash_internal_page_data_move)
    nand_flash_poweronreset                  0x0800aeb9   Thumb Code    94  nand_flash.o(.text.nand_flash_poweronreset)
    nand_flash_read_page_from_cache          0x0800af7d   Thumb Code   330  nand_flash.o(.text.nand_flash_read_page_from_cache)
    nand_flash_read_page_spare               0x0800b0c9   Thumb Code   146  nand_flash.o(.text.nand_flash_read_page_spare)
    nand_flash_start_program                 0x0800b2d5   Thumb Code    98  nand_flash.o(.text.nand_flash_start_program)
    nand_flash_status_reg_check_bit          0x0800b339   Thumb Code   246  nand_flash.o(.text.nand_flash_status_reg_check_bit)
    nand_flash_write_disable                 0x0800b431   Thumb Code    50  nand_flash.o(.text.nand_flash_write_disable)
    nand_flash_write_enable                  0x0800b465   Thumb Code    94  nand_flash.o(.text.nand_flash_write_enable)
    nand_flash_write_page                    0x0800b4c5   Thumb Code   186  nand_flash.o(.text.nand_flash_write_page)
    nand_flash_write_page_spare              0x0800b581   Thumb Code   132  nand_flash.o(.text.nand_flash_write_page_spare)
    _fp_init                                 0x0800bcdb   Thumb Code    26  fpinit.o(x$fpl$fpinit)
    __fplib_config_fpu_vfp                   0x0800bcf3   Thumb Code     0  fpinit.o(x$fpl$fpinit)
    __fplib_config_pureend_doubles           0x0800bcf3   Thumb Code     0  fpinit.o(x$fpl$fpinit)
    AHBPrescTable                            0x0800bcf4   Data          64  system_stm32wbxx.o(.rodata.AHBPrescTable)
    MSIRangeTable                            0x0800bd4c   Data          64  system_stm32wbxx.o(.rodata.MSIRangeTable)
    Region$$Table$$Base                      0x080369b8   Number         0  anon$$obj.o(Region$$Table)
    Region$$Table$$Limit                     0x080369d8   Number         0  anon$$obj.o(Region$$Table)
    SystemCoreClock                          0x2000000c   Data           4  system_stm32wbxx.o(.data.SystemCoreClock)
    filepatah                                0x20000010   Data           9  main.o(.data.filepatah)
    uwTickFreq                               0x20000019   Data           1  stm32wbxx_hal.o(.data.uwTickFreq)
    uwTickPrio                               0x2000001c   Data           4  stm32wbxx_hal.o(.data.uwTickPrio)
    __libspace_start                         0x20000020   Data          96  libspace.o(.bss)
    __temporary_stack_top$libspace           0x20000080   Data           0  libspace.o(.bss)
    file                                     0x20000088   Data        2092  main.o(.bss.file)
    formatWorkBuff                           0x200008b4   Data        2048  main.o(.bss.formatWorkBuff)
    fs                                       0x200010b4   Data        2104  main.o(.bss.fs)
    hdma_quadspi                             0x200031c0   Data          96  quadspi.o(.bss.hdma_quadspi)
    hpcd_USB_FS                              0x20003220   Data         732  usbd_conf.o(.bss.hpcd_USB_FS)
    hqspi                                    0x200034fc   Data          68  quadspi.o(.bss.hqspi)
    nand_flash_info_buff                     0x20003540   Data         160  nand_flash.o(.bss.nand_flash_info_buff)
    resbyte                                  0x200035e0   Data           4  main.o(.bss.resbyte)
    temp                                     0x200035e4   Data        2048  nand_flash.o(.bss.temp)
    uwTick                                   0x20003de4   Data           4  stm32wbxx_hal.o(.bss.uwTick)



==============================================================================

Memory Map of the image

  Image Entry point : 0x0800013d

  Load Region LR_IROM1 (Base: 0x08000000, Size: 0x000369f0, Max: 0x00040000, ABSOLUTE)

    Execution Region ER_IROM1 (Exec base: 0x08000000, Load base: 0x08000000, Size: 0x000369d8, Max: 0x00040000, ABSOLUTE)

    Exec Addr    Load Addr    Size         Type   Attr      Idx    E Section Name        Object

    0x08000000   0x08000000   0x0000013c   Data   RO            3    RESET               startup_stm32wb35xx_cm4.o
    0x0800013c   0x0800013c   0x00000008   Code   RO         2525  * !!!main             c_w.l(__main.o)
    0x08000144   0x08000144   0x00000034   Code   RO         2743    !!!scatter          c_w.l(__scatter.o)
    0x08000178   0x08000178   0x0000001a   Code   RO         2745    !!handler_copy      c_w.l(__scatter_copy.o)
    0x08000192   0x08000192   0x00000002   PAD
    0x08000194   0x08000194   0x0000001c   Code   RO         2747    !!handler_zi        c_w.l(__scatter_zi.o)
    0x080001b0   0x080001b0   0x00000002   Code   RO         2607    .ARM.Collect$$libinit$$00000000  c_w.l(libinit.o)
    0x080001b2   0x080001b2   0x00000004   Code   RO         2619    .ARM.Collect$$libinit$$00000001  c_w.l(libinit2.o)
    0x080001b6   0x080001b6   0x00000000   Code   RO         2622    .ARM.Collect$$libinit$$00000004  c_w.l(libinit2.o)
    0x080001b6   0x080001b6   0x00000000   Code   RO         2625    .ARM.Collect$$libinit$$0000000A  c_w.l(libinit2.o)
    0x080001b6   0x080001b6   0x00000000   Code   RO         2627    .ARM.Collect$$libinit$$0000000C  c_w.l(libinit2.o)
    0x080001b6   0x080001b6   0x00000000   Code   RO         2629    .ARM.Collect$$libinit$$0000000E  c_w.l(libinit2.o)
    0x080001b6   0x080001b6   0x00000000   Code   RO         2632    .ARM.Collect$$libinit$$00000011  c_w.l(libinit2.o)
    0x080001b6   0x080001b6   0x00000000   Code   RO         2634    .ARM.Collect$$libinit$$00000013  c_w.l(libinit2.o)
    0x080001b6   0x080001b6   0x00000000   Code   RO         2636    .ARM.Collect$$libinit$$00000015  c_w.l(libinit2.o)
    0x080001b6   0x080001b6   0x00000000   Code   RO         2638    .ARM.Collect$$libinit$$00000017  c_w.l(libinit2.o)
    0x080001b6   0x080001b6   0x00000000   Code   RO         2640    .ARM.Collect$$libinit$$00000019  c_w.l(libinit2.o)
    0x080001b6   0x080001b6   0x00000000   Code   RO         2642    .ARM.Collect$$libinit$$0000001B  c_w.l(libinit2.o)
    0x080001b6   0x080001b6   0x00000000   Code   RO         2644    .ARM.Collect$$libinit$$0000001D  c_w.l(libinit2.o)
    0x080001b6   0x080001b6   0x00000000   Code   RO         2646    .ARM.Collect$$libinit$$0000001F  c_w.l(libinit2.o)
    0x080001b6   0x080001b6   0x00000000   Code   RO         2648    .ARM.Collect$$libinit$$00000021  c_w.l(libinit2.o)
    0x080001b6   0x080001b6   0x00000000   Code   RO         2650    .ARM.Collect$$libinit$$00000023  c_w.l(libinit2.o)
    0x080001b6   0x080001b6   0x00000000   Code   RO         2652    .ARM.Collect$$libinit$$00000025  c_w.l(libinit2.o)
    0x080001b6   0x080001b6   0x00000000   Code   RO         2656    .ARM.Collect$$libinit$$0000002C  c_w.l(libinit2.o)
    0x080001b6   0x080001b6   0x00000000   Code   RO         2658    .ARM.Collect$$libinit$$0000002E  c_w.l(libinit2.o)
    0x080001b6   0x080001b6   0x00000000   Code   RO         2660    .ARM.Collect$$libinit$$00000030  c_w.l(libinit2.o)
    0x080001b6   0x080001b6   0x00000000   Code   RO         2662    .ARM.Collect$$libinit$$00000032  c_w.l(libinit2.o)
    0x080001b6   0x080001b6   0x00000002   Code   RO         2663    .ARM.Collect$$libinit$$00000033  c_w.l(libinit2.o)
    0x080001b8   0x080001b8   0x00000002   Code   RO         2698    .ARM.Collect$$libshutdown$$00000000  c_w.l(libshutdown.o)
    0x080001ba   0x080001ba   0x00000000   Code   RO         2726    .ARM.Collect$$libshutdown$$00000002  c_w.l(libshutdown2.o)
    0x080001ba   0x080001ba   0x00000000   Code   RO         2728    .ARM.Collect$$libshutdown$$00000004  c_w.l(libshutdown2.o)
    0x080001ba   0x080001ba   0x00000000   Code   RO         2731    .ARM.Collect$$libshutdown$$00000007  c_w.l(libshutdown2.o)
    0x080001ba   0x080001ba   0x00000000   Code   RO         2734    .ARM.Collect$$libshutdown$$0000000A  c_w.l(libshutdown2.o)
    0x080001ba   0x080001ba   0x00000000   Code   RO         2736    .ARM.Collect$$libshutdown$$0000000C  c_w.l(libshutdown2.o)
    0x080001ba   0x080001ba   0x00000000   Code   RO         2739    .ARM.Collect$$libshutdown$$0000000F  c_w.l(libshutdown2.o)
    0x080001ba   0x080001ba   0x00000002   Code   RO         2740    .ARM.Collect$$libshutdown$$00000010  c_w.l(libshutdown2.o)
    0x080001bc   0x080001bc   0x00000000   Code   RO         2553    .ARM.Collect$$rtentry$$00000000  c_w.l(__rtentry.o)
    0x080001bc   0x080001bc   0x00000000   Code   RO         2576    .ARM.Collect$$rtentry$$00000002  c_w.l(__rtentry2.o)
    0x080001bc   0x080001bc   0x00000006   Code   RO         2588    .ARM.Collect$$rtentry$$00000004  c_w.l(__rtentry4.o)
    0x080001c2   0x080001c2   0x00000000   Code   RO         2578    .ARM.Collect$$rtentry$$00000009  c_w.l(__rtentry2.o)
    0x080001c2   0x080001c2   0x00000004   Code   RO         2579    .ARM.Collect$$rtentry$$0000000A  c_w.l(__rtentry2.o)
    0x080001c6   0x080001c6   0x00000000   Code   RO         2581    .ARM.Collect$$rtentry$$0000000C  c_w.l(__rtentry2.o)
    0x080001c6   0x080001c6   0x00000008   Code   RO         2582    .ARM.Collect$$rtentry$$0000000D  c_w.l(__rtentry2.o)
    0x080001ce   0x080001ce   0x00000002   Code   RO         2611    .ARM.Collect$$rtexit$$00000000  c_w.l(rtexit.o)
    0x080001d0   0x080001d0   0x00000000   Code   RO         2669    .ARM.Collect$$rtexit$$00000002  c_w.l(rtexit2.o)
    0x080001d0   0x080001d0   0x00000004   Code   RO         2670    .ARM.Collect$$rtexit$$00000003  c_w.l(rtexit2.o)
    0x080001d4   0x080001d4   0x00000006   Code   RO         2671    .ARM.Collect$$rtexit$$00000004  c_w.l(rtexit2.o)
    0x080001da   0x080001da   0x00000002   PAD
    0x080001dc   0x080001dc   0x00000040   Code   RO            4    .text               startup_stm32wb35xx_cm4.o
    0x0800021c   0x0800021c   0x00000014   Code   RO         2509    .text               c_w.l(strchr.o)
    0x08000230   0x08000230   0x00000058   Code   RO         2511    .text               c_w.l(memcmp.o)
    0x08000288   0x08000288   0x0000008a   Code   RO         2515    .text               c_w.l(rt_memcpy_v6.o)
    0x08000312   0x08000312   0x00000084   Code   RO         2517    .text               c_w.l(rt_memmove_v6.o)
    0x08000396   0x08000396   0x00000044   Code   RO         2519    .text               c_w.l(rt_memclr.o)
    0x080003da   0x080003da   0x0000004e   Code   RO         2521    .text               c_w.l(rt_memclr_w.o)
    0x08000428   0x08000428   0x00000006   Code   RO         2523    .text               c_w.l(heapauxi.o)
    0x0800042e   0x0800042e   0x00000064   Code   RO         2558    .text               c_w.l(rt_memcpy_w.o)
    0x08000492   0x08000492   0x0000007a   Code   RO         2560    .text               c_w.l(rt_memmove_w.o)
    0x0800050c   0x0800050c   0x0000004a   Code   RO         2594    .text               c_w.l(sys_stackheap_outer.o)
    0x08000556   0x08000556   0x00000012   Code   RO         2596    .text               c_w.l(exit.o)
    0x08000568   0x08000568   0x00000008   Code   RO         2608    .text               c_w.l(libspace.o)
    0x08000570   0x08000570   0x0000000c   Code   RO         2664    .text               c_w.l(sys_exit.o)
    0x0800057c   0x0800057c   0x00000002   Code   RO         2687    .text               c_w.l(use_no_semi.o)
    0x0800057e   0x0800057e   0x00000000   Code   RO         2689    .text               c_w.l(indicate_semi.o)
    0x0800057e   0x0800057e   0x00000002   PAD
    0x08000580   0x08000580   0x00000002   Code   RO          137    .text.BusFault_Handler  stm32wbxx_it.o
    0x08000582   0x08000582   0x00000002   PAD
    0x08000584   0x08000584   0x0000000c   Code   RO          149    .text.DMA1_Channel1_IRQHandler  stm32wbxx_it.o
    0x08000590   0x08000590   0x00000076   Code   RO         1156    .text.DMA_CalcDMAMUXChannelBaseAndMask  stm32wbxx_hal_dma.o
    0x08000606   0x08000606   0x00000002   PAD
    0x08000608   0x08000608   0x00000040   Code   RO         1158    .text.DMA_CalcDMAMUXRequestGenBaseAndMask  stm32wbxx_hal_dma.o
    0x08000648   0x08000648   0x0000006e   Code   RO         1164    .text.DMA_SetConfig  stm32wbxx_hal_dma.o
    0x080006b6   0x080006b6   0x00000002   PAD
    0x080006b8   0x080006b8   0x00000002   Code   RO          143    .text.DebugMon_Handler  stm32wbxx_it.o
    0x080006ba   0x080006ba   0x00000002   PAD
    0x080006bc   0x080006bc   0x0000000e   Code   RO           55    .text.Error_Handler  main.o
    0x080006ca   0x080006ca   0x00000002   PAD
    0x080006cc   0x080006cc   0x000000ae   Code   RO         1170    .text.HAL_DMA_Abort_IT  stm32wbxx_hal_dma.o
    0x0800077a   0x0800077a   0x00000002   PAD
    0x0800077c   0x0800077c   0x00000156   Code   RO         1174    .text.HAL_DMA_IRQHandler  stm32wbxx_hal_dma.o
    0x080008d2   0x080008d2   0x00000002   PAD
    0x080008d4   0x080008d4   0x0000015a   Code   RO         1154    .text.HAL_DMA_Init  stm32wbxx_hal_dma.o
    0x08000a2e   0x08000a2e   0x00000002   PAD
    0x08000a30   0x08000a30   0x000000fc   Code   RO         1166    .text.HAL_DMA_Start_IT  stm32wbxx_hal_dma.o
    0x08000b2c   0x08000b2c   0x00000042   Code   RO         1543    .text.HAL_Delay     stm32wbxx_hal.o
    0x08000b6e   0x08000b6e   0x00000002   PAD
    0x08000b70   0x08000b70   0x00000312   Code   RO         1128    .text.HAL_GPIO_Init  stm32wbxx_hal_gpio.o
    0x08000e82   0x08000e82   0x00000002   PAD
    0x08000e84   0x08000e84   0x0000000c   Code   RO         1535    .text.HAL_GetTick   stm32wbxx_hal.o
    0x08000e90   0x08000e90   0x0000001a   Code   RO         1533    .text.HAL_IncTick   stm32wbxx_hal.o
    0x08000eaa   0x08000eaa   0x00000002   PAD
    0x08000eac   0x08000eac   0x00000040   Code   RO         1495    .text.HAL_Init      stm32wbxx_hal.o
    0x08000eec   0x08000eec   0x00000082   Code   RO         1497    .text.HAL_InitTick  stm32wbxx_hal.o
    0x08000f6e   0x08000f6e   0x00000002   PAD
    0x08000f70   0x08000f70   0x00000002   Code   RO          162    .text.HAL_MspInit   stm32wbxx_hal_msp.o
    0x08000f72   0x08000f72   0x00000002   PAD
    0x08000f74   0x08000f74   0x00000014   Code   RO         1436    .text.HAL_NVIC_EnableIRQ  stm32wbxx_hal_cortex.o
    0x08000f88   0x08000f88   0x0000002e   Code   RO         1428    .text.HAL_NVIC_SetPriority  stm32wbxx_hal_cortex.o
    0x08000fb6   0x08000fb6   0x00000002   PAD
    0x08000fb8   0x08000fb8   0x00000010   Code   RO         1424    .text.HAL_NVIC_SetPriorityGrouping  stm32wbxx_hal_cortex.o
    0x08000fc8   0x08000fc8   0x00000072   Code   RO         1993    .text.HAL_PCDEx_LPM_Callback  usbd_conf.o
    0x0800103a   0x0800103a   0x00000002   PAD
    0x0800103c   0x0800103c   0x00000026   Code   RO         1943    .text.HAL_PCD_DataInStageCallback  usbd_conf.o
    0x08001062   0x08001062   0x00000002   PAD
    0x08001064   0x08001064   0x00000028   Code   RO         1941    .text.HAL_PCD_DataOutStageCallback  usbd_conf.o
    0x0800108c   0x0800108c   0x000000c8   Code   RO          379    .text.HAL_PCD_EP_ClrStall  stm32wbxx_hal_pcd.o
    0x08001154   0x08001154   0x000001f8   Code   RO          391    .text.HAL_PCD_EP_DB_Receive  stm32wbxx_hal_pcd.o
    0x0800134c   0x0800134c   0x000007ee   Code   RO          393    .text.HAL_PCD_EP_DB_Transmit  stm32wbxx_hal_pcd.o
    0x08001b3a   0x08001b3a   0x00000002   PAD
    0x08001b3c   0x08001b3c   0x000000de   Code   RO          367    .text.HAL_PCD_EP_Open  stm32wbxx_hal_pcd.o
    0x08001c1a   0x08001c1a   0x00000002   PAD
    0x08001c1c   0x08001c1c   0x0000005a   Code   RO          371    .text.HAL_PCD_EP_Receive  stm32wbxx_hal_pcd.o
    0x08001c76   0x08001c76   0x00000002   PAD
    0x08001c78   0x08001c78   0x000000c4   Code   RO          377    .text.HAL_PCD_EP_SetStall  stm32wbxx_hal_pcd.o
    0x08001d3c   0x08001d3c   0x00000066   Code   RO          375    .text.HAL_PCD_EP_Transmit  stm32wbxx_hal_pcd.o
    0x08001da2   0x08001da2   0x00000002   PAD
    0x08001da4   0x08001da4   0x000001e8   Code   RO          335    .text.HAL_PCD_IRQHandler  stm32wbxx_hal_pcd.o
    0x08001f8c   0x08001f8c   0x00000038   Code   RO         1947    .text.HAL_PCD_ResetCallback  usbd_conf.o
    0x08001fc4   0x08001fc4   0x00000032   Code   RO         1951    .text.HAL_PCD_ResumeCallback  usbd_conf.o
    0x08001ff6   0x08001ff6   0x00000002   PAD
    0x08001ff8   0x08001ff8   0x00000014   Code   RO         1945    .text.HAL_PCD_SOFCallback  usbd_conf.o
    0x0800200c   0x0800200c   0x0000005c   Code   RO          341    .text.HAL_PCD_SetAddress  stm32wbxx_hal_pcd.o
    0x08002068   0x08002068   0x00000018   Code   RO         1939    .text.HAL_PCD_SetupStageCallback  usbd_conf.o
    0x08002080   0x08002080   0x0000002e   Code   RO         1949    .text.HAL_PCD_SuspendCallback  usbd_conf.o
    0x080020ae   0x080020ae   0x00000002   PAD
    0x080020b0   0x080020b0   0x00000008   Code   RO         1747    .text.HAL_QSPI_AbortCpltCallback  stm32wbxx_hal_qspi.o
    0x080020b8   0x080020b8   0x000000cc   Code   RO         1801    .text.HAL_QSPI_Abort_IT  stm32wbxx_hal_qspi.o
    0x08002184   0x08002184   0x00000008   Code   RO         1745    .text.HAL_QSPI_CmdCpltCallback  stm32wbxx_hal_qspi.o
    0x0800218c   0x0800218c   0x00000100   Code   RO         1757    .text.HAL_QSPI_Command  stm32wbxx_hal_qspi.o
    0x0800228c   0x0800228c   0x00000008   Code   RO         1749    .text.HAL_QSPI_ErrorCallback  stm32wbxx_hal_qspi.o
    0x08002294   0x08002294   0x00000008   Code   RO         1739    .text.HAL_QSPI_FifoThresholdCallback  stm32wbxx_hal_qspi.o
    0x0800229c   0x0800229c   0x0000000e   Code   RO         1795    .text.HAL_QSPI_GetState  stm32wbxx_hal_qspi.o
    0x080022aa   0x080022aa   0x00000002   PAD
    0x080022ac   0x080022ac   0x0000036a   Code   RO         1737    .text.HAL_QSPI_IRQHandler  stm32wbxx_hal_qspi.o
    0x08002616   0x08002616   0x00000002   PAD
    0x08002618   0x08002618   0x000000f8   Code   RO         1725    .text.HAL_QSPI_Init  stm32wbxx_hal_qspi.o
    0x08002710   0x08002710   0x00000102   Code   RO          112    .text.HAL_QSPI_MspInit  quadspi.o
    0x08002812   0x08002812   0x00000002   PAD
    0x08002814   0x08002814   0x0000015e   Code   RO         1765    .text.HAL_QSPI_Receive  stm32wbxx_hal_qspi.o
    0x08002972   0x08002972   0x00000002   PAD
    0x08002974   0x08002974   0x0000024a   Code   RO         1779    .text.HAL_QSPI_Receive_DMA  stm32wbxx_hal_qspi.o
    0x08002bbe   0x08002bbe   0x00000002   PAD
    0x08002bc0   0x08002bc0   0x00000008   Code   RO         1743    .text.HAL_QSPI_RxCpltCallback  stm32wbxx_hal_qspi.o
    0x08002bc8   0x08002bc8   0x00000008   Code   RO         1791    .text.HAL_QSPI_RxHalfCpltCallback  stm32wbxx_hal_qspi.o
    0x08002bd0   0x08002bd0   0x00000010   Code   RO         1729    .text.HAL_QSPI_SetTimeout  stm32wbxx_hal_qspi.o
    0x08002be0   0x08002be0   0x00000008   Code   RO         1751    .text.HAL_QSPI_StatusMatchCallback  stm32wbxx_hal_qspi.o
    0x08002be8   0x08002be8   0x00000008   Code   RO         1755    .text.HAL_QSPI_TimeOutCallback  stm32wbxx_hal_qspi.o
    0x08002bf0   0x08002bf0   0x0000014c   Code   RO         1763    .text.HAL_QSPI_Transmit  stm32wbxx_hal_qspi.o
    0x08002d3c   0x08002d3c   0x0000023a   Code   RO         1771    .text.HAL_QSPI_Transmit_DMA  stm32wbxx_hal_qspi.o
    0x08002f76   0x08002f76   0x00000002   PAD
    0x08002f78   0x08002f78   0x00000008   Code   RO         1741    .text.HAL_QSPI_TxCpltCallback  stm32wbxx_hal_qspi.o
    0x08002f80   0x08002f80   0x00000008   Code   RO         1793    .text.HAL_QSPI_TxHalfCpltCallback  stm32wbxx_hal_qspi.o
    0x08002f88   0x08002f88   0x0000002a   Code   RO          504    .text.HAL_RCC_GetHCLKFreq  stm32wbxx_hal_rcc.o
    0x08002fb2   0x08002fb2   0x00000002   PAD
    0x08002fb4   0x08002fb4   0x00000118   Code   RO          582    .text.HAL_RCC_GetSysClockFreq  stm32wbxx_hal_rcc.o
    0x080030cc   0x080030cc   0x00000010   Code   RO         1448    .text.HAL_SYSTICK_Config  stm32wbxx_hal_cortex.o
    0x080030dc   0x080030dc   0x00000002   Code   RO          133    .text.HardFault_Handler  stm32wbxx_it.o
    0x080030de   0x080030de   0x00000002   PAD
    0x080030e0   0x080030e0   0x00000020   Code   RO          100    .text.LL_AHB1_GRP1_EnableClock  dma.o
    0x08003100   0x08003100   0x00000020   Code   RO           89    .text.LL_AHB2_GRP1_EnableClock  gpio.o
    0x08003120   0x08003120   0x00000020   Code   RO          116    .text.LL_AHB2_GRP1_EnableClock  quadspi.o
    0x08003140   0x08003140   0x00000020   Code   RO          114    .text.LL_AHB3_GRP1_EnableClock  quadspi.o
    0x08003160   0x08003160   0x0000001c   Code   RO           43    .text.LL_C2_RCC_SetAHBPrescaler  main.o
    0x0800317c   0x0800317c   0x00000010   Code   RO           23    .text.LL_FLASH_GetLatency  main.o
    0x0800318c   0x0800318c   0x0000001c   Code   RO           21    .text.LL_FLASH_SetLatency  main.o
    0x080031a8   0x080031a8   0x0000000e   Code   RO          592    .text.LL_RCC_GetAHBPrescaler  stm32wbxx_hal_rcc.o
    0x080031b6   0x080031b6   0x00000002   PAD
    0x080031b8   0x080031b8   0x0000000e   Code   RO           47    .text.LL_RCC_GetSysClkSource  main.o
    0x080031c6   0x080031c6   0x00000002   PAD
    0x080031c8   0x080031c8   0x0000000e   Code   RO          496    .text.LL_RCC_GetSysClkSource  stm32wbxx_hal_rcc.o
    0x080031d6   0x080031d6   0x00000002   PAD
    0x080031d8   0x080031d8   0x0000000e   Code   RO           25    .text.LL_RCC_HSE_Enable  main.o
    0x080031e6   0x080031e6   0x00000002   PAD
    0x080031e8   0x080031e8   0x0000000c   Code   RO          584    .text.LL_RCC_HSE_IsEnabledDiv2  stm32wbxx_hal_rcc.o
    0x080031f4   0x080031f4   0x0000000c   Code   RO           27    .text.LL_RCC_HSE_IsReady  main.o
    0x08003200   0x08003200   0x0000000e   Code   RO           29    .text.LL_RCC_HSI_Enable  main.o
    0x0800320e   0x0800320e   0x00000002   PAD
    0x08003210   0x08003210   0x0000000c   Code   RO           31    .text.LL_RCC_HSI_IsReady  main.o
    0x0800321c   0x0800321c   0x00000022   Code   RO          500    .text.LL_RCC_MSI_GetRange  stm32wbxx_hal_rcc.o
    0x0800323e   0x0800323e   0x00000002   PAD
    0x08003240   0x08003240   0x00000042   Code   RO           57    .text.LL_RCC_PLLSAI1_ConfigDomain_48M  main.o
    0x08003282   0x08003282   0x00000002   PAD
    0x08003284   0x08003284   0x0000000e   Code   RO           59    .text.LL_RCC_PLLSAI1_Enable  main.o
    0x08003292   0x08003292   0x00000002   PAD
    0x08003294   0x08003294   0x00000010   Code   RO           61    .text.LL_RCC_PLLSAI1_EnableDomain_48M  main.o
    0x080032a4   0x080032a4   0x0000000c   Code   RO           63    .text.LL_RCC_PLLSAI1_IsReady  main.o
    0x080032b0   0x080032b0   0x00000034   Code   RO           33    .text.LL_RCC_PLL_ConfigDomain_SYS  main.o
    0x080032e4   0x080032e4   0x0000000e   Code   RO           35    .text.LL_RCC_PLL_Enable  main.o
    0x080032f2   0x080032f2   0x00000002   PAD
    0x080032f4   0x080032f4   0x00000010   Code   RO           37    .text.LL_RCC_PLL_EnableDomain_SYS  main.o
    0x08003304   0x08003304   0x0000000e   Code   RO          588    .text.LL_RCC_PLL_GetDivider  stm32wbxx_hal_rcc.o
    0x08003312   0x08003312   0x00000002   PAD
    0x08003314   0x08003314   0x0000000e   Code   RO          498    .text.LL_RCC_PLL_GetMainSource  stm32wbxx_hal_rcc.o
    0x08003322   0x08003322   0x00000002   PAD
    0x08003324   0x08003324   0x0000000e   Code   RO          586    .text.LL_RCC_PLL_GetN  stm32wbxx_hal_rcc.o
    0x08003332   0x08003332   0x00000002   PAD
    0x08003334   0x08003334   0x0000000e   Code   RO          590    .text.LL_RCC_PLL_GetR  stm32wbxx_hal_rcc.o
    0x08003342   0x08003342   0x00000002   PAD
    0x08003344   0x08003344   0x0000000c   Code   RO           39    .text.LL_RCC_PLL_IsReady  main.o
    0x08003350   0x08003350   0x0000001e   Code   RO           49    .text.LL_RCC_SetAHB4Prescaler  main.o
    0x0800336e   0x0800336e   0x00000002   PAD
    0x08003370   0x08003370   0x0000001a   Code   RO           41    .text.LL_RCC_SetAHBPrescaler  main.o
    0x0800338a   0x0800338a   0x00000002   PAD
    0x0800338c   0x0800338c   0x0000001a   Code   RO           51    .text.LL_RCC_SetAPB1Prescaler  main.o
    0x080033a6   0x080033a6   0x00000002   PAD
    0x080033a8   0x080033a8   0x0000001a   Code   RO           53    .text.LL_RCC_SetAPB2Prescaler  main.o
    0x080033c2   0x080033c2   0x00000002   PAD
    0x080033c4   0x080033c4   0x0000001a   Code   RO           69    .text.LL_RCC_SetRFWKPClockSource  main.o
    0x080033de   0x080033de   0x00000002   PAD
    0x080033e0   0x080033e0   0x0000001a   Code   RO           65    .text.LL_RCC_SetSMPSClockSource  main.o
    0x080033fa   0x080033fa   0x00000002   PAD
    0x080033fc   0x080033fc   0x0000001a   Code   RO           67    .text.LL_RCC_SetSMPSPrescaler  main.o
    0x08003416   0x08003416   0x00000002   PAD
    0x08003418   0x08003418   0x0000001a   Code   RO           45    .text.LL_RCC_SetSysClkSource  main.o
    0x08003432   0x08003432   0x00000002   PAD
    0x08003434   0x08003434   0x00000014   Code   RO          176    .text.LL_SetSystemCoreClock  stm32wbxx_ll_utils.o
    0x08003448   0x08003448   0x00000026   Code   RO           98    .text.MX_DMA_Init   dma.o
    0x0800346e   0x0800346e   0x00000002   PAD
    0x08003470   0x08003470   0x00000010   Code   RO           87    .text.MX_GPIO_Init  gpio.o
    0x08003480   0x08003480   0x0000003c   Code   RO          110    .text.MX_QUADSPI_Init  quadspi.o
    0x080034bc   0x080034bc   0x00000002   Code   RO          135    .text.MemManage_Handler  stm32wbxx_it.o
    0x080034be   0x080034be   0x00000002   PAD
    0x080034c0   0x080034c0   0x00000002   Code   RO          131    .text.NMI_Handler   stm32wbxx_it.o
    0x080034c2   0x080034c2   0x00000002   PAD
    0x080034c4   0x080034c4   0x0000006c   Code   RO         1434    .text.NVIC_EncodePriority  stm32wbxx_hal_cortex.o
    0x08003530   0x08003530   0x00000650   Code   RO          337    .text.PCD_EP_ISR_Handler  stm32wbxx_hal_pcd.o
    0x08003b80   0x08003b80   0x00000002   Code   RO          145    .text.PendSV_Handler  stm32wbxx_it.o
    0x08003b82   0x08003b82   0x00000002   PAD
    0x08003b84   0x08003b84   0x00000040   Code   RO           19    .text.PeriphCommonClock_Config  main.o
    0x08003bc4   0x08003bc4   0x000002fa   Code   RO         1759    .text.QSPI_Config   stm32wbxx_hal_qspi.o
    0x08003ebe   0x08003ebe   0x00000002   PAD
    0x08003ec0   0x08003ec0   0x00000058   Code   RO         1753    .text.QSPI_DMAAbortCplt  stm32wbxx_hal_qspi.o
    0x08003f18   0x08003f18   0x00000036   Code   RO         1777    .text.QSPI_DMAError  stm32wbxx_hal_qspi.o
    0x08003f4e   0x08003f4e   0x00000002   PAD
    0x08003f50   0x08003f50   0x00000020   Code   RO         1781    .text.QSPI_DMARxCplt  stm32wbxx_hal_qspi.o
    0x08003f70   0x08003f70   0x00000016   Code   RO         1783    .text.QSPI_DMARxHalfCplt  stm32wbxx_hal_qspi.o
    0x08003f86   0x08003f86   0x00000002   PAD
    0x08003f88   0x08003f88   0x00000020   Code   RO         1773    .text.QSPI_DMATxCplt  stm32wbxx_hal_qspi.o
    0x08003fa8   0x08003fa8   0x00000016   Code   RO         1775    .text.QSPI_DMATxHalfCplt  stm32wbxx_hal_qspi.o
    0x08003fbe   0x08003fbe   0x00000002   PAD
    0x08003fc0   0x08003fc0   0x0000007a   Code   RO         1731    .text.QSPI_WaitFlagStateUntilTimeout  stm32wbxx_hal_qspi.o
    0x0800403a   0x0800403a   0x00000002   PAD
    0x0800403c   0x0800403c   0x0000000c   Code   RO          153    .text.QUADSPI_IRQHandler  stm32wbxx_it.o
    0x08004048   0x08004048   0x00000002   Code   RO          141    .text.SVC_Handler   stm32wbxx_it.o
    0x0800404a   0x0800404a   0x00000002   PAD
    0x0800404c   0x0800404c   0x00000036   Code   RO         2154    .text.SWAPBYTE      usbd_ctlreq.o
    0x08004082   0x08004082   0x00000002   PAD
    0x08004084   0x08004084   0x00000052   Code   RO         1450    .text.SysTick_Config  stm32wbxx_hal_cortex.o
    0x080040d6   0x080040d6   0x00000002   PAD
    0x080040d8   0x080040d8   0x00000004   Code   RO          147    .text.SysTick_Handler  stm32wbxx_it.o
    0x080040dc   0x080040dc   0x00000008   Code   RO         1953    .text.SystemClockConfig_Resume  usbd_conf.o
    0x080040e4   0x080040e4   0x000000b4   Code   RO           17    .text.SystemClock_Config  main.o
    0x08004198   0x08004198   0x00000076   Code   RO         1814    .text.SystemInit    system_stm32wbxx.o
    0x0800420e   0x0800420e   0x00000002   PAD
    0x08004210   0x08004210   0x00000032   Code   RO         2089    .text.USBD_ClrClassConfig  usbd_core.o
    0x08004242   0x08004242   0x00000002   PAD
    0x08004244   0x08004244   0x00000040   Code   RO         2144    .text.USBD_ClrFeature  usbd_ctlreq.o
    0x08004284   0x08004284   0x0000000e   Code   RO         2097    .text.USBD_CoreFindEP  usbd_core.o
    0x08004292   0x08004292   0x00000002   PAD
    0x08004294   0x08004294   0x0000000e   Code   RO         2095    .text.USBD_CoreFindIF  usbd_core.o
    0x080042a2   0x080042a2   0x00000002   PAD
    0x080042a4   0x080042a4   0x0000001e   Code   RO         2174    .text.USBD_CtlContinueRx  usbd_ioreq.o
    0x080042c2   0x080042c2   0x00000002   PAD
    0x080042c4   0x080042c4   0x0000001e   Code   RO         2170    .text.USBD_CtlContinueSendData  usbd_ioreq.o
    0x080042e2   0x080042e2   0x00000002   PAD
    0x080042e4   0x080042e4   0x0000001c   Code   RO         2146    .text.USBD_CtlError  usbd_ctlreq.o
    0x08004300   0x08004300   0x00000022   Code   RO         2178    .text.USBD_CtlReceiveStatus  usbd_ioreq.o
    0x08004322   0x08004322   0x00000002   PAD
    0x08004324   0x08004324   0x00000032   Code   RO         2168    .text.USBD_CtlSendData  usbd_ioreq.o
    0x08004356   0x08004356   0x00000002   PAD
    0x08004358   0x08004358   0x00000022   Code   RO         2176    .text.USBD_CtlSendStatus  usbd_ioreq.o
    0x0800437a   0x0800437a   0x00000002   PAD
    0x0800437c   0x0800437c   0x00000064   Code   RO         2138    .text.USBD_GetConfig  usbd_ctlreq.o
    0x080043e0   0x080043e0   0x0000031e   Code   RO         2132    .text.USBD_GetDescriptor  usbd_ctlreq.o
    0x080046fe   0x080046fe   0x00000002   PAD
    0x08004700   0x08004700   0x00000062   Code   RO         2140    .text.USBD_GetStatus  usbd_ctlreq.o
    0x08004762   0x08004762   0x00000002   PAD
    0x08004764   0x08004764   0x00000052   Code   RO         1967    .text.USBD_Get_USB_Status  usbd_conf.o
    0x080047b6   0x080047b6   0x00000002   PAD
    0x080047b8   0x080047b8   0x0000003a   Code   RO         1981    .text.USBD_LL_ClearStallEP  usbd_conf.o
    0x080047f2   0x080047f2   0x00000002   PAD
    0x080047f4   0x080047f4   0x00000190   Code   RO         2099    .text.USBD_LL_DataInStage  usbd_core.o
    0x08004984   0x08004984   0x000001b2   Code   RO         2093    .text.USBD_LL_DataOutStage  usbd_core.o
    0x08004b36   0x08004b36   0x00000002   PAD
    0x08004b38   0x08004b38   0x0000005a   Code   RO         1983    .text.USBD_LL_IsStallEP  usbd_conf.o
    0x08004b92   0x08004b92   0x00000002   PAD
    0x08004b94   0x08004b94   0x0000004a   Code   RO         1973    .text.USBD_LL_OpenEP  usbd_conf.o
    0x08004bde   0x08004bde   0x00000002   PAD
    0x08004be0   0x08004be0   0x00000042   Code   RO         1989    .text.USBD_LL_PrepareReceive  usbd_conf.o
    0x08004c22   0x08004c22   0x00000002   PAD
    0x08004c24   0x08004c24   0x0000009c   Code   RO         2101    .text.USBD_LL_Reset  usbd_core.o
    0x08004cc0   0x08004cc0   0x00000024   Code   RO         2107    .text.USBD_LL_Resume  usbd_core.o
    0x08004ce4   0x08004ce4   0x0000003e   Code   RO         2109    .text.USBD_LL_SOF   usbd_core.o
    0x08004d22   0x08004d22   0x00000002   PAD
    0x08004d24   0x08004d24   0x00000016   Code   RO         2103    .text.USBD_LL_SetSpeed  usbd_core.o
    0x08004d3a   0x08004d3a   0x00000002   PAD
    0x08004d3c   0x08004d3c   0x0000003a   Code   RO         1985    .text.USBD_LL_SetUSBAddress  usbd_conf.o
    0x08004d76   0x08004d76   0x00000002   PAD
    0x08004d78   0x08004d78   0x00000094   Code   RO         2091    .text.USBD_LL_SetupStage  usbd_core.o
    0x08004e0c   0x08004e0c   0x0000003a   Code   RO         1979    .text.USBD_LL_StallEP  usbd_conf.o
    0x08004e46   0x08004e46   0x00000002   PAD
    0x08004e48   0x08004e48   0x0000002c   Code   RO         2105    .text.USBD_LL_Suspend  usbd_core.o
    0x08004e74   0x08004e74   0x00000042   Code   RO         1987    .text.USBD_LL_Transmit  usbd_conf.o
    0x08004eb6   0x08004eb6   0x00000002   PAD
    0x08004eb8   0x08004eb8   0x00000062   Code   RO         2152    .text.USBD_ParseSetupRequest  usbd_ctlreq.o
    0x08004f1a   0x08004f1a   0x00000002   PAD
    0x08004f1c   0x08004f1c   0x0000000a   Code   RO         2085    .text.USBD_RunTestMode  usbd_core.o
    0x08004f26   0x08004f26   0x00000002   PAD
    0x08004f28   0x08004f28   0x0000008c   Code   RO         2134    .text.USBD_SetAddress  usbd_ctlreq.o
    0x08004fb4   0x08004fb4   0x00000036   Code   RO         2087    .text.USBD_SetClassConfig  usbd_core.o
    0x08004fea   0x08004fea   0x00000002   PAD
    0x08004fec   0x08004fec   0x0000017e   Code   RO         2136    .text.USBD_SetConfig  usbd_ctlreq.o
    0x0800516a   0x0800516a   0x00000002   PAD
    0x0800516c   0x0800516c   0x0000004e   Code   RO         2142    .text.USBD_SetFeature  usbd_ctlreq.o
    0x080051ba   0x080051ba   0x00000002   PAD
    0x080051bc   0x080051bc   0x000000cc   Code   RO         2130    .text.USBD_StdDevReq  usbd_ctlreq.o
    0x08005288   0x08005288   0x000003ac   Code   RO         2150    .text.USBD_StdEPReq  usbd_ctlreq.o
    0x08005634   0x08005634   0x000000f4   Code   RO         2148    .text.USBD_StdItfReq  usbd_ctlreq.o
    0x08005728   0x08005728   0x00000886   Code   RO          439    .text.USB_ActivateEndpoint  stm32wbxx_ll_usb.o
    0x08005fae   0x08005fae   0x00000002   PAD
    0x08005fb0   0x08005fb0   0x0000013a   Code   RO          449    .text.USB_EPClearStall  stm32wbxx_ll_usb.o
    0x080060ea   0x080060ea   0x00000002   PAD
    0x080060ec   0x080060ec   0x00000088   Code   RO          447    .text.USB_EPSetStall  stm32wbxx_ll_usb.o
    0x08006174   0x08006174   0x000009da   Code   RO          443    .text.USB_EPStartXfer  stm32wbxx_ll_usb.o
    0x08006b4e   0x08006b4e   0x00000002   PAD
    0x08006b50   0x08006b50   0x0000000c   Code   RO          151    .text.USB_LP_IRQHandler  stm32wbxx_it.o
    0x08006b5c   0x08006b5c   0x00000012   Code   RO          461    .text.USB_ReadInterrupts  stm32wbxx_ll_usb.o
    0x08006b6e   0x08006b6e   0x00000002   PAD
    0x08006b70   0x08006b70   0x00000084   Code   RO          467    .text.USB_ReadPMA   stm32wbxx_ll_usb.o
    0x08006bf4   0x08006bf4   0x00000020   Code   RO          455    .text.USB_SetDevAddress  stm32wbxx_ll_usb.o
    0x08006c14   0x08006c14   0x0000007a   Code   RO          445    .text.USB_WritePMA  stm32wbxx_ll_usb.o
    0x08006c8e   0x08006c8e   0x00000002   PAD
    0x08006c90   0x08006c90   0x00000002   Code   RO          139    .text.UsageFault_Handler  stm32wbxx_it.o
    0x08006c92   0x08006c92   0x00000002   PAD
    0x08006c94   0x08006c94   0x00000030   Code   RO         1438    .text.__NVIC_EnableIRQ  stm32wbxx_hal_cortex.o
    0x08006cc4   0x08006cc4   0x00000010   Code   RO         1430    .text.__NVIC_GetPriorityGrouping  stm32wbxx_hal_cortex.o
    0x08006cd4   0x08006cd4   0x00000042   Code   RO         1432    .text.__NVIC_SetPriority  stm32wbxx_hal_cortex.o
    0x08006d16   0x08006d16   0x00000002   PAD
    0x08006d18   0x08006d18   0x0000003c   Code   RO         1426    .text.__NVIC_SetPriorityGrouping  stm32wbxx_hal_cortex.o
    0x08006d54   0x08006d54   0x00000148   Code   RO         2434    .text.check_fs      ff.o
    0x08006e9c   0x08006e9c   0x0000006c   Code   RO         2356    .text.clmt_clust    ff.o
    0x08006f08   0x08006f08   0x00000036   Code   RO         2350    .text.clst2sect     ff.o
    0x08006f3e   0x08006f3e   0x00000002   PAD
    0x08006f40   0x08006f40   0x000000ec   Code   RO         2440    .text.cmp_lfn       ff.o
    0x0800702c   0x0800702c   0x000001e2   Code   RO         2360    .text.create_chain  ff.o
    0x0800720e   0x0800720e   0x00000002   PAD
    0x08007210   0x08007210   0x00000456   Code   RO         2436    .text.create_name   ff.o
    0x08007666   0x08007666   0x00000002   PAD
    0x08007668   0x08007668   0x00000286   Code   RO         2414    .text.create_partition  ff.o
    0x080078ee   0x080078ee   0x00000002   PAD
    0x080078f0   0x080078f0   0x00000070   Code   RO         2448    .text.dbc_1st       ff.o
    0x08007960   0x08007960   0x0000009e   Code   RO         2458    .text.dbc_2nd       ff.o
    0x080079fe   0x080079fe   0x00000002   PAD
    0x08007a00   0x08007a00   0x000000a2   Code   RO         2410    .text.dir_alloc     ff.o
    0x08007aa2   0x08007aa2   0x00000002   PAD
    0x08007aa4   0x08007aa4   0x000000a0   Code   RO         2400    .text.dir_clear     ff.o
    0x08007b44   0x08007b44   0x000001c2   Code   RO         2438    .text.dir_find      ff.o
    0x08007d06   0x08007d06   0x00000002   PAD
    0x08007d08   0x08007d08   0x0000016a   Code   RO         2384    .text.dir_next      ff.o
    0x08007e72   0x08007e72   0x00000002   PAD
    0x08007e74   0x08007e74   0x00000226   Code   RO         2334    .text.dir_register  ff.o
    0x0800809a   0x0800809a   0x00000002   PAD
    0x0800809c   0x0800809c   0x00000128   Code   RO         2374    .text.dir_sdi       ff.o
    0x080081c4   0x080081c4   0x0000000c   Code   RO         2308    .text.disk_initialize  diskio.o
    0x080081d0   0x080081d0   0x00000078   Code   RO         2314    .text.disk_ioctl    diskio.o
    0x08008248   0x08008248   0x0000003c   Code   RO         2310    .text.disk_read     diskio.o
    0x08008284   0x08008284   0x00000026   Code   RO         2306    .text.disk_status   diskio.o
    0x080082aa   0x080082aa   0x00000002   PAD
    0x080082ac   0x080082ac   0x00000058   Code   RO         2312    .text.disk_write    diskio.o
    0x08008304   0x08008304   0x0000003e   Code   RO         2368    .text.f_close       ff.o
    0x08008342   0x08008342   0x00000002   PAD
    0x08008344   0x08008344   0x000009a6   Code   RO         2412    .text.f_mkfs        ff.o
    0x08008cea   0x08008cea   0x00000002   PAD
    0x08008cec   0x08008cec   0x000000aa   Code   RO         2324    .text.f_mount       ff.o
    0x08008d96   0x08008d96   0x00000002   PAD
    0x08008d98   0x08008d98   0x00000366   Code   RO         2330    .text.f_open        ff.o
    0x080090fe   0x080090fe   0x00000002   PAD
    0x08009100   0x08009100   0x000000ea   Code   RO         2362    .text.f_sync        ff.o
    0x080091ea   0x080091ea   0x00000002   PAD
    0x080091ec   0x080091ec   0x00000316   Code   RO         2358    .text.f_write       ff.o
    0x08009502   0x08009502   0x00000002   PAD
    0x08009504   0x08009504   0x000000d8   Code   RO           13    .text.fatfs_test    main.o
    0x080095dc   0x080095dc   0x000000bc   Code   RO         2491    .text.ff_oem2uni    ffunicode.o
    0x08009698   0x08009698   0x000000c6   Code   RO         2489    .text.ff_uni2oem    ffunicode.o
    0x0800975e   0x0800975e   0x00000002   PAD
    0x08009760   0x08009760   0x00000150   Code   RO         2493    .text.ff_wtoupper   ffunicode.o
    0x080098b0   0x080098b0   0x000000e0   Code   RO         2432    .text.find_volume   ff.o
    0x08009990   0x08009990   0x00000104   Code   RO         2332    .text.follow_path   ff.o
    0x08009a94   0x08009a94   0x0000002a   Code   RO         1903    .text.ftl_convert_sector  nand_ftl.o
    0x08009abe   0x08009abe   0x00000002   PAD
    0x08009ac0   0x08009ac0   0x00000160   Code   RO         1907    .text.ftl_garbage_collect  nand_ftl.o
    0x08009c20   0x08009c20   0x00000118   Code   RO         1905    .text.ftl_init      nand_ftl.o
    0x08009d38   0x08009d38   0x00000020   Code   RO         1915    .text.ftl_is_block_formatted  nand_ftl.o
    0x08009d58   0x08009d58   0x0000001a   Code   RO         1909    .text.ftl_read_block_meta  nand_ftl.o
    0x08009d72   0x08009d72   0x00000002   PAD
    0x08009d74   0x08009d74   0x00000022   Code   RO         1917    .text.ftl_read_page  nand_ftl.o
    0x08009d96   0x08009d96   0x00000002   PAD
    0x08009d98   0x08009d98   0x0000001a   Code   RO         1911    .text.ftl_write_block_meta  nand_ftl.o
    0x08009db2   0x08009db2   0x00000002   PAD
    0x08009db4   0x08009db4   0x00000146   Code   RO         1913    .text.ftl_write_page  nand_ftl.o
    0x08009efa   0x08009efa   0x00000002   PAD
    0x08009efc   0x08009efc   0x0000018e   Code   RO         2444    .text.gen_numname   ff.o
    0x0800a08a   0x0800a08a   0x00000002   PAD
    0x0800a08c   0x0800a08c   0x00000164   Code   RO         2348    .text.get_fat       ff.o
    0x0800a1f0   0x0800a1f0   0x0000000a   Code   RO         1901    .text.get_ftl_obj   nand_ftl.o
    0x0800a1fa   0x0800a1fa   0x00000002   PAD
    0x0800a1fc   0x0800a1fc   0x000000b6   Code   RO         2326    .text.get_ldnumber  ff.o
    0x0800a2b2   0x0800a2b2   0x00000002   PAD
    0x0800a2b4   0x0800a2b4   0x00000036   Code   RO         2338    .text.ld_clust      ff.o
    0x0800a2ea   0x0800a2ea   0x00000002   PAD
    0x0800a2ec   0x0800a2ec   0x00000034   Code   RO         2346    .text.ld_dword      ff.o
    0x0800a320   0x0800a320   0x00000024   Code   RO         2390    .text.ld_word       ff.o
    0x0800a344   0x0800a344   0x0000002c   Code   RO           15    .text.main          main.o
    0x0800a370   0x0800a370   0x00000468   Code   RO         2328    .text.mount_volume  ff.o
    0x0800a7d8   0x0800a7d8   0x0000005e   Code   RO         2344    .text.move_window   ff.o
    0x0800a836   0x0800a836   0x00000002   PAD
    0x0800a838   0x0800a838   0x00000010   Code   RO         1834    .text.nand_flash_OTP_Disable  nand_flash.o
    0x0800a848   0x0800a848   0x0000000a   Code   RO         1830    .text.nand_flash_OTP_Enable  nand_flash.o
    0x0800a852   0x0800a852   0x00000002   PAD
    0x0800a854   0x0800a854   0x00000096   Code   RO         1878    .text.nand_flash_bad_block_check  nand_flash.o
    0x0800a8ea   0x0800a8ea   0x00000002   PAD
    0x0800a8ec   0x0800a8ec   0x000000b4   Code   RO         1836    .text.nand_flash_clear_feature_reg  nand_flash.o
    0x0800a9a0   0x0800a9a0   0x00000068   Code   RO         1856    .text.nand_flash_erase_block  nand_flash.o
    0x0800aa08   0x0800aa08   0x000000d8   Code   RO         1850    .text.nand_flash_get_check_uid  nand_flash.o
    0x0800aae0   0x0800aae0   0x0000008a   Code   RO         1848    .text.nand_flash_get_id  nand_flash.o
    0x0800ab6a   0x0800ab6a   0x00000002   PAD
    0x0800ab6c   0x0800ab6c   0x000000a8   Code   RO         1852    .text.nand_flash_get_param_page  nand_flash.o
    0x0800ac14   0x0800ac14   0x00000060   Code   RO         1888    .text.nand_flash_get_protection_reg  nand_flash.o
    0x0800ac74   0x0800ac74   0x00000066   Code   RO         1840    .text.nand_flash_get_status  nand_flash.o
    0x0800acda   0x0800acda   0x00000002   PAD
    0x0800acdc   0x0800acdc   0x000000e2   Code   RO         1846    .text.nand_flash_initialize  nand_flash.o
    0x0800adbe   0x0800adbe   0x00000002   PAD
    0x0800adc0   0x0800adc0   0x00000090   Code   RO         1874    .text.nand_flash_internal_page_data_move  nand_flash.o
    0x0800ae50   0x0800ae50   0x00000066   Code   RO         1870    .text.nand_flash_page_read  nand_flash.o
    0x0800aeb6   0x0800aeb6   0x00000002   PAD
    0x0800aeb8   0x0800aeb8   0x0000005e   Code   RO         1844    .text.nand_flash_poweronreset  nand_flash.o
    0x0800af16   0x0800af16   0x00000002   PAD
    0x0800af18   0x0800af18   0x00000064   Code   RO         1886    .text.nand_flash_read_feature_reg  nand_flash.o
    0x0800af7c   0x0800af7c   0x0000014a   Code   RO         1868    .text.nand_flash_read_page_from_cache  nand_flash.o
    0x0800b0c6   0x0800b0c6   0x00000002   PAD
    0x0800b0c8   0x0800b0c8   0x00000092   Code   RO         1882    .text.nand_flash_read_page_spare  nand_flash.o
    0x0800b15a   0x0800b15a   0x00000002   PAD
    0x0800b15c   0x0800b15c   0x000000b6   Code   RO         1832    .text.nand_flash_set_feature_reg  nand_flash.o
    0x0800b212   0x0800b212   0x00000002   PAD
    0x0800b214   0x0800b214   0x000000be   Code   RO         1854    .text.nand_flash_set_protection_reg  nand_flash.o
    0x0800b2d2   0x0800b2d2   0x00000002   PAD
    0x0800b2d4   0x0800b2d4   0x00000062   Code   RO         1862    .text.nand_flash_start_program  nand_flash.o
    0x0800b336   0x0800b336   0x00000002   PAD
    0x0800b338   0x0800b338   0x000000f6   Code   RO         1838    .text.nand_flash_status_reg_check_bit  nand_flash.o
    0x0800b42e   0x0800b42e   0x00000002   PAD
    0x0800b430   0x0800b430   0x00000032   Code   RO         1860    .text.nand_flash_write_disable  nand_flash.o
    0x0800b462   0x0800b462   0x00000002   PAD
    0x0800b464   0x0800b464   0x0000005e   Code   RO         1858    .text.nand_flash_write_enable  nand_flash.o
    0x0800b4c2   0x0800b4c2   0x00000002   PAD
    0x0800b4c4   0x0800b4c4   0x000000ba   Code   RO         1864    .text.nand_flash_write_page  nand_flash.o
    0x0800b57e   0x0800b57e   0x00000002   PAD
    0x0800b580   0x0800b580   0x00000084   Code   RO         1884    .text.nand_flash_write_page_spare  nand_flash.o
    0x0800b604   0x0800b604   0x000001ec   Code   RO         2450    .text.put_fat       ff.o
    0x0800b7f0   0x0800b7f0   0x000000d0   Code   RO         2446    .text.put_lfn       ff.o
    0x0800b8c0   0x0800b8c0   0x000000f4   Code   RO         2342    .text.remove_chain  ff.o
    0x0800b9b4   0x0800b9b4   0x00000032   Code   RO         2340    .text.st_clust      ff.o
    0x0800b9e6   0x0800b9e6   0x00000002   PAD
    0x0800b9e8   0x0800b9e8   0x00000044   Code   RO         2336    .text.st_dword      ff.o
    0x0800ba2c   0x0800ba2c   0x0000002c   Code   RO         2364    .text.st_word       ff.o
    0x0800ba58   0x0800ba58   0x0000003e   Code   RO         2442    .text.sum_sfn       ff.o
    0x0800ba96   0x0800ba96   0x00000002   PAD
    0x0800ba98   0x0800ba98   0x000000c4   Code   RO         2366    .text.sync_fs       ff.o
    0x0800bb5c   0x0800bb5c   0x00000074   Code   RO         2452    .text.sync_window   ff.o
    0x0800bbd0   0x0800bbd0   0x00000098   Code   RO         2408    .text.tchar2uni     ff.o
    0x0800bc68   0x0800bc68   0x00000072   Code   RO         2354    .text.validate      ff.o
    0x0800bcda   0x0800bcda   0x0000001a   Code   RO         2681    x$fpl$fpinit        fz_wm.l(fpinit.o)
    0x0800bcf4   0x0800bcf4   0x00000040   Data   RO         1819    .rodata.AHBPrescTable  system_stm32wbxx.o
    0x0800bd34   0x0800bd34   0x0000000a   Data   RO         2480    .rodata.DbcTbl      ff.o
    0x0800bd3e   0x0800bd3e   0x0000000d   Data   RO         2479    .rodata.LfnOfs      ff.o
    0x0800bd4b   0x0800bd4b   0x00000001   PAD
    0x0800bd4c   0x0800bd4c   0x00000040   Data   RO         1821    .rodata.MSIRangeTable  system_stm32wbxx.o
    0x0800bd8c   0x0800bd8c   0x0000000e   Data   RO         2474    .rodata.f_mkfs.cst  ff.o
    0x0800bd9a   0x0800bd9a   0x0000000e   Data   RO         2475    .rodata.f_mkfs.cst32  ff.o
    0x0800bda8   0x0800bda8   0x00000010   Data   RO         2476    .rodata.f_mkfs.defopt  ff.o
    0x0800bdb8   0x0800bdb8   0x000001f2   Data   RO         2497    .rodata.ff_wtoupper.cvt1  ffunicode.o
    0x0800bfaa   0x0800bfaa   0x000000bc   Data   RO         2498    .rodata.ff_wtoupper.cvt2  ffunicode.o
    0x0800c066   0x0800c066   0x00015484   Data   RO         2496    .rodata.oem2uni936  ffunicode.o
    0x080214ea   0x080214ea   0x00000010   Data   RO           74    .rodata.str1.1      main.o
    0x080214fa   0x080214fa   0x00000038   Data   RO         2477    .rodata.str1.1      ff.o
    0x08021532   0x08021532   0x00015484   Data   RO         2495    .rodata.uni2oem936  ffunicode.o
    0x080369b6   0x080369b6   0x00000002   PAD
    0x080369b8   0x080369b8   0x00000020   Data   RO         2742    Region$$Table       anon$$obj.o


    Execution Region RW_IRAM1 (Exec base: 0x20000008, Load base: 0x080369d8, Size: 0x000047e0, Max: 0x00007ff8, ABSOLUTE)

    Exec Addr    Load Addr    Size         Type   Attr      Idx    E Section Name        Object

    0x20000008   0x080369d8   0x00000001   Data   RW         1892    .data.DID1          nand_flash.o
    0x20000009   0x080369d9   0x00000001   Data   RW         1891    .data.MID           nand_flash.o
    0x2000000a   0x080369da   0x00000002   PAD
    0x2000000c   0x080369dc   0x00000004   Data   RW         1818    .data.SystemCoreClock  system_stm32wbxx.o
    0x20000010   0x080369e0   0x00000009   Data   RW           72    .data.filepatah     main.o
    0x20000019   0x080369e9   0x00000001   Data   RW         1650    .data.uwTickFreq    stm32wbxx_hal.o
    0x2000001a   0x080369ea   0x00000002   PAD
    0x2000001c   0x080369ec   0x00000004   Data   RW         1649    .data.uwTickPrio    stm32wbxx_hal.o
    0x20000020        -       0x00000060   Zero   RW         2609    .bss                c_w.l(libspace.o)
    0x20000080        -       0x00000004   Zero   RW         2472    .bss.FatFs          ff.o
    0x20000084        -       0x00000002   Zero   RW         2478    .bss.Fsid           ff.o
    0x20000086        -       0x00000001   Zero   RW         2160    .bss.USBD_SetConfig.cfgidx  usbd_ctlreq.o
    0x20000087   0x080369f0   0x00000001   PAD
    0x20000088        -       0x0000082c   Zero   RW           76    .bss.file           main.o
    0x200008b4        -       0x00000800   Zero   RW           75    .bss.formatWorkBuff  main.o
    0x200010b4        -       0x00000838   Zero   RW           73    .bss.fs             main.o
    0x200018ec        -       0x000018d4   Zero   RW         1919    .bss.ftl            nand_ftl.o
    0x200031c0        -       0x00000060   Zero   RW          123    .bss.hdma_quadspi   quadspi.o
    0x20003220        -       0x000002dc   Zero   RW         2003    .bss.hpcd_USB_FS    usbd_conf.o
    0x200034fc        -       0x00000044   Zero   RW          122    .bss.hqspi          quadspi.o
    0x20003540        -       0x000000a0   Zero   RW         1890    .bss.nand_flash_info_buff  nand_flash.o
    0x200035e0        -       0x00000004   Zero   RW           77    .bss.resbyte        main.o
    0x200035e4        -       0x00000800   Zero   RW         1893    .bss.temp           nand_flash.o
    0x20003de4        -       0x00000004   Zero   RW         1651    .bss.uwTick         stm32wbxx_hal.o
    0x20003de8        -       0x00000200   Zero   RW            2    HEAP                startup_stm32wb35xx_cm4.o
    0x20003fe8        -       0x00000800   Zero   RW            1    STACK               startup_stm32wb35xx_cm4.o


    Execution Region RW_RAM_SHARED (Exec base: 0x20030000, Load base: 0x080369f0, Size: 0x00000000, Max: 0x00002800, ABSOLUTE)

    **** No section assigned to this execution region ****


==============================================================================

Image component sizes


      Code (inc. data)   RO Data    RW Data    ZI Data      Debug   Object Name

       318          6          0          0          0       1888   diskio.o
        70          0          0          0          0       3774   dma.o
     14340          0        123          0          6      39765   ff.o
       722         10     175030          0          0       2042   ffunicode.o
        48          0          0          0          0       2293   gpio.o
      1070          0         16          9       6248       7936   main.o
      3500          0          0          2       2208       9516   nand_flash.o
      1128          0          0          0       6356       3628   nand_ftl.o
       382          0          0          0        164       7848   quadspi.o
        64         26        316          0       2560        812   startup_stm32wb35xx_cm4.o
       298          0          0          5          4      14176   stm32wbxx_hal.o
       478          0          0          0          0       8900   stm32wbxx_hal_cortex.o
      1406          0          0          0          0       7609   stm32wbxx_hal_dma.o
       786          0          0          0          0       4866   stm32wbxx_hal_gpio.o
         2          0          0          0          0        344   stm32wbxx_hal_msp.o
      5540          0          0          0          0      13603   stm32wbxx_hal_pcd.o
      4664          0          0          0          0      14659   stm32wbxx_hal_qspi.o
       452          0          0          0          0      17140   stm32wbxx_hal_rcc.o
        56          0          0          0          0       6460   stm32wbxx_it.o
      5458          4          0          0          0      10760   stm32wbxx_ll_usb.o
        20          0          0          0          0       9693   stm32wbxx_ll_utils.o
       118          0        128          4          0       3372   system_stm32wbxx.o
       948          4          0          0        732      15683   usbd_conf.o
      1444          0          0          0          0       8905   usbd_core.o
      3228         46          0          0          1       8560   usbd_ctlreq.o
       178          0          0          0          0       4141   usbd_ioreq.o

    ----------------------------------------------------------------------
     47002         96     175648         24      18280     228373   Object Totals
         0          0         32          0          0          0   (incl. Generated)
       284          0          3          4          1          0   (incl. Padding)

    ----------------------------------------------------------------------

      Code (inc. data)   RO Data    RW Data    ZI Data      Debug   Library Member Name

         8          0          0          0          0         68   __main.o
         0          0          0          0          0          0   __rtentry.o
        12          0          0          0          0          0   __rtentry2.o
         6          0          0          0          0          0   __rtentry4.o
        52          8          0          0          0          0   __scatter.o
        26          0          0          0          0          0   __scatter_copy.o
        28          0          0          0          0          0   __scatter_zi.o
        18          0          0          0          0         80   exit.o
         6          0          0          0          0        152   heapauxi.o
         0          0          0          0          0          0   indicate_semi.o
         2          0          0          0          0          0   libinit.o
         6          0          0          0          0          0   libinit2.o
         2          0          0          0          0          0   libshutdown.o
         2          0          0          0          0          0   libshutdown2.o
         8          4          0          0         96         68   libspace.o
        88          0          0          0          0         76   memcmp.o
        68          0          0          0          0         68   rt_memclr.o
        78          0          0          0          0         80   rt_memclr_w.o
       138          0          0          0          0         68   rt_memcpy_v6.o
       100          0          0          0          0         80   rt_memcpy_w.o
       132          0          0          0          0         68   rt_memmove_v6.o
       122          0          0          0          0         80   rt_memmove_w.o
         2          0          0          0          0          0   rtexit.o
        10          0          0          0          0          0   rtexit2.o
        20          0          0          0          0         68   strchr.o
        12          4          0          0          0         68   sys_exit.o
        74          0          0          0          0         80   sys_stackheap_outer.o
         2          0          0          0          0         68   use_no_semi.o
        26          0          0          0          0        116   fpinit.o

    ----------------------------------------------------------------------
      1054         16          0          0         96       1288   Library Totals
         6          0          0          0          0          0   (incl. Padding)

    ----------------------------------------------------------------------

      Code (inc. data)   RO Data    RW Data    ZI Data      Debug   Library Name

      1022         16          0          0         96       1172   c_w.l
        26          0          0          0          0        116   fz_wm.l

    ----------------------------------------------------------------------
      1054         16          0          0         96       1288   Library Totals

    ----------------------------------------------------------------------

==============================================================================


      Code (inc. data)   RO Data    RW Data    ZI Data      Debug   

     48056        112     175648         24      18376     228609   Grand Totals
     48056        112     175648         24      18376     228609   ELF Image Totals
     48056        112     175648         24          0          0   ROM Totals

==============================================================================

    Total RO  Size (Code + RO Data)               223704 ( 218.46kB)
    Total RW  Size (RW Data + ZI Data)             18400 (  17.97kB)
    Total ROM Size (Code + RO Data + RW Data)     223728 ( 218.48kB)

==============================================================================

